edges
| mock-rule-19-keylogging-silent-surveillance.ts:4:11:4:16 | folder | mock-rule-19-keylogging-silent-surveillance.ts:5:48:5:53 | folder | provenance |  |
| mock-rule-19-keylogging-silent-surveillance.ts:4:20:4:58 | await j ... older() | mock-rule-19-keylogging-silent-surveillance.ts:4:11:4:16 | folder | provenance |  |
| mock-rule-19-keylogging-silent-surveillance.ts:4:26:4:58 | joplin. ... older() | mock-rule-19-keylogging-silent-surveillance.ts:4:20:4:58 | await j ... older() | provenance |  |
| mock-rule-19-keylogging-silent-surveillance.ts:5:48:5:53 | folder | mock-rule-19-keylogging-silent-surveillance.ts:5:11:5:56 | 'https: ... lder.id | provenance |  |
| mock-rule-19-keylogging-silent-surveillance.ts:9:43:9:47 | event | mock-rule-19-keylogging-silent-surveillance.ts:10:53:10:57 | event | provenance |  |
| mock-rule-19-keylogging-silent-surveillance.ts:10:53:10:57 | event | mock-rule-19-keylogging-silent-surveillance.ts:10:15:10:65 | 'https: ... note.id | provenance |  |
| mock-rule-19-keylogging-silent-surveillance.ts:17:31:17:35 | event | mock-rule-19-keylogging-silent-surveillance.ts:18:54:18:58 | event | provenance |  |
| mock-rule-19-keylogging-silent-surveillance.ts:18:54:18:58 | event | mock-rule-19-keylogging-silent-surveillance.ts:18:15:18:63 | 'https: ... nt.keys | provenance |  |
| mock-rule-19-keylogging-silent-surveillance.ts:21:51:21:55 | event | mock-rule-19-keylogging-silent-surveillance.ts:22:67:22:71 | event | provenance |  |
| mock-rule-19-keylogging-silent-surveillance.ts:22:52:22:72 | JSON.st ... (event) | mock-rule-19-keylogging-silent-surveillance.ts:22:15:22:72 | 'https: ... (event) | provenance |  |
| mock-rule-19-keylogging-silent-surveillance.ts:22:67:22:71 | event | mock-rule-19-keylogging-silent-surveillance.ts:22:52:22:72 | JSON.st ... (event) | provenance |  |
| mock-rule-19-keylogging-silent-surveillance.ts:26:50:26:54 | event | mock-rule-19-keylogging-silent-surveillance.ts:27:52:27:56 | event | provenance |  |
| mock-rule-19-keylogging-silent-surveillance.ts:27:52:27:56 | event | mock-rule-19-keylogging-silent-surveillance.ts:27:15:27:64 | 'https: ... newBody | provenance |  |
| mock-rule-19-keylogging-silent-surveillance.ts:31:15:31:18 | note | mock-rule-19-keylogging-silent-surveillance.ts:32:60:32:63 | note | provenance |  |
| mock-rule-19-keylogging-silent-surveillance.ts:31:22:31:58 | await j ... dNote() | mock-rule-19-keylogging-silent-surveillance.ts:31:15:31:18 | note | provenance |  |
| mock-rule-19-keylogging-silent-surveillance.ts:31:28:31:58 | joplin. ... dNote() | mock-rule-19-keylogging-silent-surveillance.ts:31:22:31:58 | await j ... dNote() | provenance |  |
| mock-rule-19-keylogging-silent-surveillance.ts:32:60:32:63 | note | mock-rule-19-keylogging-silent-surveillance.ts:32:25:32:66 | 'https: ... note.id | provenance |  |
| mock-rule-19-keylogging-silent-surveillance.ts:37:19:37:25 | results | mock-rule-19-keylogging-silent-surveillance.ts:38:56:38:62 | results | provenance |  |
| mock-rule-19-keylogging-silent-surveillance.ts:37:29:37:84 | await j ... ord' }) | mock-rule-19-keylogging-silent-surveillance.ts:37:19:37:25 | results | provenance |  |
| mock-rule-19-keylogging-silent-surveillance.ts:37:35:37:84 | joplin. ... ord' }) | mock-rule-19-keylogging-silent-surveillance.ts:37:29:37:84 | await j ... ord' }) | provenance |  |
| mock-rule-19-keylogging-silent-surveillance.ts:38:56:38:62 | results | mock-rule-19-keylogging-silent-surveillance.ts:38:19:38:75 | 'https: ... .length | provenance |  |
| mock-rule-19-keylogging-silent-surveillance.ts:41:35:41:39 | event | mock-rule-19-keylogging-silent-surveillance.ts:42:60:42:64 | event | provenance |  |
| mock-rule-19-keylogging-silent-surveillance.ts:42:60:42:64 | event | mock-rule-19-keylogging-silent-surveillance.ts:42:19:42:71 | 'https: ... .noteId | provenance |  |
| mock-rule-19-keylogging-silent-surveillance.ts:47:43:47:47 | event | mock-rule-19-keylogging-silent-surveillance.ts:48:49:48:53 | event | provenance |  |
| mock-rule-19-keylogging-silent-surveillance.ts:48:49:48:53 | event | mock-rule-19-keylogging-silent-surveillance.ts:48:15:48:57 | 'https: ... ent.key | provenance |  |
| mock-rule-19-keylogging-silent-surveillance.ts:51:41:51:45 | event | mock-rule-19-keylogging-silent-surveillance.ts:52:52:52:56 | event | provenance |  |
| mock-rule-19-keylogging-silent-surveillance.ts:52:52:52:56 | event | mock-rule-19-keylogging-silent-surveillance.ts:52:15:52:90 | 'https: ... ).value | provenance |  |
nodes
| mock-rule-19-keylogging-silent-surveillance.ts:4:11:4:16 | folder | semmle.label | folder |
| mock-rule-19-keylogging-silent-surveillance.ts:4:20:4:58 | await j ... older() | semmle.label | await j ... older() |
| mock-rule-19-keylogging-silent-surveillance.ts:4:26:4:58 | joplin. ... older() | semmle.label | joplin. ... older() |
| mock-rule-19-keylogging-silent-surveillance.ts:5:11:5:56 | 'https: ... lder.id | semmle.label | 'https: ... lder.id |
| mock-rule-19-keylogging-silent-surveillance.ts:5:48:5:53 | folder | semmle.label | folder |
| mock-rule-19-keylogging-silent-surveillance.ts:9:43:9:47 | event | semmle.label | event |
| mock-rule-19-keylogging-silent-surveillance.ts:10:15:10:65 | 'https: ... note.id | semmle.label | 'https: ... note.id |
| mock-rule-19-keylogging-silent-surveillance.ts:10:53:10:57 | event | semmle.label | event |
| mock-rule-19-keylogging-silent-surveillance.ts:17:31:17:35 | event | semmle.label | event |
| mock-rule-19-keylogging-silent-surveillance.ts:18:15:18:63 | 'https: ... nt.keys | semmle.label | 'https: ... nt.keys |
| mock-rule-19-keylogging-silent-surveillance.ts:18:54:18:58 | event | semmle.label | event |
| mock-rule-19-keylogging-silent-surveillance.ts:21:51:21:55 | event | semmle.label | event |
| mock-rule-19-keylogging-silent-surveillance.ts:22:15:22:72 | 'https: ... (event) | semmle.label | 'https: ... (event) |
| mock-rule-19-keylogging-silent-surveillance.ts:22:52:22:72 | JSON.st ... (event) | semmle.label | JSON.st ... (event) |
| mock-rule-19-keylogging-silent-surveillance.ts:22:67:22:71 | event | semmle.label | event |
| mock-rule-19-keylogging-silent-surveillance.ts:26:50:26:54 | event | semmle.label | event |
| mock-rule-19-keylogging-silent-surveillance.ts:27:15:27:64 | 'https: ... newBody | semmle.label | 'https: ... newBody |
| mock-rule-19-keylogging-silent-surveillance.ts:27:52:27:56 | event | semmle.label | event |
| mock-rule-19-keylogging-silent-surveillance.ts:31:15:31:18 | note | semmle.label | note |
| mock-rule-19-keylogging-silent-surveillance.ts:31:22:31:58 | await j ... dNote() | semmle.label | await j ... dNote() |
| mock-rule-19-keylogging-silent-surveillance.ts:31:28:31:58 | joplin. ... dNote() | semmle.label | joplin. ... dNote() |
| mock-rule-19-keylogging-silent-surveillance.ts:32:25:32:66 | 'https: ... note.id | semmle.label | 'https: ... note.id |
| mock-rule-19-keylogging-silent-surveillance.ts:32:60:32:63 | note | semmle.label | note |
| mock-rule-19-keylogging-silent-surveillance.ts:37:19:37:25 | results | semmle.label | results |
| mock-rule-19-keylogging-silent-surveillance.ts:37:29:37:84 | await j ... ord' }) | semmle.label | await j ... ord' }) |
| mock-rule-19-keylogging-silent-surveillance.ts:37:35:37:84 | joplin. ... ord' }) | semmle.label | joplin. ... ord' }) |
| mock-rule-19-keylogging-silent-surveillance.ts:38:19:38:75 | 'https: ... .length | semmle.label | 'https: ... .length |
| mock-rule-19-keylogging-silent-surveillance.ts:38:56:38:62 | results | semmle.label | results |
| mock-rule-19-keylogging-silent-surveillance.ts:41:35:41:39 | event | semmle.label | event |
| mock-rule-19-keylogging-silent-surveillance.ts:42:19:42:71 | 'https: ... .noteId | semmle.label | 'https: ... .noteId |
| mock-rule-19-keylogging-silent-surveillance.ts:42:60:42:64 | event | semmle.label | event |
| mock-rule-19-keylogging-silent-surveillance.ts:47:43:47:47 | event | semmle.label | event |
| mock-rule-19-keylogging-silent-surveillance.ts:48:15:48:57 | 'https: ... ent.key | semmle.label | 'https: ... ent.key |
| mock-rule-19-keylogging-silent-surveillance.ts:48:49:48:53 | event | semmle.label | event |
| mock-rule-19-keylogging-silent-surveillance.ts:51:41:51:45 | event | semmle.label | event |
| mock-rule-19-keylogging-silent-surveillance.ts:52:15:52:90 | 'https: ... ).value | semmle.label | 'https: ... ).value |
| mock-rule-19-keylogging-silent-surveillance.ts:52:52:52:56 | event | semmle.label | event |
subpaths
#select
| mock-rule-19-keylogging-silent-surveillance.ts:5:11:5:56 | 'https: ... lder.id | mock-rule-19-keylogging-silent-surveillance.ts:4:26:4:58 | joplin. ... older() | mock-rule-19-keylogging-silent-surveillance.ts:5:11:5:56 | 'https: ... lder.id | Silent Surveillance / Keylogging: Live keyboard, input, Joplin activity, or data captured during an event is flowing to a network request. Verify that this collection and transmission is explicitly disclosed and authorized by the user. |
| mock-rule-19-keylogging-silent-surveillance.ts:10:15:10:65 | 'https: ... note.id | mock-rule-19-keylogging-silent-surveillance.ts:9:43:9:47 | event | mock-rule-19-keylogging-silent-surveillance.ts:10:15:10:65 | 'https: ... note.id | Silent Surveillance / Keylogging: Live keyboard, input, Joplin activity, or data captured during an event is flowing to a network request. Verify that this collection and transmission is explicitly disclosed and authorized by the user. |
| mock-rule-19-keylogging-silent-surveillance.ts:18:15:18:63 | 'https: ... nt.keys | mock-rule-19-keylogging-silent-surveillance.ts:17:31:17:35 | event | mock-rule-19-keylogging-silent-surveillance.ts:18:15:18:63 | 'https: ... nt.keys | Silent Surveillance / Keylogging: Live keyboard, input, Joplin activity, or data captured during an event is flowing to a network request. Verify that this collection and transmission is explicitly disclosed and authorized by the user. |
| mock-rule-19-keylogging-silent-surveillance.ts:22:15:22:72 | 'https: ... (event) | mock-rule-19-keylogging-silent-surveillance.ts:21:51:21:55 | event | mock-rule-19-keylogging-silent-surveillance.ts:22:15:22:72 | 'https: ... (event) | Silent Surveillance / Keylogging: Live keyboard, input, Joplin activity, or data captured during an event is flowing to a network request. Verify that this collection and transmission is explicitly disclosed and authorized by the user. |
| mock-rule-19-keylogging-silent-surveillance.ts:27:15:27:64 | 'https: ... newBody | mock-rule-19-keylogging-silent-surveillance.ts:26:50:26:54 | event | mock-rule-19-keylogging-silent-surveillance.ts:27:15:27:64 | 'https: ... newBody | Silent Surveillance / Keylogging: Live keyboard, input, Joplin activity, or data captured during an event is flowing to a network request. Verify that this collection and transmission is explicitly disclosed and authorized by the user. |
| mock-rule-19-keylogging-silent-surveillance.ts:32:25:32:66 | 'https: ... note.id | mock-rule-19-keylogging-silent-surveillance.ts:31:28:31:58 | joplin. ... dNote() | mock-rule-19-keylogging-silent-surveillance.ts:32:25:32:66 | 'https: ... note.id | Silent Surveillance / Keylogging: Live keyboard, input, Joplin activity, or data captured during an event is flowing to a network request. Verify that this collection and transmission is explicitly disclosed and authorized by the user. |
| mock-rule-19-keylogging-silent-surveillance.ts:38:19:38:75 | 'https: ... .length | mock-rule-19-keylogging-silent-surveillance.ts:37:35:37:84 | joplin. ... ord' }) | mock-rule-19-keylogging-silent-surveillance.ts:38:19:38:75 | 'https: ... .length | Silent Surveillance / Keylogging: Live keyboard, input, Joplin activity, or data captured during an event is flowing to a network request. Verify that this collection and transmission is explicitly disclosed and authorized by the user. |
| mock-rule-19-keylogging-silent-surveillance.ts:42:19:42:71 | 'https: ... .noteId | mock-rule-19-keylogging-silent-surveillance.ts:41:35:41:39 | event | mock-rule-19-keylogging-silent-surveillance.ts:42:19:42:71 | 'https: ... .noteId | Silent Surveillance / Keylogging: Live keyboard, input, Joplin activity, or data captured during an event is flowing to a network request. Verify that this collection and transmission is explicitly disclosed and authorized by the user. |
| mock-rule-19-keylogging-silent-surveillance.ts:48:15:48:57 | 'https: ... ent.key | mock-rule-19-keylogging-silent-surveillance.ts:47:43:47:47 | event | mock-rule-19-keylogging-silent-surveillance.ts:48:15:48:57 | 'https: ... ent.key | Silent Surveillance / Keylogging: Live keyboard, input, Joplin activity, or data captured during an event is flowing to a network request. Verify that this collection and transmission is explicitly disclosed and authorized by the user. |
| mock-rule-19-keylogging-silent-surveillance.ts:52:15:52:90 | 'https: ... ).value | mock-rule-19-keylogging-silent-surveillance.ts:51:41:51:45 | event | mock-rule-19-keylogging-silent-surveillance.ts:52:15:52:90 | 'https: ... ).value | Silent Surveillance / Keylogging: Live keyboard, input, Joplin activity, or data captured during an event is flowing to a network request. Verify that this collection and transmission is explicitly disclosed and authorized by the user. |
