| mock-rule-16b-unauthorized-electron-api-usage.ts:7:8:7:20 | * as electron | Unauthorized Native API Usage: The plugin is importing the raw `electron` module directly. \\n**Reviewer Action:** Direct Electron API usage bypasses Joplin's sanctioned architecture. Verify which property is being accessed (e.g., clipboard, dialog). Instruct the developer to use the equivalent official Joplin API (e.g., `joplin.clipboard`) instead. |
| mock-rule-16b-unauthorized-electron-api-usage.ts:9:13:9:24 | electron.app | Unauthorized Native API Usage: The plugin is importing the raw `electron` module directly. \\n**Reviewer Action:** Direct Electron API usage bypasses Joplin's sanctioned architecture. Verify which property is being accessed (e.g., clipboard, dialog). Instruct the developer to use the equivalent official Joplin API (e.g., `joplin.clipboard`) instead. |
| mock-rule-16b-unauthorized-electron-api-usage.ts:12:25:12:43 | require('electron') | Unauthorized Native API Usage: The plugin is importing the raw `electron` module directly. \\n**Reviewer Action:** Direct Electron API usage bypasses Joplin's sanctioned architecture. Verify which property is being accessed (e.g., clipboard, dialog). Instruct the developer to use the equivalent official Joplin API (e.g., `joplin.clipboard`) instead. |
| mock-rule-16b-unauthorized-electron-api-usage.ts:13:9:13:33 | electro ... rWindow | Unauthorized Native API Usage: The plugin is importing the raw `electron` module directly. \\n**Reviewer Action:** Direct Electron API usage bypasses Joplin's sanctioned architecture. Verify which property is being accessed (e.g., clipboard, dialog). Instruct the developer to use the equivalent official Joplin API (e.g., `joplin.clipboard`) instead. |
| mock-rule-16b-unauthorized-electron-api-usage.ts:14:5:14:22 | electronRaw.dialog | Unauthorized Native API Usage: The plugin is importing the raw `electron` module directly. \\n**Reviewer Action:** Direct Electron API usage bypasses Joplin's sanctioned architecture. Verify which property is being accessed (e.g., clipboard, dialog). Instruct the developer to use the equivalent official Joplin API (e.g., `joplin.clipboard`) instead. |
| mock-rule-16b-unauthorized-electron-api-usage.ts:15:5:15:19 | electronRaw.app | Unauthorized Native API Usage: The plugin is importing the raw `electron` module directly. \\n**Reviewer Action:** Direct Electron API usage bypasses Joplin's sanctioned architecture. Verify which property is being accessed (e.g., clipboard, dialog). Instruct the developer to use the equivalent official Joplin API (e.g., `joplin.clipboard`) instead. |
| mock-rule-16b-unauthorized-electron-api-usage.ts:16:5:16:25 | electro ... ipboard | Unauthorized Native API Usage: The plugin is importing the raw `electron` module directly. \\n**Reviewer Action:** Direct Electron API usage bypasses Joplin's sanctioned architecture. Verify which property is being accessed (e.g., clipboard, dialog). Instruct the developer to use the equivalent official Joplin API (e.g., `joplin.clipboard`) instead. |
| mock-rule-16b-unauthorized-electron-api-usage.ts:17:5:17:21 | electronRaw.shell | Unauthorized Native API Usage: The plugin is importing the raw `electron` module directly. \\n**Reviewer Action:** Direct Electron API usage bypasses Joplin's sanctioned architecture. Verify which property is being accessed (e.g., clipboard, dialog). Instruct the developer to use the equivalent official Joplin API (e.g., `joplin.clipboard`) instead. |
| mock-rule-16b-unauthorized-electron-api-usage.ts:18:5:18:27 | electro ... enderer | Unauthorized Native API Usage: The plugin is importing the raw `electron` module directly. \\n**Reviewer Action:** Direct Electron API usage bypasses Joplin's sanctioned architecture. Verify which property is being accessed (e.g., clipboard, dialog). Instruct the developer to use the equivalent official Joplin API (e.g., `joplin.clipboard`) instead. |
