| mock-rule-16b-unauthorized-electron-api-usage.ts:3:5:3:17 | BrowserWindow | Unauthorized Native API Usage: The plugin accesses the runtime Electron API directly. Use Joplin panels or dialogs instead of creating native Electron windows. |
| mock-rule-16b-unauthorized-electron-api-usage.ts:4:5:4:7 | app | Unauthorized Native API Usage: The plugin accesses the runtime Electron API directly. Use supported Joplin APIs such as `joplin.plugins.dataDir()` instead of Electron application paths. |
| mock-rule-16b-unauthorized-electron-api-usage.ts:5:5:5:13 | clipboard | Unauthorized Native API Usage: The plugin accesses the runtime Electron API directly. Use the `joplin.clipboard` API instead of `electron.clipboard`. |
| mock-rule-16b-unauthorized-electron-api-usage.ts:6:5:6:19 | desktopCapturer | Unauthorized Native API Usage: The plugin accesses the runtime Electron API directly. This Electron API can monitor global input or capture desktop content outside Joplin. |
| mock-rule-16b-unauthorized-electron-api-usage.ts:7:5:7:10 | dialog | Unauthorized Native API Usage: The plugin accesses the runtime Electron API directly. Use `joplin.views.dialogs` instead of `electron.dialog`. |
| mock-rule-16b-unauthorized-electron-api-usage.ts:8:5:8:18 | globalShortcut | Unauthorized Native API Usage: The plugin accesses the runtime Electron API directly. This Electron API can monitor global input or capture desktop content outside Joplin. |
| mock-rule-16b-unauthorized-electron-api-usage.ts:9:5:9:11 | ipcMain | Unauthorized Native API Usage: The plugin accesses the runtime Electron API directly. Direct Electron IPC bypasses Joplin's plugin messaging boundary. |
| mock-rule-16b-unauthorized-electron-api-usage.ts:10:5:10:15 | ipcRenderer | Unauthorized Native API Usage: The plugin accesses the runtime Electron API directly. Direct Electron IPC bypasses Joplin's plugin messaging boundary. |
| mock-rule-16b-unauthorized-electron-api-usage.ts:11:5:11:15 | nativeImage | Unauthorized Native API Usage: The plugin accesses the runtime Electron API directly. Raw `electron.nativeImage` access is unsupported and must be reviewed for an equivalent Joplin API. |
| mock-rule-16b-unauthorized-electron-api-usage.ts:12:5:12:7 | net | Unauthorized Native API Usage: The plugin accesses the runtime Electron API directly. This Electron networking or web-session API can bypass Joplin's managed application boundary. |
| mock-rule-16b-unauthorized-electron-api-usage.ts:13:5:13:12 | protocol | Unauthorized Native API Usage: The plugin accesses the runtime Electron API directly. This Electron networking or web-session API can bypass Joplin's managed application boundary. |
| mock-rule-16b-unauthorized-electron-api-usage.ts:14:5:14:15 | safeStorage | Unauthorized Native API Usage: The plugin accesses the runtime Electron API directly. This Electron API exposes privileged native storage or process capabilities outside the Joplin plugin API. |
| mock-rule-16b-unauthorized-electron-api-usage.ts:15:5:15:10 | screen | Unauthorized Native API Usage: The plugin accesses the runtime Electron API directly. Direct display enumeration through `electron.screen` is outside the Joplin plugin API. |
| mock-rule-16b-unauthorized-electron-api-usage.ts:16:5:16:11 | session | Unauthorized Native API Usage: The plugin accesses the runtime Electron API directly. This Electron networking or web-session API can bypass Joplin's managed application boundary. |
| mock-rule-16b-unauthorized-electron-api-usage.ts:17:5:17:9 | shell | Unauthorized Native API Usage: The plugin accesses the runtime Electron API directly. Use Joplin's supported link handling instead of `electron.shell`. |
| mock-rule-16b-unauthorized-electron-api-usage.ts:18:5:18:18 | utilityProcess | Unauthorized Native API Usage: The plugin accesses the runtime Electron API directly. This Electron API exposes privileged native storage or process capabilities outside the Joplin plugin API. |
| mock-rule-16b-unauthorized-electron-api-usage.ts:19:5:19:15 | webContents | Unauthorized Native API Usage: The plugin accesses the runtime Electron API directly. This Electron networking or web-session API can bypass Joplin's managed application boundary. |
| mock-rule-16b-unauthorized-electron-api-usage.ts:21:10:21:31 | session ... Session | Unauthorized Native API Usage: The plugin accesses the runtime Electron API directly. This Electron networking or web-session API can bypass Joplin's managed application boundary. |
| mock-rule-16b-unauthorized-electron-api-usage.ts:44:5:44:35 | rendere ... derer'] | Unauthorized Native API Usage: The plugin accesses the runtime Electron API directly. Direct Electron IPC bypasses Joplin's plugin messaging boundary. |
| mock-rule-16b-unauthorized-electron-api-usage.ts:46:5:46:38 | window. ... session | Unauthorized Native API Usage: The plugin accesses the runtime Electron API directly. This Electron networking or web-session API can bypass Joplin's managed application boundary. |
