edges
| mock-rule-15-semantic-integrity-sabotage-gaslighting.ts:10:51:10:55 | event | mock-rule-15-semantic-integrity-sabotage-gaslighting.ts:11:41:11:45 | event | provenance |  |
| mock-rule-15-semantic-integrity-sabotage-gaslighting.ts:11:41:11:45 | event | mock-rule-15-semantic-integrity-sabotage-gaslighting.ts:11:31:11:46 | ['notes', event] | provenance |  |
| mock-rule-15-semantic-integrity-sabotage-gaslighting.ts:14:42:14:46 | event | mock-rule-15-semantic-integrity-sabotage-gaslighting.ts:15:44:15:48 | event | provenance |  |
| mock-rule-15-semantic-integrity-sabotage-gaslighting.ts:15:44:15:48 | event | mock-rule-15-semantic-integrity-sabotage-gaslighting.ts:15:34:15:49 | ['notes', event] | provenance |  |
nodes
| mock-rule-15-semantic-integrity-sabotage-gaslighting.ts:10:51:10:55 | event | semmle.label | event |
| mock-rule-15-semantic-integrity-sabotage-gaslighting.ts:11:31:11:46 | ['notes', event] | semmle.label | ['notes', event] |
| mock-rule-15-semantic-integrity-sabotage-gaslighting.ts:11:41:11:45 | event | semmle.label | event |
| mock-rule-15-semantic-integrity-sabotage-gaslighting.ts:14:42:14:46 | event | semmle.label | event |
| mock-rule-15-semantic-integrity-sabotage-gaslighting.ts:15:34:15:49 | ['notes', event] | semmle.label | ['notes', event] |
| mock-rule-15-semantic-integrity-sabotage-gaslighting.ts:15:44:15:48 | event | semmle.label | event |
subpaths
#select
| mock-rule-15-semantic-integrity-sabotage-gaslighting.ts:11:31:11:46 | ['notes', event] | mock-rule-15-semantic-integrity-sabotage-gaslighting.ts:10:51:10:55 | event | mock-rule-15-semantic-integrity-sabotage-gaslighting.ts:11:31:11:46 | ['notes', event] | Semantic Sabotage: The plugin is silently modifying or deleting notes directly inside a workspace event hook (like `onNoteSelectionChange`). \\n**Reviewer Action:** Modifying a note the exact moment a user clicks on it is highly suspicious and mimics "gaslighting" malware. Ensure these modifications are expected, visible formatting changes (like an auto-linter), not destructive silent edits. |
| mock-rule-15-semantic-integrity-sabotage-gaslighting.ts:15:34:15:49 | ['notes', event] | mock-rule-15-semantic-integrity-sabotage-gaslighting.ts:14:42:14:46 | event | mock-rule-15-semantic-integrity-sabotage-gaslighting.ts:15:34:15:49 | ['notes', event] | Semantic Sabotage: The plugin is silently modifying or deleting notes directly inside a workspace event hook (like `onNoteSelectionChange`). \\n**Reviewer Action:** Modifying a note the exact moment a user clicks on it is highly suspicious and mimics "gaslighting" malware. Ensure these modifications are expected, visible formatting changes (like an auto-linter), not destructive silent edits. |
