edges
| mock-rule-04-network-backdoor.ts:14:11:14:19 | netServer | mock-rule-04-network-backdoor.ts:15:5:15:13 | netServer | provenance |  |
| mock-rule-04-network-backdoor.ts:14:23:14:40 | net.createServer() | mock-rule-04-network-backdoor.ts:14:11:14:19 | netServer | provenance |  |
| mock-rule-04-network-backdoor.ts:17:11:17:20 | httpServer | mock-rule-04-network-backdoor.ts:18:5:18:14 | httpServer | provenance |  |
| mock-rule-04-network-backdoor.ts:17:24:17:42 | http.createServer() | mock-rule-04-network-backdoor.ts:17:11:17:20 | httpServer | provenance |  |
| mock-rule-04-network-backdoor.ts:20:11:20:21 | httpsServer | mock-rule-04-network-backdoor.ts:21:5:21:15 | httpsServer | provenance |  |
| mock-rule-04-network-backdoor.ts:20:25:20:44 | https.createServer() | mock-rule-04-network-backdoor.ts:20:11:20:21 | httpsServer | provenance |  |
| mock-rule-04-network-backdoor.ts:23:11:23:19 | tlsServer | mock-rule-04-network-backdoor.ts:24:5:24:13 | tlsServer | provenance |  |
| mock-rule-04-network-backdoor.ts:23:23:23:40 | tls.createServer() | mock-rule-04-network-backdoor.ts:23:11:23:19 | tlsServer | provenance |  |
| mock-rule-04-network-backdoor.ts:26:11:26:19 | udpSocket | mock-rule-04-network-backdoor.ts:27:5:27:13 | udpSocket | provenance |  |
| mock-rule-04-network-backdoor.ts:26:23:26:48 | dgram.c ... 'udp4') | mock-rule-04-network-backdoor.ts:26:11:26:19 | udpSocket | provenance |  |
| mock-rule-04-network-backdoor.ts:39:11:39:20 | expressApp | mock-rule-04-network-backdoor.ts:40:5:40:14 | expressApp | provenance |  |
| mock-rule-04-network-backdoor.ts:39:24:39:32 | express() | mock-rule-04-network-backdoor.ts:39:11:39:20 | expressApp | provenance |  |
| mock-rule-04-network-backdoor.ts:42:11:42:16 | koaApp | mock-rule-04-network-backdoor.ts:43:5:43:10 | koaApp | provenance |  |
| mock-rule-04-network-backdoor.ts:42:20:42:28 | new Koa() | mock-rule-04-network-backdoor.ts:42:11:42:16 | koaApp | provenance |  |
| mock-rule-04-network-backdoor.ts:45:11:45:17 | koaApp2 | mock-rule-04-network-backdoor.ts:46:5:46:11 | koaApp2 | provenance |  |
| mock-rule-04-network-backdoor.ts:45:21:45:25 | Koa() | mock-rule-04-network-backdoor.ts:45:11:45:17 | koaApp2 | provenance |  |
| mock-rule-04-network-backdoor.ts:48:11:48:20 | fastifyApp | mock-rule-04-network-backdoor.ts:49:5:49:14 | fastifyApp | provenance |  |
| mock-rule-04-network-backdoor.ts:48:24:48:32 | fastify() | mock-rule-04-network-backdoor.ts:48:11:48:20 | fastifyApp | provenance |  |
| mock-rule-04-network-backdoor.ts:53:11:53:18 | wsServer | mock-rule-04-network-backdoor.ts:54:5:54:12 | wsServer | provenance |  |
| mock-rule-04-network-backdoor.ts:53:22:53:60 | new Web ... true }) | mock-rule-04-network-backdoor.ts:53:11:53:18 | wsServer | provenance |  |
nodes
| mock-rule-04-network-backdoor.ts:14:11:14:19 | netServer | semmle.label | netServer |
| mock-rule-04-network-backdoor.ts:14:23:14:40 | net.createServer() | semmle.label | net.createServer() |
| mock-rule-04-network-backdoor.ts:15:5:15:13 | netServer | semmle.label | netServer |
| mock-rule-04-network-backdoor.ts:17:11:17:20 | httpServer | semmle.label | httpServer |
| mock-rule-04-network-backdoor.ts:17:24:17:42 | http.createServer() | semmle.label | http.createServer() |
| mock-rule-04-network-backdoor.ts:18:5:18:14 | httpServer | semmle.label | httpServer |
| mock-rule-04-network-backdoor.ts:20:11:20:21 | httpsServer | semmle.label | httpsServer |
| mock-rule-04-network-backdoor.ts:20:25:20:44 | https.createServer() | semmle.label | https.createServer() |
| mock-rule-04-network-backdoor.ts:21:5:21:15 | httpsServer | semmle.label | httpsServer |
| mock-rule-04-network-backdoor.ts:23:11:23:19 | tlsServer | semmle.label | tlsServer |
| mock-rule-04-network-backdoor.ts:23:23:23:40 | tls.createServer() | semmle.label | tls.createServer() |
| mock-rule-04-network-backdoor.ts:24:5:24:13 | tlsServer | semmle.label | tlsServer |
| mock-rule-04-network-backdoor.ts:26:11:26:19 | udpSocket | semmle.label | udpSocket |
| mock-rule-04-network-backdoor.ts:26:23:26:48 | dgram.c ... 'udp4') | semmle.label | dgram.c ... 'udp4') |
| mock-rule-04-network-backdoor.ts:27:5:27:13 | udpSocket | semmle.label | udpSocket |
| mock-rule-04-network-backdoor.ts:31:5:31:22 | net.createServer() | semmle.label | net.createServer() |
| mock-rule-04-network-backdoor.ts:32:5:32:23 | http.createServer() | semmle.label | http.createServer() |
| mock-rule-04-network-backdoor.ts:33:5:33:24 | https.createServer() | semmle.label | https.createServer() |
| mock-rule-04-network-backdoor.ts:34:5:34:22 | tls.createServer() | semmle.label | tls.createServer() |
| mock-rule-04-network-backdoor.ts:35:5:35:30 | dgram.c ... 'udp4') | semmle.label | dgram.c ... 'udp4') |
| mock-rule-04-network-backdoor.ts:39:11:39:20 | expressApp | semmle.label | expressApp |
| mock-rule-04-network-backdoor.ts:39:24:39:32 | express() | semmle.label | express() |
| mock-rule-04-network-backdoor.ts:40:5:40:14 | expressApp | semmle.label | expressApp |
| mock-rule-04-network-backdoor.ts:42:11:42:16 | koaApp | semmle.label | koaApp |
| mock-rule-04-network-backdoor.ts:42:20:42:28 | new Koa() | semmle.label | new Koa() |
| mock-rule-04-network-backdoor.ts:43:5:43:10 | koaApp | semmle.label | koaApp |
| mock-rule-04-network-backdoor.ts:45:11:45:17 | koaApp2 | semmle.label | koaApp2 |
| mock-rule-04-network-backdoor.ts:45:21:45:25 | Koa() | semmle.label | Koa() |
| mock-rule-04-network-backdoor.ts:46:5:46:11 | koaApp2 | semmle.label | koaApp2 |
| mock-rule-04-network-backdoor.ts:48:11:48:20 | fastifyApp | semmle.label | fastifyApp |
| mock-rule-04-network-backdoor.ts:48:24:48:32 | fastify() | semmle.label | fastify() |
| mock-rule-04-network-backdoor.ts:49:5:49:14 | fastifyApp | semmle.label | fastifyApp |
| mock-rule-04-network-backdoor.ts:53:11:53:18 | wsServer | semmle.label | wsServer |
| mock-rule-04-network-backdoor.ts:53:22:53:60 | new Web ... true }) | semmle.label | new Web ... true }) |
| mock-rule-04-network-backdoor.ts:54:5:54:12 | wsServer | semmle.label | wsServer |
subpaths
#select
| mock-rule-04-network-backdoor.ts:15:5:15:13 | netServer | mock-rule-04-network-backdoor.ts:14:23:14:40 | net.createServer() | mock-rule-04-network-backdoor.ts:15:5:15:13 | netServer | Network Backdoor Detected: The plugin is opening a local listening port (via `net`, `http`, or frameworks like `Express`) to accept incoming connections. \\n**Reviewer Action:** Check if the plugin explicitly advertises running a local server (e.g., a companion web app). If this is undocumented, it acts as a backdoor. Verify that the server binds securely (e.g., localhost only) and requires explicit authentication. |
| mock-rule-04-network-backdoor.ts:18:5:18:14 | httpServer | mock-rule-04-network-backdoor.ts:17:24:17:42 | http.createServer() | mock-rule-04-network-backdoor.ts:18:5:18:14 | httpServer | Network Backdoor Detected: The plugin is opening a local listening port (via `net`, `http`, or frameworks like `Express`) to accept incoming connections. \\n**Reviewer Action:** Check if the plugin explicitly advertises running a local server (e.g., a companion web app). If this is undocumented, it acts as a backdoor. Verify that the server binds securely (e.g., localhost only) and requires explicit authentication. |
| mock-rule-04-network-backdoor.ts:21:5:21:15 | httpsServer | mock-rule-04-network-backdoor.ts:20:25:20:44 | https.createServer() | mock-rule-04-network-backdoor.ts:21:5:21:15 | httpsServer | Network Backdoor Detected: The plugin is opening a local listening port (via `net`, `http`, or frameworks like `Express`) to accept incoming connections. \\n**Reviewer Action:** Check if the plugin explicitly advertises running a local server (e.g., a companion web app). If this is undocumented, it acts as a backdoor. Verify that the server binds securely (e.g., localhost only) and requires explicit authentication. |
| mock-rule-04-network-backdoor.ts:24:5:24:13 | tlsServer | mock-rule-04-network-backdoor.ts:23:23:23:40 | tls.createServer() | mock-rule-04-network-backdoor.ts:24:5:24:13 | tlsServer | Network Backdoor Detected: The plugin is opening a local listening port (via `net`, `http`, or frameworks like `Express`) to accept incoming connections. \\n**Reviewer Action:** Check if the plugin explicitly advertises running a local server (e.g., a companion web app). If this is undocumented, it acts as a backdoor. Verify that the server binds securely (e.g., localhost only) and requires explicit authentication. |
| mock-rule-04-network-backdoor.ts:27:5:27:13 | udpSocket | mock-rule-04-network-backdoor.ts:26:23:26:48 | dgram.c ... 'udp4') | mock-rule-04-network-backdoor.ts:27:5:27:13 | udpSocket | Network Backdoor Detected: The plugin is opening a local listening port (via `net`, `http`, or frameworks like `Express`) to accept incoming connections. \\n**Reviewer Action:** Check if the plugin explicitly advertises running a local server (e.g., a companion web app). If this is undocumented, it acts as a backdoor. Verify that the server binds securely (e.g., localhost only) and requires explicit authentication. |
| mock-rule-04-network-backdoor.ts:31:5:31:22 | net.createServer() | mock-rule-04-network-backdoor.ts:31:5:31:22 | net.createServer() | mock-rule-04-network-backdoor.ts:31:5:31:22 | net.createServer() | Network Backdoor Detected: The plugin is opening a local listening port (via `net`, `http`, or frameworks like `Express`) to accept incoming connections. \\n**Reviewer Action:** Check if the plugin explicitly advertises running a local server (e.g., a companion web app). If this is undocumented, it acts as a backdoor. Verify that the server binds securely (e.g., localhost only) and requires explicit authentication. |
| mock-rule-04-network-backdoor.ts:32:5:32:23 | http.createServer() | mock-rule-04-network-backdoor.ts:32:5:32:23 | http.createServer() | mock-rule-04-network-backdoor.ts:32:5:32:23 | http.createServer() | Network Backdoor Detected: The plugin is opening a local listening port (via `net`, `http`, or frameworks like `Express`) to accept incoming connections. \\n**Reviewer Action:** Check if the plugin explicitly advertises running a local server (e.g., a companion web app). If this is undocumented, it acts as a backdoor. Verify that the server binds securely (e.g., localhost only) and requires explicit authentication. |
| mock-rule-04-network-backdoor.ts:33:5:33:24 | https.createServer() | mock-rule-04-network-backdoor.ts:33:5:33:24 | https.createServer() | mock-rule-04-network-backdoor.ts:33:5:33:24 | https.createServer() | Network Backdoor Detected: The plugin is opening a local listening port (via `net`, `http`, or frameworks like `Express`) to accept incoming connections. \\n**Reviewer Action:** Check if the plugin explicitly advertises running a local server (e.g., a companion web app). If this is undocumented, it acts as a backdoor. Verify that the server binds securely (e.g., localhost only) and requires explicit authentication. |
| mock-rule-04-network-backdoor.ts:34:5:34:22 | tls.createServer() | mock-rule-04-network-backdoor.ts:34:5:34:22 | tls.createServer() | mock-rule-04-network-backdoor.ts:34:5:34:22 | tls.createServer() | Network Backdoor Detected: The plugin is opening a local listening port (via `net`, `http`, or frameworks like `Express`) to accept incoming connections. \\n**Reviewer Action:** Check if the plugin explicitly advertises running a local server (e.g., a companion web app). If this is undocumented, it acts as a backdoor. Verify that the server binds securely (e.g., localhost only) and requires explicit authentication. |
| mock-rule-04-network-backdoor.ts:35:5:35:30 | dgram.c ... 'udp4') | mock-rule-04-network-backdoor.ts:35:5:35:30 | dgram.c ... 'udp4') | mock-rule-04-network-backdoor.ts:35:5:35:30 | dgram.c ... 'udp4') | Network Backdoor Detected: The plugin is opening a local listening port (via `net`, `http`, or frameworks like `Express`) to accept incoming connections. \\n**Reviewer Action:** Check if the plugin explicitly advertises running a local server (e.g., a companion web app). If this is undocumented, it acts as a backdoor. Verify that the server binds securely (e.g., localhost only) and requires explicit authentication. |
| mock-rule-04-network-backdoor.ts:40:5:40:14 | expressApp | mock-rule-04-network-backdoor.ts:39:24:39:32 | express() | mock-rule-04-network-backdoor.ts:40:5:40:14 | expressApp | Network Backdoor Detected: The plugin is opening a local listening port (via `net`, `http`, or frameworks like `Express`) to accept incoming connections. \\n**Reviewer Action:** Check if the plugin explicitly advertises running a local server (e.g., a companion web app). If this is undocumented, it acts as a backdoor. Verify that the server binds securely (e.g., localhost only) and requires explicit authentication. |
| mock-rule-04-network-backdoor.ts:43:5:43:10 | koaApp | mock-rule-04-network-backdoor.ts:42:20:42:28 | new Koa() | mock-rule-04-network-backdoor.ts:43:5:43:10 | koaApp | Network Backdoor Detected: The plugin is opening a local listening port (via `net`, `http`, or frameworks like `Express`) to accept incoming connections. \\n**Reviewer Action:** Check if the plugin explicitly advertises running a local server (e.g., a companion web app). If this is undocumented, it acts as a backdoor. Verify that the server binds securely (e.g., localhost only) and requires explicit authentication. |
| mock-rule-04-network-backdoor.ts:46:5:46:11 | koaApp2 | mock-rule-04-network-backdoor.ts:45:21:45:25 | Koa() | mock-rule-04-network-backdoor.ts:46:5:46:11 | koaApp2 | Network Backdoor Detected: The plugin is opening a local listening port (via `net`, `http`, or frameworks like `Express`) to accept incoming connections. \\n**Reviewer Action:** Check if the plugin explicitly advertises running a local server (e.g., a companion web app). If this is undocumented, it acts as a backdoor. Verify that the server binds securely (e.g., localhost only) and requires explicit authentication. |
| mock-rule-04-network-backdoor.ts:49:5:49:14 | fastifyApp | mock-rule-04-network-backdoor.ts:48:24:48:32 | fastify() | mock-rule-04-network-backdoor.ts:49:5:49:14 | fastifyApp | Network Backdoor Detected: The plugin is opening a local listening port (via `net`, `http`, or frameworks like `Express`) to accept incoming connections. \\n**Reviewer Action:** Check if the plugin explicitly advertises running a local server (e.g., a companion web app). If this is undocumented, it acts as a backdoor. Verify that the server binds securely (e.g., localhost only) and requires explicit authentication. |
| mock-rule-04-network-backdoor.ts:54:5:54:12 | wsServer | mock-rule-04-network-backdoor.ts:53:22:53:60 | new Web ... true }) | mock-rule-04-network-backdoor.ts:54:5:54:12 | wsServer | Network Backdoor Detected: The plugin is opening a local listening port (via `net`, `http`, or frameworks like `Express`) to accept incoming connections. \\n**Reviewer Action:** Check if the plugin explicitly advertises running a local server (e.g., a companion web app). If this is undocumented, it acts as a backdoor. Verify that the server binds securely (e.g., localhost only) and requires explicit authentication. |
