edges
nodes
| mock-rule-04-network-backdoor.ts:9:5:9:22 | net.createServer() | semmle.label | net.createServer() |
| mock-rule-04-network-backdoor.ts:10:5:10:23 | http.createServer() | semmle.label | http.createServer() |
| mock-rule-04-network-backdoor.ts:11:5:11:30 | dgram.c ... 'udp4') | semmle.label | dgram.c ... 'udp4') |
| mock-rule-04-network-backdoor.ts:12:5:12:13 | express() | semmle.label | express() |
| mock-rule-04-network-backdoor.ts:13:5:13:13 | fastify() | semmle.label | fastify() |
| mock-rule-04-network-backdoor.ts:14:5:14:43 | new Web ... true }) | semmle.label | new Web ... true }) |
subpaths
#select
| mock-rule-04-network-backdoor.ts:9:5:9:22 | net.createServer() | mock-rule-04-network-backdoor.ts:9:5:9:22 | net.createServer() | mock-rule-04-network-backdoor.ts:9:5:9:22 | net.createServer() | [PUBLIC/DYNAMIC BIND DETECTED] Network Backdoor: The plugin is opening a listening port that may be accessible externally (e.g., 0.0.0.0 or unspecified host). \\n**Reviewer Action:** This is a severe threat indicator. An externally accessible listening port exposes the plugin and potentially Joplin to the local network or internet. Verify this is strictly required and heavily authenticated. |
| mock-rule-04-network-backdoor.ts:10:5:10:23 | http.createServer() | mock-rule-04-network-backdoor.ts:10:5:10:23 | http.createServer() | mock-rule-04-network-backdoor.ts:10:5:10:23 | http.createServer() | Localhost Bind Detected: The plugin is opening a local listening port restricted to localhost. \\n**Reviewer Action:** Check if the plugin explicitly advertises running a local server (e.g., a companion web app). While bound locally, ensure it requires explicit authentication if sensitive data can be queried. |
| mock-rule-04-network-backdoor.ts:11:5:11:30 | dgram.c ... 'udp4') | mock-rule-04-network-backdoor.ts:11:5:11:30 | dgram.c ... 'udp4') | mock-rule-04-network-backdoor.ts:11:5:11:30 | dgram.c ... 'udp4') | [PUBLIC/DYNAMIC BIND DETECTED] Network Backdoor: The plugin is opening a listening port that may be accessible externally (e.g., 0.0.0.0 or unspecified host). \\n**Reviewer Action:** This is a severe threat indicator. An externally accessible listening port exposes the plugin and potentially Joplin to the local network or internet. Verify this is strictly required and heavily authenticated. |
| mock-rule-04-network-backdoor.ts:12:5:12:13 | express() | mock-rule-04-network-backdoor.ts:12:5:12:13 | express() | mock-rule-04-network-backdoor.ts:12:5:12:13 | express() | [PUBLIC/DYNAMIC BIND DETECTED] Network Backdoor: The plugin is opening a listening port that may be accessible externally (e.g., 0.0.0.0 or unspecified host). \\n**Reviewer Action:** This is a severe threat indicator. An externally accessible listening port exposes the plugin and potentially Joplin to the local network or internet. Verify this is strictly required and heavily authenticated. |
| mock-rule-04-network-backdoor.ts:13:5:13:13 | fastify() | mock-rule-04-network-backdoor.ts:13:5:13:13 | fastify() | mock-rule-04-network-backdoor.ts:13:5:13:13 | fastify() | [PUBLIC/DYNAMIC BIND DETECTED] Network Backdoor: The plugin is opening a listening port that may be accessible externally (e.g., 0.0.0.0 or unspecified host). \\n**Reviewer Action:** This is a severe threat indicator. An externally accessible listening port exposes the plugin and potentially Joplin to the local network or internet. Verify this is strictly required and heavily authenticated. |
| mock-rule-04-network-backdoor.ts:14:5:14:43 | new Web ... true }) | mock-rule-04-network-backdoor.ts:14:5:14:43 | new Web ... true }) | mock-rule-04-network-backdoor.ts:14:5:14:43 | new Web ... true }) | [PUBLIC/DYNAMIC BIND DETECTED] Network Backdoor: The plugin is opening a listening port that may be accessible externally (e.g., 0.0.0.0 or unspecified host). \\n**Reviewer Action:** This is a severe threat indicator. An externally accessible listening port exposes the plugin and potentially Joplin to the local network or internet. Verify this is strictly required and heavily authenticated. |
