edges
nodes
| mock-rule-04-network-backdoor.ts:11:5:11:22 | net.createServer() | semmle.label | net.createServer() |
| mock-rule-04-network-backdoor.ts:12:5:12:23 | http.createServer() | semmle.label | http.createServer() |
| mock-rule-04-network-backdoor.ts:13:5:13:30 | dgram.c ... 'udp4') | semmle.label | dgram.c ... 'udp4') |
| mock-rule-04-network-backdoor.ts:14:5:14:13 | express() | semmle.label | express() |
| mock-rule-04-network-backdoor.ts:15:5:15:13 | fastify() | semmle.label | fastify() |
| mock-rule-04-network-backdoor.ts:16:5:16:13 | new Koa() | semmle.label | new Koa() |
| mock-rule-04-network-backdoor.ts:17:5:17:39 | new Web ... 3006 }) | semmle.label | new Web ... 3006 }) |
| mock-rule-04-network-backdoor.ts:18:5:18:52 | new Web ... ::1' }) | semmle.label | new Web ... ::1' }) |
| mock-rule-04-network-backdoor.ts:19:5:19:28 | new Soc ... r(3008) | semmle.label | new Soc ... r(3008) |
subpaths
#select
| mock-rule-04-network-backdoor.ts:11:5:11:22 | net.createServer() | mock-rule-04-network-backdoor.ts:11:5:11:22 | net.createServer() | mock-rule-04-network-backdoor.ts:11:5:11:22 | net.createServer() | Network Backdoor: The plugin is opening a listening port that may be accessible externally. This is a severe threat indicator. Verify whether this is strictly required and heavily authenticated. |
| mock-rule-04-network-backdoor.ts:12:5:12:23 | http.createServer() | mock-rule-04-network-backdoor.ts:12:5:12:23 | http.createServer() | mock-rule-04-network-backdoor.ts:12:5:12:23 | http.createServer() | Localhost Bind Detected: The plugin is opening a local listening port restricted to localhost. Check if the plugin explicitly advertises running a local server. |
| mock-rule-04-network-backdoor.ts:13:5:13:30 | dgram.c ... 'udp4') | mock-rule-04-network-backdoor.ts:13:5:13:30 | dgram.c ... 'udp4') | mock-rule-04-network-backdoor.ts:13:5:13:30 | dgram.c ... 'udp4') | Localhost Bind Detected: The plugin is opening a local listening port restricted to localhost. Check if the plugin explicitly advertises running a local server. |
| mock-rule-04-network-backdoor.ts:14:5:14:13 | express() | mock-rule-04-network-backdoor.ts:14:5:14:13 | express() | mock-rule-04-network-backdoor.ts:14:5:14:13 | express() | Network Backdoor: The plugin is opening a listening port that may be accessible externally. This is a severe threat indicator. Verify whether this is strictly required and heavily authenticated. |
| mock-rule-04-network-backdoor.ts:15:5:15:13 | fastify() | mock-rule-04-network-backdoor.ts:15:5:15:13 | fastify() | mock-rule-04-network-backdoor.ts:15:5:15:13 | fastify() | Localhost Bind Detected: The plugin is opening a local listening port restricted to localhost. Check if the plugin explicitly advertises running a local server. |
| mock-rule-04-network-backdoor.ts:16:5:16:13 | new Koa() | mock-rule-04-network-backdoor.ts:16:5:16:13 | new Koa() | mock-rule-04-network-backdoor.ts:16:5:16:13 | new Koa() | Network Backdoor: The plugin is opening a listening port that may be accessible externally. This is a severe threat indicator. Verify whether this is strictly required and heavily authenticated. |
| mock-rule-04-network-backdoor.ts:17:5:17:39 | new Web ... 3006 }) | mock-rule-04-network-backdoor.ts:17:5:17:39 | new Web ... 3006 }) | mock-rule-04-network-backdoor.ts:17:5:17:39 | new Web ... 3006 }) | Network Backdoor: The plugin is opening a listening port that may be accessible externally. This is a severe threat indicator. Verify whether this is strictly required and heavily authenticated. |
| mock-rule-04-network-backdoor.ts:18:5:18:52 | new Web ... ::1' }) | mock-rule-04-network-backdoor.ts:18:5:18:52 | new Web ... ::1' }) | mock-rule-04-network-backdoor.ts:18:5:18:52 | new Web ... ::1' }) | Localhost Bind Detected: The plugin is opening a local listening port restricted to localhost. Check if the plugin explicitly advertises running a local server. |
| mock-rule-04-network-backdoor.ts:19:5:19:28 | new Soc ... r(3008) | mock-rule-04-network-backdoor.ts:19:5:19:28 | new Soc ... r(3008) | mock-rule-04-network-backdoor.ts:19:5:19:28 | new Soc ... r(3008) | Network Backdoor: The plugin is opening a listening port that may be accessible externally. This is a severe threat indicator. Verify whether this is strictly required and heavily authenticated. |
