| mock-rule-02-secret-and-key-theft.ts:4:11:4:50 | joplin. ... token') | MANUAL REVIEW REQUIRED: Standalone access to highly sensitive credential. Note: In current versions of Joplin, highly secure settings may return `undefined` to plugins at runtime via `Setting.isSecureKey`. However, attempting to read these keys is still a strong indicator of malicious intent or dangerous credential mishandling. |
| mock-rule-02-secret-and-key-theft.ts:5:11:5:61 | joplin. ... edPpk') | MANUAL REVIEW REQUIRED: Standalone access to highly sensitive credential. Note: In current versions of Joplin, highly secure settings may return `undefined` to plugins at runtime via `Setting.isSecureKey`. However, attempting to read these keys is still a strong indicator of malicious intent or dangerous credential mishandling. |
| mock-rule-02-secret-and-key-theft.ts:6:11:6:65 | joplin. ... Cache') | MANUAL REVIEW REQUIRED: Standalone access to highly sensitive credential. Note: In current versions of Joplin, highly secure settings may return `undefined` to plugins at runtime via `Setting.isSecureKey`. However, attempting to read these keys is still a strong indicator of malicious intent or dangerous credential mishandling. |
| mock-rule-02-secret-and-key-theft.ts:7:11:7:56 | joplin. ... sword') | MANUAL REVIEW REQUIRED: Standalone access to highly sensitive credential. Note: In current versions of Joplin, highly secure settings may return `undefined` to plugins at runtime via `Setting.isSecureKey`. However, attempting to read these keys is still a strong indicator of malicious intent or dangerous credential mishandling. |
| mock-rule-02-secret-and-key-theft.ts:9:11:13:6 | joplin. ... \\n    ]) | MANUAL REVIEW REQUIRED: Standalone access to highly sensitive credential. Note: In current versions of Joplin, highly secure settings may return `undefined` to plugins at runtime via `Setting.isSecureKey`. However, attempting to read these keys is still a strong indicator of malicious intent or dangerous credential mishandling. |
| mock-rule-02-secret-and-key-theft.ts:15:11:15:66 | joplin. ... sword') | MANUAL REVIEW REQUIRED: Combined access of BOTH masterPassword and syncInfoCache detected in this codebase. Note: In current versions of Joplin, highly secure settings may return `undefined` to plugins at runtime via `Setting.isSecureKey`. However, attempting to read these keys is still a strong indicator of malicious intent or dangerous credential mishandling. |
| mock-rule-02-secret-and-key-theft.ts:16:11:16:54 | joplin. ... Cache') | MANUAL REVIEW REQUIRED: Combined access of BOTH masterPassword and syncInfoCache detected in this codebase. Note: In current versions of Joplin, highly secure settings may return `undefined` to plugins at runtime via `Setting.isSecureKey`. However, attempting to read these keys is still a strong indicator of malicious intent or dangerous credential mishandling. |
| mock-rule-02-secret-and-key-theft.ts:18:11:21:6 | joplin. ... \\n    ]) | MANUAL REVIEW REQUIRED: Combined access of BOTH masterPassword and syncInfoCache detected in this codebase. Note: In current versions of Joplin, highly secure settings may return `undefined` to plugins at runtime via `Setting.isSecureKey`. However, attempting to read these keys is still a strong indicator of malicious intent or dangerous credential mishandling. |
