| mock-rule-02-secret-and-key-theft.ts:14:22:14:61 | joplin. ... token') | MANUAL REVIEW REQUIRED: Standalone access to highly sensitive credential. |
| mock-rule-02-secret-and-key-theft.ts:24:22:24:77 | joplin. ... sword') | MANUAL REVIEW REQUIRED: Combined access of BOTH masterPassword and syncInfoCache detected in this codebase. |
| mock-rule-02-secret-and-key-theft.ts:34:22:34:72 | joplin. ... edPpk') | MANUAL REVIEW REQUIRED: Standalone access to highly sensitive credential. |
| mock-rule-02-secret-and-key-theft.ts:44:22:44:76 | joplin. ... Cache') | MANUAL REVIEW REQUIRED: Standalone access to highly sensitive credential. |
| mock-rule-02-secret-and-key-theft.ts:54:22:54:65 | joplin. ... Cache') | MANUAL REVIEW REQUIRED: Combined access of BOTH masterPassword and syncInfoCache detected in this codebase. |
| mock-rule-02-secret-and-key-theft.ts:64:23:64:65 | joplin. ... oken']) | MANUAL REVIEW REQUIRED: Standalone access to highly sensitive credential. |
| mock-rule-02-secret-and-key-theft.ts:74:22:74:67 | joplin. ... sword') | MANUAL REVIEW REQUIRED: Standalone access to highly sensitive credential. |
