| mock-rule-02-secret-and-key-theft.ts:6:11:6:50 | joplin. ... token') | MANUAL REVIEW REQUIRED: Standalone access to highly sensitive credential. |
| mock-rule-02-secret-and-key-theft.ts:8:11:8:61 | joplin. ... edPpk') | MANUAL REVIEW REQUIRED: Standalone access to highly sensitive credential. |
| mock-rule-02-secret-and-key-theft.ts:10:11:10:65 | joplin. ... Cache') | MANUAL REVIEW REQUIRED: Standalone access to highly sensitive credential. |
| mock-rule-02-secret-and-key-theft.ts:12:11:12:56 | joplin. ... sword') | MANUAL REVIEW REQUIRED: Standalone access to highly sensitive credential. |
| mock-rule-02-secret-and-key-theft.ts:15:11:20:6 | joplin. ... \\n    ]) | MANUAL REVIEW REQUIRED: Standalone access to highly sensitive credential. |
| mock-rule-02-secret-and-key-theft.ts:24:11:24:66 | joplin. ... sword') | MANUAL REVIEW REQUIRED: Combined access of BOTH masterPassword and syncInfoCache detected in this codebase. |
| mock-rule-02-secret-and-key-theft.ts:26:11:26:54 | joplin. ... Cache') | MANUAL REVIEW REQUIRED: Combined access of BOTH masterPassword and syncInfoCache detected in this codebase. |
| mock-rule-02-secret-and-key-theft.ts:29:11:32:6 | joplin. ... \\n    ]) | MANUAL REVIEW REQUIRED: Combined access of BOTH masterPassword and syncInfoCache detected in this codebase. |
