WARNING: reference to 'JoplinSinks' references a local library, not the named module (03-unauthorized-fs-access.ql:12,8-19)
edges
| mock-rule-03-unauthorized-fs-access-self-modification.ts:3:8:3:20 | * as fsNative | mock-rule-03-unauthorized-fs-access-self-modification.ts:3:13:3:20 | fsNative | provenance |  |
| mock-rule-03-unauthorized-fs-access-self-modification.ts:3:13:3:20 | fsNative | mock-rule-03-unauthorized-fs-access-self-modification.ts:46:16:46:23 | fsNative | provenance |  |
| mock-rule-03-unauthorized-fs-access-self-modification.ts:4:8:4:25 | * as fsExtraNative | mock-rule-03-unauthorized-fs-access-self-modification.ts:4:13:4:25 | fsExtraNative | provenance |  |
| mock-rule-03-unauthorized-fs-access-self-modification.ts:4:13:4:25 | fsExtraNative | mock-rule-03-unauthorized-fs-access-self-modification.ts:50:16:50:28 | fsExtraNative | provenance |  |
| mock-rule-03-unauthorized-fs-access-self-modification.ts:18:11:18:12 | s1 | mock-rule-03-unauthorized-fs-access-self-modification.ts:19:28:19:29 | s1 | provenance |  |
| mock-rule-03-unauthorized-fs-access-self-modification.ts:18:11:18:12 | s1 | mock-rule-03-unauthorized-fs-access-self-modification.ts:20:33:20:34 | s1 | provenance |  |
| mock-rule-03-unauthorized-fs-access-self-modification.ts:18:16:18:24 | __dirname | mock-rule-03-unauthorized-fs-access-self-modification.ts:18:11:18:12 | s1 | provenance |  |
| mock-rule-03-unauthorized-fs-access-self-modification.ts:22:11:22:12 | s2 | mock-rule-03-unauthorized-fs-access-self-modification.ts:23:28:23:29 | s2 | provenance |  |
| mock-rule-03-unauthorized-fs-access-self-modification.ts:22:11:22:12 | s2 | mock-rule-03-unauthorized-fs-access-self-modification.ts:24:33:24:34 | s2 | provenance |  |
| mock-rule-03-unauthorized-fs-access-self-modification.ts:22:16:22:25 | __filename | mock-rule-03-unauthorized-fs-access-self-modification.ts:22:11:22:12 | s2 | provenance |  |
| mock-rule-03-unauthorized-fs-access-self-modification.ts:26:11:26:12 | s3 | mock-rule-03-unauthorized-fs-access-self-modification.ts:27:28:27:29 | s3 | provenance |  |
| mock-rule-03-unauthorized-fs-access-self-modification.ts:26:11:26:12 | s3 | mock-rule-03-unauthorized-fs-access-self-modification.ts:28:33:28:34 | s3 | provenance |  |
| mock-rule-03-unauthorized-fs-access-self-modification.ts:26:16:26:28 | process.cwd() | mock-rule-03-unauthorized-fs-access-self-modification.ts:26:11:26:12 | s3 | provenance |  |
| mock-rule-03-unauthorized-fs-access-self-modification.ts:30:11:30:12 | s4 | mock-rule-03-unauthorized-fs-access-self-modification.ts:31:28:31:29 | s4 | provenance |  |
| mock-rule-03-unauthorized-fs-access-self-modification.ts:30:11:30:12 | s4 | mock-rule-03-unauthorized-fs-access-self-modification.ts:32:33:32:34 | s4 | provenance |  |
| mock-rule-03-unauthorized-fs-access-self-modification.ts:30:16:30:38 | app.get ... rData') | mock-rule-03-unauthorized-fs-access-self-modification.ts:30:11:30:12 | s4 | provenance |  |
| mock-rule-03-unauthorized-fs-access-self-modification.ts:34:11:34:12 | s5 | mock-rule-03-unauthorized-fs-access-self-modification.ts:35:28:35:29 | s5 | provenance |  |
| mock-rule-03-unauthorized-fs-access-self-modification.ts:34:11:34:12 | s5 | mock-rule-03-unauthorized-fs-access-self-modification.ts:36:33:36:34 | s5 | provenance |  |
| mock-rule-03-unauthorized-fs-access-self-modification.ts:34:16:34:27 | os.homedir() | mock-rule-03-unauthorized-fs-access-self-modification.ts:34:11:34:12 | s5 | provenance |  |
| mock-rule-03-unauthorized-fs-access-self-modification.ts:38:11:38:12 | s6 | mock-rule-03-unauthorized-fs-access-self-modification.ts:39:28:39:29 | s6 | provenance |  |
| mock-rule-03-unauthorized-fs-access-self-modification.ts:38:11:38:12 | s6 | mock-rule-03-unauthorized-fs-access-self-modification.ts:40:33:40:34 | s6 | provenance |  |
| mock-rule-03-unauthorized-fs-access-self-modification.ts:38:16:38:41 | path.re ... 'test') | mock-rule-03-unauthorized-fs-access-self-modification.ts:38:11:38:12 | s6 | provenance |  |
| mock-rule-03-unauthorized-fs-access-self-modification.ts:42:11:42:12 | s7 | mock-rule-03-unauthorized-fs-access-self-modification.ts:43:28:43:29 | s7 | provenance |  |
| mock-rule-03-unauthorized-fs-access-self-modification.ts:42:11:42:12 | s7 | mock-rule-03-unauthorized-fs-access-self-modification.ts:44:33:44:34 | s7 | provenance |  |
| mock-rule-03-unauthorized-fs-access-self-modification.ts:42:16:42:40 | path.jo ... 'test') | mock-rule-03-unauthorized-fs-access-self-modification.ts:42:11:42:12 | s7 | provenance |  |
| mock-rule-03-unauthorized-fs-access-self-modification.ts:46:11:46:12 | s8 | mock-rule-03-unauthorized-fs-access-self-modification.ts:47:28:47:29 | s8 | provenance |  |
| mock-rule-03-unauthorized-fs-access-self-modification.ts:46:11:46:12 | s8 | mock-rule-03-unauthorized-fs-access-self-modification.ts:48:33:48:34 | s8 | provenance |  |
| mock-rule-03-unauthorized-fs-access-self-modification.ts:46:16:46:23 | fsNative | mock-rule-03-unauthorized-fs-access-self-modification.ts:46:11:46:12 | s8 | provenance |  |
| mock-rule-03-unauthorized-fs-access-self-modification.ts:50:11:50:12 | s9 | mock-rule-03-unauthorized-fs-access-self-modification.ts:51:28:51:29 | s9 | provenance |  |
| mock-rule-03-unauthorized-fs-access-self-modification.ts:50:11:50:12 | s9 | mock-rule-03-unauthorized-fs-access-self-modification.ts:52:33:52:34 | s9 | provenance |  |
| mock-rule-03-unauthorized-fs-access-self-modification.ts:50:16:50:28 | fsExtraNative | mock-rule-03-unauthorized-fs-access-self-modification.ts:50:11:50:12 | s9 | provenance |  |
| mock-rule-03-unauthorized-fs-access-self-modification.ts:54:11:54:13 | s10 | mock-rule-03-unauthorized-fs-access-self-modification.ts:55:28:55:30 | s10 | provenance |  |
| mock-rule-03-unauthorized-fs-access-self-modification.ts:54:11:54:13 | s10 | mock-rule-03-unauthorized-fs-access-self-modification.ts:56:33:56:35 | s10 | provenance |  |
| mock-rule-03-unauthorized-fs-access-self-modification.ts:54:17:54:51 | await ( ... e('fs') | mock-rule-03-unauthorized-fs-access-self-modification.ts:54:11:54:13 | s10 | provenance |  |
| mock-rule-03-unauthorized-fs-access-self-modification.ts:54:23:54:51 | (joplin ... e('fs') | mock-rule-03-unauthorized-fs-access-self-modification.ts:54:17:54:51 | await ( ... e('fs') | provenance |  |
| mock-rule-03-unauthorized-fs-access-self-modification.ts:58:11:58:13 | s11 | mock-rule-03-unauthorized-fs-access-self-modification.ts:59:28:59:30 | s11 | provenance |  |
| mock-rule-03-unauthorized-fs-access-self-modification.ts:58:11:58:13 | s11 | mock-rule-03-unauthorized-fs-access-self-modification.ts:60:33:60:35 | s11 | provenance |  |
| mock-rule-03-unauthorized-fs-access-self-modification.ts:58:17:58:57 | await ( ... extra') | mock-rule-03-unauthorized-fs-access-self-modification.ts:58:11:58:13 | s11 | provenance |  |
| mock-rule-03-unauthorized-fs-access-self-modification.ts:58:23:58:57 | (joplin ... extra') | mock-rule-03-unauthorized-fs-access-self-modification.ts:58:17:58:57 | await ( ... extra') | provenance |  |
| mock-rule-03-unauthorized-fs-access-self-modification.ts:62:11:62:13 | s12 | mock-rule-03-unauthorized-fs-access-self-modification.ts:63:28:63:30 | s12 | provenance |  |
| mock-rule-03-unauthorized-fs-access-self-modification.ts:62:11:62:13 | s12 | mock-rule-03-unauthorized-fs-access-self-modification.ts:64:33:64:35 | s12 | provenance |  |
| mock-rule-03-unauthorized-fs-access-self-modification.ts:62:17:62:29 | require('fs') | mock-rule-03-unauthorized-fs-access-self-modification.ts:62:11:62:13 | s12 | provenance |  |
nodes
| mock-rule-03-unauthorized-fs-access-self-modification.ts:3:8:3:20 | * as fsNative | semmle.label | * as fsNative |
| mock-rule-03-unauthorized-fs-access-self-modification.ts:3:13:3:20 | fsNative | semmle.label | fsNative |
| mock-rule-03-unauthorized-fs-access-self-modification.ts:4:8:4:25 | * as fsExtraNative | semmle.label | * as fsExtraNative |
| mock-rule-03-unauthorized-fs-access-self-modification.ts:4:13:4:25 | fsExtraNative | semmle.label | fsExtraNative |
| mock-rule-03-unauthorized-fs-access-self-modification.ts:18:11:18:12 | s1 | semmle.label | s1 |
| mock-rule-03-unauthorized-fs-access-self-modification.ts:18:16:18:24 | __dirname | semmle.label | __dirname |
| mock-rule-03-unauthorized-fs-access-self-modification.ts:19:28:19:29 | s1 | semmle.label | s1 |
| mock-rule-03-unauthorized-fs-access-self-modification.ts:20:33:20:34 | s1 | semmle.label | s1 |
| mock-rule-03-unauthorized-fs-access-self-modification.ts:22:11:22:12 | s2 | semmle.label | s2 |
| mock-rule-03-unauthorized-fs-access-self-modification.ts:22:16:22:25 | __filename | semmle.label | __filename |
| mock-rule-03-unauthorized-fs-access-self-modification.ts:23:28:23:29 | s2 | semmle.label | s2 |
| mock-rule-03-unauthorized-fs-access-self-modification.ts:24:33:24:34 | s2 | semmle.label | s2 |
| mock-rule-03-unauthorized-fs-access-self-modification.ts:26:11:26:12 | s3 | semmle.label | s3 |
| mock-rule-03-unauthorized-fs-access-self-modification.ts:26:16:26:28 | process.cwd() | semmle.label | process.cwd() |
| mock-rule-03-unauthorized-fs-access-self-modification.ts:27:28:27:29 | s3 | semmle.label | s3 |
| mock-rule-03-unauthorized-fs-access-self-modification.ts:28:33:28:34 | s3 | semmle.label | s3 |
| mock-rule-03-unauthorized-fs-access-self-modification.ts:30:11:30:12 | s4 | semmle.label | s4 |
| mock-rule-03-unauthorized-fs-access-self-modification.ts:30:16:30:38 | app.get ... rData') | semmle.label | app.get ... rData') |
| mock-rule-03-unauthorized-fs-access-self-modification.ts:31:28:31:29 | s4 | semmle.label | s4 |
| mock-rule-03-unauthorized-fs-access-self-modification.ts:32:33:32:34 | s4 | semmle.label | s4 |
| mock-rule-03-unauthorized-fs-access-self-modification.ts:34:11:34:12 | s5 | semmle.label | s5 |
| mock-rule-03-unauthorized-fs-access-self-modification.ts:34:16:34:27 | os.homedir() | semmle.label | os.homedir() |
| mock-rule-03-unauthorized-fs-access-self-modification.ts:35:28:35:29 | s5 | semmle.label | s5 |
| mock-rule-03-unauthorized-fs-access-self-modification.ts:36:33:36:34 | s5 | semmle.label | s5 |
| mock-rule-03-unauthorized-fs-access-self-modification.ts:38:11:38:12 | s6 | semmle.label | s6 |
| mock-rule-03-unauthorized-fs-access-self-modification.ts:38:16:38:41 | path.re ... 'test') | semmle.label | path.re ... 'test') |
| mock-rule-03-unauthorized-fs-access-self-modification.ts:39:28:39:29 | s6 | semmle.label | s6 |
| mock-rule-03-unauthorized-fs-access-self-modification.ts:40:33:40:34 | s6 | semmle.label | s6 |
| mock-rule-03-unauthorized-fs-access-self-modification.ts:42:11:42:12 | s7 | semmle.label | s7 |
| mock-rule-03-unauthorized-fs-access-self-modification.ts:42:16:42:40 | path.jo ... 'test') | semmle.label | path.jo ... 'test') |
| mock-rule-03-unauthorized-fs-access-self-modification.ts:43:28:43:29 | s7 | semmle.label | s7 |
| mock-rule-03-unauthorized-fs-access-self-modification.ts:44:33:44:34 | s7 | semmle.label | s7 |
| mock-rule-03-unauthorized-fs-access-self-modification.ts:46:11:46:12 | s8 | semmle.label | s8 |
| mock-rule-03-unauthorized-fs-access-self-modification.ts:46:16:46:23 | fsNative | semmle.label | fsNative |
| mock-rule-03-unauthorized-fs-access-self-modification.ts:47:28:47:29 | s8 | semmle.label | s8 |
| mock-rule-03-unauthorized-fs-access-self-modification.ts:48:33:48:34 | s8 | semmle.label | s8 |
| mock-rule-03-unauthorized-fs-access-self-modification.ts:50:11:50:12 | s9 | semmle.label | s9 |
| mock-rule-03-unauthorized-fs-access-self-modification.ts:50:16:50:28 | fsExtraNative | semmle.label | fsExtraNative |
| mock-rule-03-unauthorized-fs-access-self-modification.ts:51:28:51:29 | s9 | semmle.label | s9 |
| mock-rule-03-unauthorized-fs-access-self-modification.ts:52:33:52:34 | s9 | semmle.label | s9 |
| mock-rule-03-unauthorized-fs-access-self-modification.ts:54:11:54:13 | s10 | semmle.label | s10 |
| mock-rule-03-unauthorized-fs-access-self-modification.ts:54:17:54:51 | await ( ... e('fs') | semmle.label | await ( ... e('fs') |
| mock-rule-03-unauthorized-fs-access-self-modification.ts:54:23:54:51 | (joplin ... e('fs') | semmle.label | (joplin ... e('fs') |
| mock-rule-03-unauthorized-fs-access-self-modification.ts:55:28:55:30 | s10 | semmle.label | s10 |
| mock-rule-03-unauthorized-fs-access-self-modification.ts:56:33:56:35 | s10 | semmle.label | s10 |
| mock-rule-03-unauthorized-fs-access-self-modification.ts:58:11:58:13 | s11 | semmle.label | s11 |
| mock-rule-03-unauthorized-fs-access-self-modification.ts:58:17:58:57 | await ( ... extra') | semmle.label | await ( ... extra') |
| mock-rule-03-unauthorized-fs-access-self-modification.ts:58:23:58:57 | (joplin ... extra') | semmle.label | (joplin ... extra') |
| mock-rule-03-unauthorized-fs-access-self-modification.ts:59:28:59:30 | s11 | semmle.label | s11 |
| mock-rule-03-unauthorized-fs-access-self-modification.ts:60:33:60:35 | s11 | semmle.label | s11 |
| mock-rule-03-unauthorized-fs-access-self-modification.ts:62:11:62:13 | s12 | semmle.label | s12 |
| mock-rule-03-unauthorized-fs-access-self-modification.ts:62:17:62:29 | require('fs') | semmle.label | require('fs') |
| mock-rule-03-unauthorized-fs-access-self-modification.ts:63:28:63:30 | s12 | semmle.label | s12 |
| mock-rule-03-unauthorized-fs-access-self-modification.ts:64:33:64:35 | s12 | semmle.label | s12 |
subpaths
#select
| mock-rule-03-unauthorized-fs-access-self-modification.ts:19:28:19:29 | s1 | mock-rule-03-unauthorized-fs-access-self-modification.ts:18:16:18:24 | __dirname | mock-rule-03-unauthorized-fs-access-self-modification.ts:19:28:19:29 | s1 | Unauthorized File System Access: The plugin is using path-revealing variables (like `__dirname` or `process.cwd`) to write, modify, or delete files outside of the safe Joplin sandbox. \\n**Reviewer Action:** Plugins must exclusively use `joplin.plugins.dataDir()` for file storage. Reject this if it is attempting to modify the plugin's own source files or blindly access the user's broader OS file system. |
| mock-rule-03-unauthorized-fs-access-self-modification.ts:20:33:20:34 | s1 | mock-rule-03-unauthorized-fs-access-self-modification.ts:18:16:18:24 | __dirname | mock-rule-03-unauthorized-fs-access-self-modification.ts:20:33:20:34 | s1 | Unauthorized File System Access: The plugin is using path-revealing variables (like `__dirname` or `process.cwd`) to write, modify, or delete files outside of the safe Joplin sandbox. \\n**Reviewer Action:** Plugins must exclusively use `joplin.plugins.dataDir()` for file storage. Reject this if it is attempting to modify the plugin's own source files or blindly access the user's broader OS file system. |
| mock-rule-03-unauthorized-fs-access-self-modification.ts:23:28:23:29 | s2 | mock-rule-03-unauthorized-fs-access-self-modification.ts:22:16:22:25 | __filename | mock-rule-03-unauthorized-fs-access-self-modification.ts:23:28:23:29 | s2 | Unauthorized File System Access: The plugin is using path-revealing variables (like `__dirname` or `process.cwd`) to write, modify, or delete files outside of the safe Joplin sandbox. \\n**Reviewer Action:** Plugins must exclusively use `joplin.plugins.dataDir()` for file storage. Reject this if it is attempting to modify the plugin's own source files or blindly access the user's broader OS file system. |
| mock-rule-03-unauthorized-fs-access-self-modification.ts:24:33:24:34 | s2 | mock-rule-03-unauthorized-fs-access-self-modification.ts:22:16:22:25 | __filename | mock-rule-03-unauthorized-fs-access-self-modification.ts:24:33:24:34 | s2 | Unauthorized File System Access: The plugin is using path-revealing variables (like `__dirname` or `process.cwd`) to write, modify, or delete files outside of the safe Joplin sandbox. \\n**Reviewer Action:** Plugins must exclusively use `joplin.plugins.dataDir()` for file storage. Reject this if it is attempting to modify the plugin's own source files or blindly access the user's broader OS file system. |
| mock-rule-03-unauthorized-fs-access-self-modification.ts:27:28:27:29 | s3 | mock-rule-03-unauthorized-fs-access-self-modification.ts:26:16:26:28 | process.cwd() | mock-rule-03-unauthorized-fs-access-self-modification.ts:27:28:27:29 | s3 | Unauthorized File System Access: The plugin is using path-revealing variables (like `__dirname` or `process.cwd`) to write, modify, or delete files outside of the safe Joplin sandbox. \\n**Reviewer Action:** Plugins must exclusively use `joplin.plugins.dataDir()` for file storage. Reject this if it is attempting to modify the plugin's own source files or blindly access the user's broader OS file system. |
| mock-rule-03-unauthorized-fs-access-self-modification.ts:28:33:28:34 | s3 | mock-rule-03-unauthorized-fs-access-self-modification.ts:26:16:26:28 | process.cwd() | mock-rule-03-unauthorized-fs-access-self-modification.ts:28:33:28:34 | s3 | Unauthorized File System Access: The plugin is using path-revealing variables (like `__dirname` or `process.cwd`) to write, modify, or delete files outside of the safe Joplin sandbox. \\n**Reviewer Action:** Plugins must exclusively use `joplin.plugins.dataDir()` for file storage. Reject this if it is attempting to modify the plugin's own source files or blindly access the user's broader OS file system. |
| mock-rule-03-unauthorized-fs-access-self-modification.ts:31:28:31:29 | s4 | mock-rule-03-unauthorized-fs-access-self-modification.ts:30:16:30:38 | app.get ... rData') | mock-rule-03-unauthorized-fs-access-self-modification.ts:31:28:31:29 | s4 | Unauthorized File System Access: The plugin is using path-revealing variables (like `__dirname` or `process.cwd`) to write, modify, or delete files outside of the safe Joplin sandbox. \\n**Reviewer Action:** Plugins must exclusively use `joplin.plugins.dataDir()` for file storage. Reject this if it is attempting to modify the plugin's own source files or blindly access the user's broader OS file system. |
| mock-rule-03-unauthorized-fs-access-self-modification.ts:32:33:32:34 | s4 | mock-rule-03-unauthorized-fs-access-self-modification.ts:30:16:30:38 | app.get ... rData') | mock-rule-03-unauthorized-fs-access-self-modification.ts:32:33:32:34 | s4 | Unauthorized File System Access: The plugin is using path-revealing variables (like `__dirname` or `process.cwd`) to write, modify, or delete files outside of the safe Joplin sandbox. \\n**Reviewer Action:** Plugins must exclusively use `joplin.plugins.dataDir()` for file storage. Reject this if it is attempting to modify the plugin's own source files or blindly access the user's broader OS file system. |
| mock-rule-03-unauthorized-fs-access-self-modification.ts:35:28:35:29 | s5 | mock-rule-03-unauthorized-fs-access-self-modification.ts:34:16:34:27 | os.homedir() | mock-rule-03-unauthorized-fs-access-self-modification.ts:35:28:35:29 | s5 | Unauthorized File System Access: The plugin is using path-revealing variables (like `__dirname` or `process.cwd`) to write, modify, or delete files outside of the safe Joplin sandbox. \\n**Reviewer Action:** Plugins must exclusively use `joplin.plugins.dataDir()` for file storage. Reject this if it is attempting to modify the plugin's own source files or blindly access the user's broader OS file system. |
| mock-rule-03-unauthorized-fs-access-self-modification.ts:36:33:36:34 | s5 | mock-rule-03-unauthorized-fs-access-self-modification.ts:34:16:34:27 | os.homedir() | mock-rule-03-unauthorized-fs-access-self-modification.ts:36:33:36:34 | s5 | Unauthorized File System Access: The plugin is using path-revealing variables (like `__dirname` or `process.cwd`) to write, modify, or delete files outside of the safe Joplin sandbox. \\n**Reviewer Action:** Plugins must exclusively use `joplin.plugins.dataDir()` for file storage. Reject this if it is attempting to modify the plugin's own source files or blindly access the user's broader OS file system. |
| mock-rule-03-unauthorized-fs-access-self-modification.ts:39:28:39:29 | s6 | mock-rule-03-unauthorized-fs-access-self-modification.ts:38:16:38:41 | path.re ... 'test') | mock-rule-03-unauthorized-fs-access-self-modification.ts:39:28:39:29 | s6 | Unauthorized File System Access: The plugin is using path-revealing variables (like `__dirname` or `process.cwd`) to write, modify, or delete files outside of the safe Joplin sandbox. \\n**Reviewer Action:** Plugins must exclusively use `joplin.plugins.dataDir()` for file storage. Reject this if it is attempting to modify the plugin's own source files or blindly access the user's broader OS file system. |
| mock-rule-03-unauthorized-fs-access-self-modification.ts:40:33:40:34 | s6 | mock-rule-03-unauthorized-fs-access-self-modification.ts:38:16:38:41 | path.re ... 'test') | mock-rule-03-unauthorized-fs-access-self-modification.ts:40:33:40:34 | s6 | Unauthorized File System Access: The plugin is using path-revealing variables (like `__dirname` or `process.cwd`) to write, modify, or delete files outside of the safe Joplin sandbox. \\n**Reviewer Action:** Plugins must exclusively use `joplin.plugins.dataDir()` for file storage. Reject this if it is attempting to modify the plugin's own source files or blindly access the user's broader OS file system. |
| mock-rule-03-unauthorized-fs-access-self-modification.ts:43:28:43:29 | s7 | mock-rule-03-unauthorized-fs-access-self-modification.ts:42:16:42:40 | path.jo ... 'test') | mock-rule-03-unauthorized-fs-access-self-modification.ts:43:28:43:29 | s7 | Unauthorized File System Access: The plugin is using path-revealing variables (like `__dirname` or `process.cwd`) to write, modify, or delete files outside of the safe Joplin sandbox. \\n**Reviewer Action:** Plugins must exclusively use `joplin.plugins.dataDir()` for file storage. Reject this if it is attempting to modify the plugin's own source files or blindly access the user's broader OS file system. |
| mock-rule-03-unauthorized-fs-access-self-modification.ts:44:33:44:34 | s7 | mock-rule-03-unauthorized-fs-access-self-modification.ts:42:16:42:40 | path.jo ... 'test') | mock-rule-03-unauthorized-fs-access-self-modification.ts:44:33:44:34 | s7 | Unauthorized File System Access: The plugin is using path-revealing variables (like `__dirname` or `process.cwd`) to write, modify, or delete files outside of the safe Joplin sandbox. \\n**Reviewer Action:** Plugins must exclusively use `joplin.plugins.dataDir()` for file storage. Reject this if it is attempting to modify the plugin's own source files or blindly access the user's broader OS file system. |
| mock-rule-03-unauthorized-fs-access-self-modification.ts:47:28:47:29 | s8 | mock-rule-03-unauthorized-fs-access-self-modification.ts:3:8:3:20 | * as fsNative | mock-rule-03-unauthorized-fs-access-self-modification.ts:47:28:47:29 | s8 | Unauthorized File System Access: The plugin is using path-revealing variables (like `__dirname` or `process.cwd`) to write, modify, or delete files outside of the safe Joplin sandbox. \\n**Reviewer Action:** Plugins must exclusively use `joplin.plugins.dataDir()` for file storage. Reject this if it is attempting to modify the plugin's own source files or blindly access the user's broader OS file system. |
| mock-rule-03-unauthorized-fs-access-self-modification.ts:48:33:48:34 | s8 | mock-rule-03-unauthorized-fs-access-self-modification.ts:3:8:3:20 | * as fsNative | mock-rule-03-unauthorized-fs-access-self-modification.ts:48:33:48:34 | s8 | Unauthorized File System Access: The plugin is using path-revealing variables (like `__dirname` or `process.cwd`) to write, modify, or delete files outside of the safe Joplin sandbox. \\n**Reviewer Action:** Plugins must exclusively use `joplin.plugins.dataDir()` for file storage. Reject this if it is attempting to modify the plugin's own source files or blindly access the user's broader OS file system. |
| mock-rule-03-unauthorized-fs-access-self-modification.ts:51:28:51:29 | s9 | mock-rule-03-unauthorized-fs-access-self-modification.ts:4:8:4:25 | * as fsExtraNative | mock-rule-03-unauthorized-fs-access-self-modification.ts:51:28:51:29 | s9 | Unauthorized File System Access: The plugin is using path-revealing variables (like `__dirname` or `process.cwd`) to write, modify, or delete files outside of the safe Joplin sandbox. \\n**Reviewer Action:** Plugins must exclusively use `joplin.plugins.dataDir()` for file storage. Reject this if it is attempting to modify the plugin's own source files or blindly access the user's broader OS file system. |
| mock-rule-03-unauthorized-fs-access-self-modification.ts:52:33:52:34 | s9 | mock-rule-03-unauthorized-fs-access-self-modification.ts:4:8:4:25 | * as fsExtraNative | mock-rule-03-unauthorized-fs-access-self-modification.ts:52:33:52:34 | s9 | Unauthorized File System Access: The plugin is using path-revealing variables (like `__dirname` or `process.cwd`) to write, modify, or delete files outside of the safe Joplin sandbox. \\n**Reviewer Action:** Plugins must exclusively use `joplin.plugins.dataDir()` for file storage. Reject this if it is attempting to modify the plugin's own source files or blindly access the user's broader OS file system. |
| mock-rule-03-unauthorized-fs-access-self-modification.ts:55:28:55:30 | s10 | mock-rule-03-unauthorized-fs-access-self-modification.ts:54:23:54:51 | (joplin ... e('fs') | mock-rule-03-unauthorized-fs-access-self-modification.ts:55:28:55:30 | s10 | Unauthorized File System Access: The plugin is using path-revealing variables (like `__dirname` or `process.cwd`) to write, modify, or delete files outside of the safe Joplin sandbox. \\n**Reviewer Action:** Plugins must exclusively use `joplin.plugins.dataDir()` for file storage. Reject this if it is attempting to modify the plugin's own source files or blindly access the user's broader OS file system. |
| mock-rule-03-unauthorized-fs-access-self-modification.ts:56:33:56:35 | s10 | mock-rule-03-unauthorized-fs-access-self-modification.ts:54:23:54:51 | (joplin ... e('fs') | mock-rule-03-unauthorized-fs-access-self-modification.ts:56:33:56:35 | s10 | Unauthorized File System Access: The plugin is using path-revealing variables (like `__dirname` or `process.cwd`) to write, modify, or delete files outside of the safe Joplin sandbox. \\n**Reviewer Action:** Plugins must exclusively use `joplin.plugins.dataDir()` for file storage. Reject this if it is attempting to modify the plugin's own source files or blindly access the user's broader OS file system. |
| mock-rule-03-unauthorized-fs-access-self-modification.ts:59:28:59:30 | s11 | mock-rule-03-unauthorized-fs-access-self-modification.ts:58:23:58:57 | (joplin ... extra') | mock-rule-03-unauthorized-fs-access-self-modification.ts:59:28:59:30 | s11 | Unauthorized File System Access: The plugin is using path-revealing variables (like `__dirname` or `process.cwd`) to write, modify, or delete files outside of the safe Joplin sandbox. \\n**Reviewer Action:** Plugins must exclusively use `joplin.plugins.dataDir()` for file storage. Reject this if it is attempting to modify the plugin's own source files or blindly access the user's broader OS file system. |
| mock-rule-03-unauthorized-fs-access-self-modification.ts:60:33:60:35 | s11 | mock-rule-03-unauthorized-fs-access-self-modification.ts:58:23:58:57 | (joplin ... extra') | mock-rule-03-unauthorized-fs-access-self-modification.ts:60:33:60:35 | s11 | Unauthorized File System Access: The plugin is using path-revealing variables (like `__dirname` or `process.cwd`) to write, modify, or delete files outside of the safe Joplin sandbox. \\n**Reviewer Action:** Plugins must exclusively use `joplin.plugins.dataDir()` for file storage. Reject this if it is attempting to modify the plugin's own source files or blindly access the user's broader OS file system. |
| mock-rule-03-unauthorized-fs-access-self-modification.ts:63:28:63:30 | s12 | mock-rule-03-unauthorized-fs-access-self-modification.ts:62:17:62:29 | require('fs') | mock-rule-03-unauthorized-fs-access-self-modification.ts:63:28:63:30 | s12 | Unauthorized File System Access: The plugin is using path-revealing variables (like `__dirname` or `process.cwd`) to write, modify, or delete files outside of the safe Joplin sandbox. \\n**Reviewer Action:** Plugins must exclusively use `joplin.plugins.dataDir()` for file storage. Reject this if it is attempting to modify the plugin's own source files or blindly access the user's broader OS file system. |
| mock-rule-03-unauthorized-fs-access-self-modification.ts:64:33:64:35 | s12 | mock-rule-03-unauthorized-fs-access-self-modification.ts:62:17:62:29 | require('fs') | mock-rule-03-unauthorized-fs-access-self-modification.ts:64:33:64:35 | s12 | Unauthorized File System Access: The plugin is using path-revealing variables (like `__dirname` or `process.cwd`) to write, modify, or delete files outside of the safe Joplin sandbox. \\n**Reviewer Action:** Plugins must exclusively use `joplin.plugins.dataDir()` for file storage. Reject this if it is attempting to modify the plugin's own source files or blindly access the user's broader OS file system. |
