edges
| mock-rule-03-unauthorized-fs-access-self-modification.ts:11:11:11:12 | p1 | mock-rule-03-unauthorized-fs-access-self-modification.ts:12:22:12:23 | p1 | provenance |  |
| mock-rule-03-unauthorized-fs-access-self-modification.ts:11:16:11:50 | path.jo ... ed.js') | mock-rule-03-unauthorized-fs-access-self-modification.ts:11:11:11:12 | p1 | provenance |  |
| mock-rule-03-unauthorized-fs-access-self-modification.ts:11:26:11:34 | __dirname | mock-rule-03-unauthorized-fs-access-self-modification.ts:11:16:11:50 | path.jo ... ed.js') | provenance |  |
| mock-rule-03-unauthorized-fs-access-self-modification.ts:14:11:14:12 | p2 | mock-rule-03-unauthorized-fs-access-self-modification.ts:15:23:15:24 | p2 | provenance |  |
| mock-rule-03-unauthorized-fs-access-self-modification.ts:14:16:14:54 | path.jo ... ed.js') | mock-rule-03-unauthorized-fs-access-self-modification.ts:14:11:14:12 | p2 | provenance |  |
| mock-rule-03-unauthorized-fs-access-self-modification.ts:14:26:14:35 | __filename | mock-rule-03-unauthorized-fs-access-self-modification.ts:14:16:14:54 | path.jo ... ed.js') | provenance |  |
| mock-rule-03-unauthorized-fs-access-self-modification.ts:17:11:17:12 | p3 | mock-rule-03-unauthorized-fs-access-self-modification.ts:18:19:18:20 | p3 | provenance |  |
| mock-rule-03-unauthorized-fs-access-self-modification.ts:17:16:17:50 | path.jo ... t.txt') | mock-rule-03-unauthorized-fs-access-self-modification.ts:17:11:17:12 | p3 | provenance |  |
| mock-rule-03-unauthorized-fs-access-self-modification.ts:17:26:17:38 | process.cwd() | mock-rule-03-unauthorized-fs-access-self-modification.ts:17:16:17:50 | path.jo ... t.txt') | provenance |  |
| mock-rule-03-unauthorized-fs-access-self-modification.ts:20:11:20:12 | p4 | mock-rule-03-unauthorized-fs-access-self-modification.ts:21:15:21:16 | p4 | provenance |  |
| mock-rule-03-unauthorized-fs-access-self-modification.ts:20:16:20:57 | path.jo ... l.txt') | mock-rule-03-unauthorized-fs-access-self-modification.ts:20:11:20:12 | p4 | provenance |  |
| mock-rule-03-unauthorized-fs-access-self-modification.ts:20:26:20:44 | app.getPath('home') | mock-rule-03-unauthorized-fs-access-self-modification.ts:20:16:20:57 | path.jo ... l.txt') | provenance |  |
| mock-rule-03-unauthorized-fs-access-self-modification.ts:23:11:23:12 | p5 | mock-rule-03-unauthorized-fs-access-self-modification.ts:24:24:24:25 | p5 | provenance |  |
| mock-rule-03-unauthorized-fs-access-self-modification.ts:23:16:23:56 | path.jo ... onfig') | mock-rule-03-unauthorized-fs-access-self-modification.ts:23:11:23:12 | p5 | provenance |  |
| mock-rule-03-unauthorized-fs-access-self-modification.ts:23:26:23:37 | os.homedir() | mock-rule-03-unauthorized-fs-access-self-modification.ts:23:16:23:56 | path.jo ... onfig') | provenance |  |
| mock-rule-03-unauthorized-fs-access-self-modification.ts:26:11:26:12 | p6 | mock-rule-03-unauthorized-fs-access-self-modification.ts:27:18:27:19 | p6 | provenance |  |
| mock-rule-03-unauthorized-fs-access-self-modification.ts:26:16:26:46 | path.jo ... w-dir') | mock-rule-03-unauthorized-fs-access-self-modification.ts:26:11:26:12 | p6 | provenance |  |
| mock-rule-03-unauthorized-fs-access-self-modification.ts:26:26:26:34 | __dirname | mock-rule-03-unauthorized-fs-access-self-modification.ts:26:16:26:46 | path.jo ... w-dir') | provenance |  |
| mock-rule-03-unauthorized-fs-access-self-modification.ts:29:11:29:12 | p7 | mock-rule-03-unauthorized-fs-access-self-modification.ts:30:26:30:27 | p7 | provenance |  |
| mock-rule-03-unauthorized-fs-access-self-modification.ts:29:16:29:53 | path.jo ... m.txt') | mock-rule-03-unauthorized-fs-access-self-modification.ts:29:11:29:12 | p7 | provenance |  |
| mock-rule-03-unauthorized-fs-access-self-modification.ts:29:26:29:38 | process.cwd() | mock-rule-03-unauthorized-fs-access-self-modification.ts:29:16:29:53 | path.jo ... m.txt') | provenance |  |
| mock-rule-03-unauthorized-fs-access-self-modification.ts:32:11:32:12 | p8 | mock-rule-03-unauthorized-fs-access-self-modification.ts:33:21:33:22 | p8 | provenance |  |
| mock-rule-03-unauthorized-fs-access-self-modification.ts:32:16:32:50 | path.jo ... y.txt') | mock-rule-03-unauthorized-fs-access-self-modification.ts:32:11:32:12 | p8 | provenance |  |
| mock-rule-03-unauthorized-fs-access-self-modification.ts:32:26:32:37 | os.homedir() | mock-rule-03-unauthorized-fs-access-self-modification.ts:32:16:32:50 | path.jo ... y.txt') | provenance |  |
| mock-rule-03-unauthorized-fs-access-self-modification.ts:35:11:35:12 | p9 | mock-rule-03-unauthorized-fs-access-self-modification.ts:36:19:36:20 | p9 | provenance |  |
| mock-rule-03-unauthorized-fs-access-self-modification.ts:35:16:35:50 | path.jo ... e.txt') | mock-rule-03-unauthorized-fs-access-self-modification.ts:35:11:35:12 | p9 | provenance |  |
| mock-rule-03-unauthorized-fs-access-self-modification.ts:35:26:35:37 | os.homedir() | mock-rule-03-unauthorized-fs-access-self-modification.ts:35:16:35:50 | path.jo ... e.txt') | provenance |  |
nodes
| mock-rule-03-unauthorized-fs-access-self-modification.ts:11:11:11:12 | p1 | semmle.label | p1 |
| mock-rule-03-unauthorized-fs-access-self-modification.ts:11:16:11:50 | path.jo ... ed.js') | semmle.label | path.jo ... ed.js') |
| mock-rule-03-unauthorized-fs-access-self-modification.ts:11:26:11:34 | __dirname | semmle.label | __dirname |
| mock-rule-03-unauthorized-fs-access-self-modification.ts:12:22:12:23 | p1 | semmle.label | p1 |
| mock-rule-03-unauthorized-fs-access-self-modification.ts:14:11:14:12 | p2 | semmle.label | p2 |
| mock-rule-03-unauthorized-fs-access-self-modification.ts:14:16:14:54 | path.jo ... ed.js') | semmle.label | path.jo ... ed.js') |
| mock-rule-03-unauthorized-fs-access-self-modification.ts:14:26:14:35 | __filename | semmle.label | __filename |
| mock-rule-03-unauthorized-fs-access-self-modification.ts:15:23:15:24 | p2 | semmle.label | p2 |
| mock-rule-03-unauthorized-fs-access-self-modification.ts:17:11:17:12 | p3 | semmle.label | p3 |
| mock-rule-03-unauthorized-fs-access-self-modification.ts:17:16:17:50 | path.jo ... t.txt') | semmle.label | path.jo ... t.txt') |
| mock-rule-03-unauthorized-fs-access-self-modification.ts:17:26:17:38 | process.cwd() | semmle.label | process.cwd() |
| mock-rule-03-unauthorized-fs-access-self-modification.ts:18:19:18:20 | p3 | semmle.label | p3 |
| mock-rule-03-unauthorized-fs-access-self-modification.ts:20:11:20:12 | p4 | semmle.label | p4 |
| mock-rule-03-unauthorized-fs-access-self-modification.ts:20:16:20:57 | path.jo ... l.txt') | semmle.label | path.jo ... l.txt') |
| mock-rule-03-unauthorized-fs-access-self-modification.ts:20:26:20:44 | app.getPath('home') | semmle.label | app.getPath('home') |
| mock-rule-03-unauthorized-fs-access-self-modification.ts:21:15:21:16 | p4 | semmle.label | p4 |
| mock-rule-03-unauthorized-fs-access-self-modification.ts:23:11:23:12 | p5 | semmle.label | p5 |
| mock-rule-03-unauthorized-fs-access-self-modification.ts:23:16:23:56 | path.jo ... onfig') | semmle.label | path.jo ... onfig') |
| mock-rule-03-unauthorized-fs-access-self-modification.ts:23:26:23:37 | os.homedir() | semmle.label | os.homedir() |
| mock-rule-03-unauthorized-fs-access-self-modification.ts:24:24:24:25 | p5 | semmle.label | p5 |
| mock-rule-03-unauthorized-fs-access-self-modification.ts:26:11:26:12 | p6 | semmle.label | p6 |
| mock-rule-03-unauthorized-fs-access-self-modification.ts:26:16:26:46 | path.jo ... w-dir') | semmle.label | path.jo ... w-dir') |
| mock-rule-03-unauthorized-fs-access-self-modification.ts:26:26:26:34 | __dirname | semmle.label | __dirname |
| mock-rule-03-unauthorized-fs-access-self-modification.ts:27:18:27:19 | p6 | semmle.label | p6 |
| mock-rule-03-unauthorized-fs-access-self-modification.ts:29:11:29:12 | p7 | semmle.label | p7 |
| mock-rule-03-unauthorized-fs-access-self-modification.ts:29:16:29:53 | path.jo ... m.txt') | semmle.label | path.jo ... m.txt') |
| mock-rule-03-unauthorized-fs-access-self-modification.ts:29:26:29:38 | process.cwd() | semmle.label | process.cwd() |
| mock-rule-03-unauthorized-fs-access-self-modification.ts:30:26:30:27 | p7 | semmle.label | p7 |
| mock-rule-03-unauthorized-fs-access-self-modification.ts:32:11:32:12 | p8 | semmle.label | p8 |
| mock-rule-03-unauthorized-fs-access-self-modification.ts:32:16:32:50 | path.jo ... y.txt') | semmle.label | path.jo ... y.txt') |
| mock-rule-03-unauthorized-fs-access-self-modification.ts:32:26:32:37 | os.homedir() | semmle.label | os.homedir() |
| mock-rule-03-unauthorized-fs-access-self-modification.ts:33:21:33:22 | p8 | semmle.label | p8 |
| mock-rule-03-unauthorized-fs-access-self-modification.ts:35:11:35:12 | p9 | semmle.label | p9 |
| mock-rule-03-unauthorized-fs-access-self-modification.ts:35:16:35:50 | path.jo ... e.txt') | semmle.label | path.jo ... e.txt') |
| mock-rule-03-unauthorized-fs-access-self-modification.ts:35:26:35:37 | os.homedir() | semmle.label | os.homedir() |
| mock-rule-03-unauthorized-fs-access-self-modification.ts:36:19:36:20 | p9 | semmle.label | p9 |
| mock-rule-03-unauthorized-fs-access-self-modification.ts:40:22:40:30 | __dirname | semmle.label | __dirname |
| mock-rule-03-unauthorized-fs-access-self-modification.ts:41:22:41:31 | __filename | semmle.label | __filename |
| mock-rule-03-unauthorized-fs-access-self-modification.ts:42:22:42:34 | process.cwd() | semmle.label | process.cwd() |
| mock-rule-03-unauthorized-fs-access-self-modification.ts:43:22:43:33 | os.homedir() | semmle.label | os.homedir() |
| mock-rule-03-unauthorized-fs-access-self-modification.ts:44:22:44:40 | app.getPath('home') | semmle.label | app.getPath('home') |
subpaths
#select
| mock-rule-03-unauthorized-fs-access-self-modification.ts:12:22:12:23 | p1 | mock-rule-03-unauthorized-fs-access-self-modification.ts:11:26:11:34 | __dirname | mock-rule-03-unauthorized-fs-access-self-modification.ts:12:22:12:23 | p1 | Unauthorized File System Access: The plugin is using path-revealing variables (like `__dirname` or `process.cwd`) to write, modify, or delete files outside of the safe Joplin sandbox. \\n**Reviewer Action:** Plugins must exclusively use `joplin.plugins.dataDir()` for file storage. Reject this if it is attempting to modify the plugin's own source files or blindly access the user's broader OS file system. |
| mock-rule-03-unauthorized-fs-access-self-modification.ts:15:23:15:24 | p2 | mock-rule-03-unauthorized-fs-access-self-modification.ts:14:26:14:35 | __filename | mock-rule-03-unauthorized-fs-access-self-modification.ts:15:23:15:24 | p2 | Unauthorized File System Access: The plugin is using path-revealing variables (like `__dirname` or `process.cwd`) to write, modify, or delete files outside of the safe Joplin sandbox. \\n**Reviewer Action:** Plugins must exclusively use `joplin.plugins.dataDir()` for file storage. Reject this if it is attempting to modify the plugin's own source files or blindly access the user's broader OS file system. |
| mock-rule-03-unauthorized-fs-access-self-modification.ts:18:19:18:20 | p3 | mock-rule-03-unauthorized-fs-access-self-modification.ts:17:26:17:38 | process.cwd() | mock-rule-03-unauthorized-fs-access-self-modification.ts:18:19:18:20 | p3 | Unauthorized File System Access: The plugin is using path-revealing variables (like `__dirname` or `process.cwd`) to write, modify, or delete files outside of the safe Joplin sandbox. \\n**Reviewer Action:** Plugins must exclusively use `joplin.plugins.dataDir()` for file storage. Reject this if it is attempting to modify the plugin's own source files or blindly access the user's broader OS file system. |
| mock-rule-03-unauthorized-fs-access-self-modification.ts:21:15:21:16 | p4 | mock-rule-03-unauthorized-fs-access-self-modification.ts:20:26:20:44 | app.getPath('home') | mock-rule-03-unauthorized-fs-access-self-modification.ts:21:15:21:16 | p4 | Unauthorized File System Access: The plugin is using path-revealing variables (like `__dirname` or `process.cwd`) to write, modify, or delete files outside of the safe Joplin sandbox. \\n**Reviewer Action:** Plugins must exclusively use `joplin.plugins.dataDir()` for file storage. Reject this if it is attempting to modify the plugin's own source files or blindly access the user's broader OS file system. |
| mock-rule-03-unauthorized-fs-access-self-modification.ts:24:24:24:25 | p5 | mock-rule-03-unauthorized-fs-access-self-modification.ts:23:26:23:37 | os.homedir() | mock-rule-03-unauthorized-fs-access-self-modification.ts:24:24:24:25 | p5 | Unauthorized File System Access: The plugin is using path-revealing variables (like `__dirname` or `process.cwd`) to write, modify, or delete files outside of the safe Joplin sandbox. \\n**Reviewer Action:** Plugins must exclusively use `joplin.plugins.dataDir()` for file storage. Reject this if it is attempting to modify the plugin's own source files or blindly access the user's broader OS file system. |
| mock-rule-03-unauthorized-fs-access-self-modification.ts:27:18:27:19 | p6 | mock-rule-03-unauthorized-fs-access-self-modification.ts:26:26:26:34 | __dirname | mock-rule-03-unauthorized-fs-access-self-modification.ts:27:18:27:19 | p6 | Unauthorized File System Access: The plugin is using path-revealing variables (like `__dirname` or `process.cwd`) to write, modify, or delete files outside of the safe Joplin sandbox. \\n**Reviewer Action:** Plugins must exclusively use `joplin.plugins.dataDir()` for file storage. Reject this if it is attempting to modify the plugin's own source files or blindly access the user's broader OS file system. |
| mock-rule-03-unauthorized-fs-access-self-modification.ts:30:26:30:27 | p7 | mock-rule-03-unauthorized-fs-access-self-modification.ts:29:26:29:38 | process.cwd() | mock-rule-03-unauthorized-fs-access-self-modification.ts:30:26:30:27 | p7 | Unauthorized File System Access: The plugin is using path-revealing variables (like `__dirname` or `process.cwd`) to write, modify, or delete files outside of the safe Joplin sandbox. \\n**Reviewer Action:** Plugins must exclusively use `joplin.plugins.dataDir()` for file storage. Reject this if it is attempting to modify the plugin's own source files or blindly access the user's broader OS file system. |
| mock-rule-03-unauthorized-fs-access-self-modification.ts:33:21:33:22 | p8 | mock-rule-03-unauthorized-fs-access-self-modification.ts:32:26:32:37 | os.homedir() | mock-rule-03-unauthorized-fs-access-self-modification.ts:33:21:33:22 | p8 | Unauthorized File System Access: The plugin is using path-revealing variables (like `__dirname` or `process.cwd`) to write, modify, or delete files outside of the safe Joplin sandbox. \\n**Reviewer Action:** Plugins must exclusively use `joplin.plugins.dataDir()` for file storage. Reject this if it is attempting to modify the plugin's own source files or blindly access the user's broader OS file system. |
| mock-rule-03-unauthorized-fs-access-self-modification.ts:36:19:36:20 | p9 | mock-rule-03-unauthorized-fs-access-self-modification.ts:35:26:35:37 | os.homedir() | mock-rule-03-unauthorized-fs-access-self-modification.ts:36:19:36:20 | p9 | Unauthorized File System Access: The plugin is using path-revealing variables (like `__dirname` or `process.cwd`) to write, modify, or delete files outside of the safe Joplin sandbox. \\n**Reviewer Action:** Plugins must exclusively use `joplin.plugins.dataDir()` for file storage. Reject this if it is attempting to modify the plugin's own source files or blindly access the user's broader OS file system. |
| mock-rule-03-unauthorized-fs-access-self-modification.ts:40:22:40:30 | __dirname | mock-rule-03-unauthorized-fs-access-self-modification.ts:40:22:40:30 | __dirname | mock-rule-03-unauthorized-fs-access-self-modification.ts:40:22:40:30 | __dirname | Unauthorized File System Access: The plugin is using path-revealing variables (like `__dirname` or `process.cwd`) to write, modify, or delete files outside of the safe Joplin sandbox. \\n**Reviewer Action:** Plugins must exclusively use `joplin.plugins.dataDir()` for file storage. Reject this if it is attempting to modify the plugin's own source files or blindly access the user's broader OS file system. |
| mock-rule-03-unauthorized-fs-access-self-modification.ts:41:22:41:31 | __filename | mock-rule-03-unauthorized-fs-access-self-modification.ts:41:22:41:31 | __filename | mock-rule-03-unauthorized-fs-access-self-modification.ts:41:22:41:31 | __filename | Unauthorized File System Access: The plugin is using path-revealing variables (like `__dirname` or `process.cwd`) to write, modify, or delete files outside of the safe Joplin sandbox. \\n**Reviewer Action:** Plugins must exclusively use `joplin.plugins.dataDir()` for file storage. Reject this if it is attempting to modify the plugin's own source files or blindly access the user's broader OS file system. |
| mock-rule-03-unauthorized-fs-access-self-modification.ts:42:22:42:34 | process.cwd() | mock-rule-03-unauthorized-fs-access-self-modification.ts:42:22:42:34 | process.cwd() | mock-rule-03-unauthorized-fs-access-self-modification.ts:42:22:42:34 | process.cwd() | Unauthorized File System Access: The plugin is using path-revealing variables (like `__dirname` or `process.cwd`) to write, modify, or delete files outside of the safe Joplin sandbox. \\n**Reviewer Action:** Plugins must exclusively use `joplin.plugins.dataDir()` for file storage. Reject this if it is attempting to modify the plugin's own source files or blindly access the user's broader OS file system. |
| mock-rule-03-unauthorized-fs-access-self-modification.ts:43:22:43:33 | os.homedir() | mock-rule-03-unauthorized-fs-access-self-modification.ts:43:22:43:33 | os.homedir() | mock-rule-03-unauthorized-fs-access-self-modification.ts:43:22:43:33 | os.homedir() | Unauthorized File System Access: The plugin is using path-revealing variables (like `__dirname` or `process.cwd`) to write, modify, or delete files outside of the safe Joplin sandbox. \\n**Reviewer Action:** Plugins must exclusively use `joplin.plugins.dataDir()` for file storage. Reject this if it is attempting to modify the plugin's own source files or blindly access the user's broader OS file system. |
| mock-rule-03-unauthorized-fs-access-self-modification.ts:44:22:44:40 | app.getPath('home') | mock-rule-03-unauthorized-fs-access-self-modification.ts:44:22:44:40 | app.getPath('home') | mock-rule-03-unauthorized-fs-access-self-modification.ts:44:22:44:40 | app.getPath('home') | Unauthorized File System Access: The plugin is using path-revealing variables (like `__dirname` or `process.cwd`) to write, modify, or delete files outside of the safe Joplin sandbox. \\n**Reviewer Action:** Plugins must exclusively use `joplin.plugins.dataDir()` for file storage. Reject this if it is attempting to modify the plugin's own source files or blindly access the user's broader OS file system. |
