edges
| mock-rule-03-unauthorized-fs-access-self-modification.ts:8:32:8:40 | __dirname | mock-rule-03-unauthorized-fs-access-self-modification.ts:8:22:8:60 | path.jo ... h.txt') | provenance |  |
| mock-rule-03-unauthorized-fs-access-self-modification.ts:8:32:8:40 | __dirname | mock-rule-03-unauthorized-fs-access-self-modification.ts:8:22:8:60 | path.jo ... h.txt') | provenance | Config |
| mock-rule-03-unauthorized-fs-access-self-modification.ts:9:32:9:44 | process.cwd() | mock-rule-03-unauthorized-fs-access-self-modification.ts:9:22:9:61 | path.jo ... h.txt') | provenance |  |
| mock-rule-03-unauthorized-fs-access-self-modification.ts:9:32:9:44 | process.cwd() | mock-rule-03-unauthorized-fs-access-self-modification.ts:9:22:9:61 | path.jo ... h.txt') | provenance | Config |
| mock-rule-03-unauthorized-fs-access-self-modification.ts:10:32:10:43 | os.homedir() | mock-rule-03-unauthorized-fs-access-self-modification.ts:10:22:10:61 | path.jo ... h.txt') | provenance |  |
| mock-rule-03-unauthorized-fs-access-self-modification.ts:10:32:10:43 | os.homedir() | mock-rule-03-unauthorized-fs-access-self-modification.ts:10:22:10:61 | path.jo ... h.txt') | provenance | Config |
| mock-rule-03-unauthorized-fs-access-self-modification.ts:11:32:11:42 | os.tmpdir() | mock-rule-03-unauthorized-fs-access-self-modification.ts:11:22:11:59 | path.jo ... h.txt') | provenance |  |
| mock-rule-03-unauthorized-fs-access-self-modification.ts:11:32:11:42 | os.tmpdir() | mock-rule-03-unauthorized-fs-access-self-modification.ts:11:22:11:59 | path.jo ... h.txt') | provenance | Config |
| mock-rule-03-unauthorized-fs-access-self-modification.ts:12:32:12:54 | app.get ... rData') | mock-rule-03-unauthorized-fs-access-self-modification.ts:12:22:12:76 | path.jo ... h.txt') | provenance |  |
| mock-rule-03-unauthorized-fs-access-self-modification.ts:12:32:12:54 | app.get ... rData') | mock-rule-03-unauthorized-fs-access-self-modification.ts:12:22:12:76 | path.jo ... h.txt') | provenance | Config |
| mock-rule-03-unauthorized-fs-access-self-modification.ts:17:25:17:36 | os.homedir() | mock-rule-03-unauthorized-fs-access-self-modification.ts:17:15:17:53 | path.jo ... cache') | provenance |  |
| mock-rule-03-unauthorized-fs-access-self-modification.ts:17:25:17:36 | os.homedir() | mock-rule-03-unauthorized-fs-access-self-modification.ts:17:15:17:53 | path.jo ... cache') | provenance | Config |
| mock-rule-03-unauthorized-fs-access-self-modification.ts:18:44:18:56 | process.cwd() | mock-rule-03-unauthorized-fs-access-self-modification.ts:18:22:18:70 | path.re ... d.txt') | provenance |  |
| mock-rule-03-unauthorized-fs-access-self-modification.ts:18:44:18:56 | process.cwd() | mock-rule-03-unauthorized-fs-access-self-modification.ts:18:22:18:70 | path.re ... d.txt') | provenance | Config |
nodes
| mock-rule-03-unauthorized-fs-access-self-modification.ts:8:22:8:60 | path.jo ... h.txt') | semmle.label | path.jo ... h.txt') |
| mock-rule-03-unauthorized-fs-access-self-modification.ts:8:32:8:40 | __dirname | semmle.label | __dirname |
| mock-rule-03-unauthorized-fs-access-self-modification.ts:9:22:9:61 | path.jo ... h.txt') | semmle.label | path.jo ... h.txt') |
| mock-rule-03-unauthorized-fs-access-self-modification.ts:9:32:9:44 | process.cwd() | semmle.label | process.cwd() |
| mock-rule-03-unauthorized-fs-access-self-modification.ts:10:22:10:61 | path.jo ... h.txt') | semmle.label | path.jo ... h.txt') |
| mock-rule-03-unauthorized-fs-access-self-modification.ts:10:32:10:43 | os.homedir() | semmle.label | os.homedir() |
| mock-rule-03-unauthorized-fs-access-self-modification.ts:11:22:11:59 | path.jo ... h.txt') | semmle.label | path.jo ... h.txt') |
| mock-rule-03-unauthorized-fs-access-self-modification.ts:11:32:11:42 | os.tmpdir() | semmle.label | os.tmpdir() |
| mock-rule-03-unauthorized-fs-access-self-modification.ts:12:22:12:76 | path.jo ... h.txt') | semmle.label | path.jo ... h.txt') |
| mock-rule-03-unauthorized-fs-access-self-modification.ts:12:32:12:54 | app.get ... rData') | semmle.label | app.get ... rData') |
| mock-rule-03-unauthorized-fs-access-self-modification.ts:17:15:17:53 | path.jo ... cache') | semmle.label | path.jo ... cache') |
| mock-rule-03-unauthorized-fs-access-self-modification.ts:17:25:17:36 | os.homedir() | semmle.label | os.homedir() |
| mock-rule-03-unauthorized-fs-access-self-modification.ts:18:22:18:70 | path.re ... d.txt') | semmle.label | path.re ... d.txt') |
| mock-rule-03-unauthorized-fs-access-self-modification.ts:18:44:18:56 | process.cwd() | semmle.label | process.cwd() |
| mock-rule-03-unauthorized-fs-access-self-modification.ts:19:22:19:60 | path.jo ... e.txt') | semmle.label | path.jo ... e.txt') |
subpaths
#select
| mock-rule-03-unauthorized-fs-access-self-modification.ts:8:22:8:60 | path.jo ... h.txt') | mock-rule-03-unauthorized-fs-access-self-modification.ts:8:32:8:40 | __dirname | mock-rule-03-unauthorized-fs-access-self-modification.ts:8:22:8:60 | path.jo ... h.txt') | Unauthorized File System Access: The plugin is using path-revealing variables (like `__dirname` or `process.cwd`) to write, modify, or delete files outside of the safe Joplin sandbox. Plugins must exclusively use `joplin.plugins.dataDir()` for persistent file storage. |
| mock-rule-03-unauthorized-fs-access-self-modification.ts:9:22:9:61 | path.jo ... h.txt') | mock-rule-03-unauthorized-fs-access-self-modification.ts:9:32:9:44 | process.cwd() | mock-rule-03-unauthorized-fs-access-self-modification.ts:9:22:9:61 | path.jo ... h.txt') | Unauthorized File System Access: The plugin is using path-revealing variables (like `__dirname` or `process.cwd`) to write, modify, or delete files outside of the safe Joplin sandbox. Plugins must exclusively use `joplin.plugins.dataDir()` for persistent file storage. |
| mock-rule-03-unauthorized-fs-access-self-modification.ts:10:22:10:61 | path.jo ... h.txt') | mock-rule-03-unauthorized-fs-access-self-modification.ts:10:32:10:43 | os.homedir() | mock-rule-03-unauthorized-fs-access-self-modification.ts:10:22:10:61 | path.jo ... h.txt') | Unauthorized File System Access: The plugin is using path-revealing variables (like `__dirname` or `process.cwd`) to write, modify, or delete files outside of the safe Joplin sandbox. Plugins must exclusively use `joplin.plugins.dataDir()` for persistent file storage. |
| mock-rule-03-unauthorized-fs-access-self-modification.ts:11:22:11:59 | path.jo ... h.txt') | mock-rule-03-unauthorized-fs-access-self-modification.ts:11:32:11:42 | os.tmpdir() | mock-rule-03-unauthorized-fs-access-self-modification.ts:11:22:11:59 | path.jo ... h.txt') | Temporary Directory Access: The plugin is writing to `os.tmpdir()`. Check if this is a temporary file creation. If it is used for persistent writes, move it to `joplin.plugins.dataDir()`. |
| mock-rule-03-unauthorized-fs-access-self-modification.ts:12:22:12:76 | path.jo ... h.txt') | mock-rule-03-unauthorized-fs-access-self-modification.ts:12:32:12:54 | app.get ... rData') | mock-rule-03-unauthorized-fs-access-self-modification.ts:12:22:12:76 | path.jo ... h.txt') | Unauthorized File System Access: The plugin is using path-revealing variables (like `__dirname` or `process.cwd`) to write, modify, or delete files outside of the safe Joplin sandbox. Plugins must exclusively use `joplin.plugins.dataDir()` for persistent file storage. |
| mock-rule-03-unauthorized-fs-access-self-modification.ts:17:15:17:53 | path.jo ... cache') | mock-rule-03-unauthorized-fs-access-self-modification.ts:17:25:17:36 | os.homedir() | mock-rule-03-unauthorized-fs-access-self-modification.ts:17:15:17:53 | path.jo ... cache') | Unauthorized File System Access: The plugin is using path-revealing variables (like `__dirname` or `process.cwd`) to write, modify, or delete files outside of the safe Joplin sandbox. Plugins must exclusively use `joplin.plugins.dataDir()` for persistent file storage. |
| mock-rule-03-unauthorized-fs-access-self-modification.ts:18:22:18:70 | path.re ... d.txt') | mock-rule-03-unauthorized-fs-access-self-modification.ts:18:44:18:56 | process.cwd() | mock-rule-03-unauthorized-fs-access-self-modification.ts:18:22:18:70 | path.re ... d.txt') | Unauthorized File System Access: The plugin is using path-revealing variables (like `__dirname` or `process.cwd`) to write, modify, or delete files outside of the safe Joplin sandbox. Plugins must exclusively use `joplin.plugins.dataDir()` for persistent file storage. |
| mock-rule-03-unauthorized-fs-access-self-modification.ts:19:22:19:60 | path.jo ... e.txt') | mock-rule-03-unauthorized-fs-access-self-modification.ts:19:22:19:60 | path.jo ... e.txt') | mock-rule-03-unauthorized-fs-access-self-modification.ts:19:22:19:60 | path.jo ... e.txt') | Unauthorized File System Access: The plugin is using path-revealing variables (like `__dirname` or `process.cwd`) to write, modify, or delete files outside of the safe Joplin sandbox. Plugins must exclusively use `joplin.plugins.dataDir()` for persistent file storage. |
