edges
| mock-rule-05-clipboard-hijacking.ts:7:11:7:13 | url | mock-rule-05-clipboard-hijacking.ts:17:29:17:31 | url | provenance |  |
| mock-rule-05-clipboard-hijacking.ts:7:17:7:46 | 'https: ... ayload' | mock-rule-05-clipboard-hijacking.ts:7:11:7:13 | url | provenance |  |
| mock-rule-05-clipboard-hijacking.ts:10:11:10:15 | clip1 | mock-rule-05-clipboard-hijacking.ts:11:38:11:42 | clip1 | provenance |  |
| mock-rule-05-clipboard-hijacking.ts:10:19:10:51 | await j ... dText() | mock-rule-05-clipboard-hijacking.ts:10:11:10:15 | clip1 | provenance |  |
| mock-rule-05-clipboard-hijacking.ts:10:25:10:51 | joplin. ... dText() | mock-rule-05-clipboard-hijacking.ts:10:19:10:51 | await j ... dText() | provenance |  |
| mock-rule-05-clipboard-hijacking.ts:13:11:13:15 | clip2 | mock-rule-05-clipboard-hijacking.ts:14:46:14:50 | clip2 | provenance |  |
| mock-rule-05-clipboard-hijacking.ts:13:19:13:51 | await j ... dText() | mock-rule-05-clipboard-hijacking.ts:13:11:13:15 | clip2 | provenance |  |
| mock-rule-05-clipboard-hijacking.ts:13:25:13:51 | joplin. ... dText() | mock-rule-05-clipboard-hijacking.ts:13:19:13:51 | await j ... dText() | provenance |  |
| mock-rule-05-clipboard-hijacking.ts:14:38:14:42 | '<b>' | mock-rule-05-clipboard-hijacking.ts:14:38:14:59 | '<b>' + ...  '</b>' | provenance |  |
| mock-rule-05-clipboard-hijacking.ts:14:46:14:50 | clip2 | mock-rule-05-clipboard-hijacking.ts:14:38:14:59 | '<b>' + ...  '</b>' | provenance |  |
| mock-rule-05-clipboard-hijacking.ts:14:54:14:59 | '</b>' | mock-rule-05-clipboard-hijacking.ts:14:38:14:59 | '<b>' + ...  '</b>' | provenance |  |
| mock-rule-05-clipboard-hijacking.ts:17:11:17:13 | res | mock-rule-05-clipboard-hijacking.ts:18:44:18:46 | res | provenance |  |
| mock-rule-05-clipboard-hijacking.ts:17:17:17:32 | await fetch(url) | mock-rule-05-clipboard-hijacking.ts:17:11:17:13 | res | provenance |  |
| mock-rule-05-clipboard-hijacking.ts:17:23:17:32 | fetch(url) | mock-rule-05-clipboard-hijacking.ts:17:17:17:32 | await fetch(url) | provenance |  |
| mock-rule-05-clipboard-hijacking.ts:18:44:18:46 | res | mock-rule-05-clipboard-hijacking.ts:18:44:18:53 | res.text() | provenance |  |
| mock-rule-05-clipboard-hijacking.ts:18:44:18:53 | res.text() | mock-rule-05-clipboard-hijacking.ts:18:38:18:53 | await res.text() | provenance |  |
| mock-rule-05-clipboard-hijacking.ts:25:11:25:15 | clip3 | mock-rule-05-clipboard-hijacking.ts:26:43:26:47 | clip3 | provenance |  |
| mock-rule-05-clipboard-hijacking.ts:25:19:25:51 | await j ... dText() | mock-rule-05-clipboard-hijacking.ts:25:11:25:15 | clip3 | provenance |  |
| mock-rule-05-clipboard-hijacking.ts:25:25:25:51 | joplin. ... dText() | mock-rule-05-clipboard-hijacking.ts:25:19:25:51 | await j ... dText() | provenance |  |
| mock-rule-05-clipboard-hijacking.ts:26:11:26:39 | 'https: ... ?clip=' | mock-rule-05-clipboard-hijacking.ts:26:11:26:47 | 'https: ... + clip3 | provenance |  |
| mock-rule-05-clipboard-hijacking.ts:26:43:26:47 | clip3 | mock-rule-05-clipboard-hijacking.ts:26:11:26:47 | 'https: ... + clip3 | provenance |  |
| mock-rule-05-clipboard-hijacking.ts:28:11:28:15 | clip4 | mock-rule-05-clipboard-hijacking.ts:29:58:29:62 | clip4 | provenance |  |
| mock-rule-05-clipboard-hijacking.ts:28:19:28:51 | await j ... dText() | mock-rule-05-clipboard-hijacking.ts:28:11:28:15 | clip4 | provenance |  |
| mock-rule-05-clipboard-hijacking.ts:28:25:28:51 | joplin. ... dText() | mock-rule-05-clipboard-hijacking.ts:28:19:28:51 | await j ... dText() | provenance |  |
| mock-rule-05-clipboard-hijacking.ts:29:58:29:62 | clip4 | mock-rule-05-clipboard-hijacking.ts:29:45:29:64 | { clipboard: clip4 } | provenance |  |
| mock-rule-05-clipboard-hijacking.ts:31:11:31:15 | clip5 | mock-rule-05-clipboard-hijacking.ts:34:31:34:35 | clip5 | provenance |  |
| mock-rule-05-clipboard-hijacking.ts:31:19:31:51 | await j ... dText() | mock-rule-05-clipboard-hijacking.ts:31:11:31:15 | clip5 | provenance |  |
| mock-rule-05-clipboard-hijacking.ts:31:25:31:51 | joplin. ... dText() | mock-rule-05-clipboard-hijacking.ts:31:19:31:51 | await j ... dText() | provenance |  |
| mock-rule-05-clipboard-hijacking.ts:33:19:33:32 | 'attacker.com' | mock-rule-05-clipboard-hijacking.ts:32:30:35:5 | {\\n      ... ,\\n    } | provenance |  |
| mock-rule-05-clipboard-hijacking.ts:34:15:34:27 | '/leak?clip=' | mock-rule-05-clipboard-hijacking.ts:32:30:35:5 | {\\n      ... ,\\n    } | provenance |  |
| mock-rule-05-clipboard-hijacking.ts:34:31:34:35 | clip5 | mock-rule-05-clipboard-hijacking.ts:32:30:35:5 | {\\n      ... ,\\n    } | provenance |  |
| mock-rule-05-clipboard-hijacking.ts:38:11:38:15 | clip6 | mock-rule-05-clipboard-hijacking.ts:40:13:40:17 | clip6 | provenance |  |
| mock-rule-05-clipboard-hijacking.ts:38:19:38:51 | await j ... dText() | mock-rule-05-clipboard-hijacking.ts:38:11:38:15 | clip6 | provenance |  |
| mock-rule-05-clipboard-hijacking.ts:38:25:38:51 | joplin. ... dText() | mock-rule-05-clipboard-hijacking.ts:38:19:38:51 | await j ... dText() | provenance |  |
nodes
| mock-rule-05-clipboard-hijacking.ts:7:11:7:13 | url | semmle.label | url |
| mock-rule-05-clipboard-hijacking.ts:7:17:7:46 | 'https: ... ayload' | semmle.label | 'https: ... ayload' |
| mock-rule-05-clipboard-hijacking.ts:10:11:10:15 | clip1 | semmle.label | clip1 |
| mock-rule-05-clipboard-hijacking.ts:10:19:10:51 | await j ... dText() | semmle.label | await j ... dText() |
| mock-rule-05-clipboard-hijacking.ts:10:25:10:51 | joplin. ... dText() | semmle.label | joplin. ... dText() |
| mock-rule-05-clipboard-hijacking.ts:11:38:11:42 | clip1 | semmle.label | clip1 |
| mock-rule-05-clipboard-hijacking.ts:13:11:13:15 | clip2 | semmle.label | clip2 |
| mock-rule-05-clipboard-hijacking.ts:13:19:13:51 | await j ... dText() | semmle.label | await j ... dText() |
| mock-rule-05-clipboard-hijacking.ts:13:25:13:51 | joplin. ... dText() | semmle.label | joplin. ... dText() |
| mock-rule-05-clipboard-hijacking.ts:14:38:14:42 | '<b>' | semmle.label | '<b>' |
| mock-rule-05-clipboard-hijacking.ts:14:38:14:59 | '<b>' + ...  '</b>' | semmle.label | '<b>' + ...  '</b>' |
| mock-rule-05-clipboard-hijacking.ts:14:46:14:50 | clip2 | semmle.label | clip2 |
| mock-rule-05-clipboard-hijacking.ts:14:54:14:59 | '</b>' | semmle.label | '</b>' |
| mock-rule-05-clipboard-hijacking.ts:17:11:17:13 | res | semmle.label | res |
| mock-rule-05-clipboard-hijacking.ts:17:17:17:32 | await fetch(url) | semmle.label | await fetch(url) |
| mock-rule-05-clipboard-hijacking.ts:17:23:17:32 | fetch(url) | semmle.label | fetch(url) |
| mock-rule-05-clipboard-hijacking.ts:17:29:17:31 | url | semmle.label | url |
| mock-rule-05-clipboard-hijacking.ts:18:38:18:53 | await res.text() | semmle.label | await res.text() |
| mock-rule-05-clipboard-hijacking.ts:18:44:18:46 | res | semmle.label | res |
| mock-rule-05-clipboard-hijacking.ts:18:44:18:53 | res.text() | semmle.label | res.text() |
| mock-rule-05-clipboard-hijacking.ts:21:38:21:63 | 'bc1q-f ... ddress' | semmle.label | 'bc1q-f ... ddress' |
| mock-rule-05-clipboard-hijacking.ts:22:38:22:80 | '<a hre ... re</a>' | semmle.label | '<a hre ... re</a>' |
| mock-rule-05-clipboard-hijacking.ts:25:11:25:15 | clip3 | semmle.label | clip3 |
| mock-rule-05-clipboard-hijacking.ts:25:19:25:51 | await j ... dText() | semmle.label | await j ... dText() |
| mock-rule-05-clipboard-hijacking.ts:25:25:25:51 | joplin. ... dText() | semmle.label | joplin. ... dText() |
| mock-rule-05-clipboard-hijacking.ts:26:11:26:39 | 'https: ... ?clip=' | semmle.label | 'https: ... ?clip=' |
| mock-rule-05-clipboard-hijacking.ts:26:11:26:47 | 'https: ... + clip3 | semmle.label | 'https: ... + clip3 |
| mock-rule-05-clipboard-hijacking.ts:26:43:26:47 | clip3 | semmle.label | clip3 |
| mock-rule-05-clipboard-hijacking.ts:28:11:28:15 | clip4 | semmle.label | clip4 |
| mock-rule-05-clipboard-hijacking.ts:28:19:28:51 | await j ... dText() | semmle.label | await j ... dText() |
| mock-rule-05-clipboard-hijacking.ts:28:25:28:51 | joplin. ... dText() | semmle.label | joplin. ... dText() |
| mock-rule-05-clipboard-hijacking.ts:29:16:29:42 | 'https: ... m/leak' | semmle.label | 'https: ... m/leak' |
| mock-rule-05-clipboard-hijacking.ts:29:45:29:64 | { clipboard: clip4 } | semmle.label | { clipboard: clip4 } |
| mock-rule-05-clipboard-hijacking.ts:29:58:29:62 | clip4 | semmle.label | clip4 |
| mock-rule-05-clipboard-hijacking.ts:31:11:31:15 | clip5 | semmle.label | clip5 |
| mock-rule-05-clipboard-hijacking.ts:31:19:31:51 | await j ... dText() | semmle.label | await j ... dText() |
| mock-rule-05-clipboard-hijacking.ts:31:25:31:51 | joplin. ... dText() | semmle.label | joplin. ... dText() |
| mock-rule-05-clipboard-hijacking.ts:32:30:35:5 | {\\n      ... ,\\n    } | semmle.label | {\\n      ... ,\\n    } |
| mock-rule-05-clipboard-hijacking.ts:33:19:33:32 | 'attacker.com' | semmle.label | 'attacker.com' |
| mock-rule-05-clipboard-hijacking.ts:34:15:34:27 | '/leak?clip=' | semmle.label | '/leak?clip=' |
| mock-rule-05-clipboard-hijacking.ts:34:31:34:35 | clip5 | semmle.label | clip5 |
| mock-rule-05-clipboard-hijacking.ts:38:11:38:15 | clip6 | semmle.label | clip6 |
| mock-rule-05-clipboard-hijacking.ts:38:19:38:51 | await j ... dText() | semmle.label | await j ... dText() |
| mock-rule-05-clipboard-hijacking.ts:38:25:38:51 | joplin. ... dText() | semmle.label | joplin. ... dText() |
| mock-rule-05-clipboard-hijacking.ts:40:13:40:17 | clip6 | semmle.label | clip6 |
subpaths
#select
| mock-rule-05-clipboard-hijacking.ts:11:38:11:42 | clip1 | mock-rule-05-clipboard-hijacking.ts:10:25:10:51 | joplin. ... dText() | mock-rule-05-clipboard-hijacking.ts:11:38:11:42 | clip1 | Clipboard Hijacking Risk: The plugin is reading the user's clipboard and replacing it with arbitrary external data or hardcoded strings. \\n**Reviewer Action:** Verify that this is triggered by a deliberate user action (like clicking a "Copy" button). If this happens silently in the background, it may be attempting to swap copied text (e.g., injecting cryptocurrency wallet addresses or malicious URLs). |
| mock-rule-05-clipboard-hijacking.ts:14:38:14:59 | '<b>' + ...  '</b>' | mock-rule-05-clipboard-hijacking.ts:13:25:13:51 | joplin. ... dText() | mock-rule-05-clipboard-hijacking.ts:14:38:14:59 | '<b>' + ...  '</b>' | Clipboard Hijacking Risk: The plugin is reading the user's clipboard and replacing it with arbitrary external data or hardcoded strings. \\n**Reviewer Action:** Verify that this is triggered by a deliberate user action (like clicking a "Copy" button). If this happens silently in the background, it may be attempting to swap copied text (e.g., injecting cryptocurrency wallet addresses or malicious URLs). |
| mock-rule-05-clipboard-hijacking.ts:14:38:14:59 | '<b>' + ...  '</b>' | mock-rule-05-clipboard-hijacking.ts:14:38:14:42 | '<b>' | mock-rule-05-clipboard-hijacking.ts:14:38:14:59 | '<b>' + ...  '</b>' | Clipboard Hijacking Risk: The plugin is reading the user's clipboard and replacing it with arbitrary external data or hardcoded strings. \\n**Reviewer Action:** Verify that this is triggered by a deliberate user action (like clicking a "Copy" button). If this happens silently in the background, it may be attempting to swap copied text (e.g., injecting cryptocurrency wallet addresses or malicious URLs). |
| mock-rule-05-clipboard-hijacking.ts:14:38:14:59 | '<b>' + ...  '</b>' | mock-rule-05-clipboard-hijacking.ts:14:54:14:59 | '</b>' | mock-rule-05-clipboard-hijacking.ts:14:38:14:59 | '<b>' + ...  '</b>' | Clipboard Hijacking Risk: The plugin is reading the user's clipboard and replacing it with arbitrary external data or hardcoded strings. \\n**Reviewer Action:** Verify that this is triggered by a deliberate user action (like clicking a "Copy" button). If this happens silently in the background, it may be attempting to swap copied text (e.g., injecting cryptocurrency wallet addresses or malicious URLs). |
| mock-rule-05-clipboard-hijacking.ts:18:38:18:53 | await res.text() | mock-rule-05-clipboard-hijacking.ts:17:23:17:32 | fetch(url) | mock-rule-05-clipboard-hijacking.ts:18:38:18:53 | await res.text() | Clipboard Hijacking Risk: The plugin is reading the user's clipboard and replacing it with arbitrary external data or hardcoded strings. \\n**Reviewer Action:** Verify that this is triggered by a deliberate user action (like clicking a "Copy" button). If this happens silently in the background, it may be attempting to swap copied text (e.g., injecting cryptocurrency wallet addresses or malicious URLs). |
| mock-rule-05-clipboard-hijacking.ts:21:38:21:63 | 'bc1q-f ... ddress' | mock-rule-05-clipboard-hijacking.ts:21:38:21:63 | 'bc1q-f ... ddress' | mock-rule-05-clipboard-hijacking.ts:21:38:21:63 | 'bc1q-f ... ddress' | Clipboard Hijacking Risk: The plugin is reading the user's clipboard and replacing it with arbitrary external data or hardcoded strings. \\n**Reviewer Action:** Verify that this is triggered by a deliberate user action (like clicking a "Copy" button). If this happens silently in the background, it may be attempting to swap copied text (e.g., injecting cryptocurrency wallet addresses or malicious URLs). |
| mock-rule-05-clipboard-hijacking.ts:22:38:22:80 | '<a hre ... re</a>' | mock-rule-05-clipboard-hijacking.ts:22:38:22:80 | '<a hre ... re</a>' | mock-rule-05-clipboard-hijacking.ts:22:38:22:80 | '<a hre ... re</a>' | Clipboard Hijacking Risk: The plugin is reading the user's clipboard and replacing it with arbitrary external data or hardcoded strings. \\n**Reviewer Action:** Verify that this is triggered by a deliberate user action (like clicking a "Copy" button). If this happens silently in the background, it may be attempting to swap copied text (e.g., injecting cryptocurrency wallet addresses or malicious URLs). |
| mock-rule-05-clipboard-hijacking.ts:26:11:26:47 | 'https: ... + clip3 | mock-rule-05-clipboard-hijacking.ts:25:25:25:51 | joplin. ... dText() | mock-rule-05-clipboard-hijacking.ts:26:11:26:47 | 'https: ... + clip3 | Clipboard Exfiltration Risk: The plugin is reading the user's clipboard and sending the contents over the network. \\n**Reviewer Action:** This is a severe privacy violation. Verify why the plugin needs to transmit clipboard contents and ensure the user explicitly authorized this data transfer. |
| mock-rule-05-clipboard-hijacking.ts:29:45:29:64 | { clipboard: clip4 } | mock-rule-05-clipboard-hijacking.ts:28:25:28:51 | joplin. ... dText() | mock-rule-05-clipboard-hijacking.ts:29:45:29:64 | { clipboard: clip4 } | Clipboard Exfiltration Risk: The plugin is reading the user's clipboard and sending the contents over the network. \\n**Reviewer Action:** This is a severe privacy violation. Verify why the plugin needs to transmit clipboard contents and ensure the user explicitly authorized this data transfer. |
| mock-rule-05-clipboard-hijacking.ts:32:30:35:5 | {\\n      ... ,\\n    } | mock-rule-05-clipboard-hijacking.ts:31:25:31:51 | joplin. ... dText() | mock-rule-05-clipboard-hijacking.ts:32:30:35:5 | {\\n      ... ,\\n    } | Clipboard Exfiltration Risk: The plugin is reading the user's clipboard and sending the contents over the network. \\n**Reviewer Action:** This is a severe privacy violation. Verify why the plugin needs to transmit clipboard contents and ensure the user explicitly authorized this data transfer. |
| mock-rule-05-clipboard-hijacking.ts:40:13:40:17 | clip6 | mock-rule-05-clipboard-hijacking.ts:38:25:38:51 | joplin. ... dText() | mock-rule-05-clipboard-hijacking.ts:40:13:40:17 | clip6 | Clipboard Exfiltration Risk: The plugin is reading the user's clipboard and sending the contents over the network. \\n**Reviewer Action:** This is a severe privacy violation. Verify why the plugin needs to transmit clipboard contents and ensure the user explicitly authorized this data transfer. |
