| mock-rule-20-native-module-imports.ts:8:5:8:17 | require('fs') | Sandbox Bypass (Native Import): The plugin is directly requiring a core Node.js native module (like `fs`, `net`, or `child_process`) without using `joplin.require`. \\n**Reviewer Action:** Direct native imports evade Joplin's permission and wrapper systems. Instruct the developer to switch to `joplin.require('module-name')` to ensure standard security policies and hooks apply. |
| mock-rule-20-native-module-imports.ts:9:5:9:18 | require('net') | Sandbox Bypass (Native Import): The plugin is directly requiring a core Node.js native module (like `fs`, `net`, or `child_process`) without using `joplin.require`. \\n**Reviewer Action:** Direct native imports evade Joplin's permission and wrapper systems. Instruct the developer to switch to `joplin.require('module-name')` to ensure standard security policies and hooks apply. |
| mock-rule-20-native-module-imports.ts:10:5:10:17 | require('os') | Sandbox Bypass (Native Import): The plugin is directly requiring a core Node.js native module (like `fs`, `net`, or `child_process`) without using `joplin.require`. \\n**Reviewer Action:** Direct native imports evade Joplin's permission and wrapper systems. Instruct the developer to switch to `joplin.require('module-name')` to ensure standard security policies and hooks apply. |
| mock-rule-20-native-module-imports.ts:11:5:11:20 | require('dgram') | Sandbox Bypass (Native Import): The plugin is directly requiring a core Node.js native module (like `fs`, `net`, or `child_process`) without using `joplin.require`. \\n**Reviewer Action:** Direct native imports evade Joplin's permission and wrapper systems. Instruct the developer to switch to `joplin.require('module-name')` to ensure standard security policies and hooks apply. |
| mock-rule-20-native-module-imports.ts:12:5:12:28 | require ... ocess') | Sandbox Bypass (Native Import): The plugin is directly requiring a core Node.js native module (like `fs`, `net`, or `child_process`) without using `joplin.require`. \\n**Reviewer Action:** Direct native imports evade Joplin's permission and wrapper systems. Instruct the developer to switch to `joplin.require('module-name')` to ensure standard security policies and hooks apply. |
| mock-rule-20-native-module-imports.ts:13:5:13:18 | require('tls') | Sandbox Bypass (Native Import): The plugin is directly requiring a core Node.js native module (like `fs`, `net`, or `child_process`) without using `joplin.require`. \\n**Reviewer Action:** Direct native imports evade Joplin's permission and wrapper systems. Instruct the developer to switch to `joplin.require('module-name')` to ensure standard security policies and hooks apply. |
| mock-rule-20-native-module-imports.ts:14:5:14:19 | require('http') | Sandbox Bypass (Native Import): The plugin is directly requiring a core Node.js native module (like `fs`, `net`, or `child_process`) without using `joplin.require`. \\n**Reviewer Action:** Direct native imports evade Joplin's permission and wrapper systems. Instruct the developer to switch to `joplin.require('module-name')` to ensure standard security policies and hooks apply. |
| mock-rule-20-native-module-imports.ts:15:5:15:20 | require('https') | Sandbox Bypass (Native Import): The plugin is directly requiring a core Node.js native module (like `fs`, `net`, or `child_process`) without using `joplin.require`. \\n**Reviewer Action:** Direct native imports evade Joplin's permission and wrapper systems. Instruct the developer to switch to `joplin.require('module-name')` to ensure standard security policies and hooks apply. |
| mock-rule-20-native-module-imports.ts:16:5:16:22 | require('sqlite3') | Sandbox Bypass (Native Import): The plugin is directly requiring a core Node.js native module (like `fs`, `net`, or `child_process`) without using `joplin.require`. \\n**Reviewer Action:** Direct native imports evade Joplin's permission and wrapper systems. Instruct the developer to switch to `joplin.require('module-name')` to ensure standard security policies and hooks apply. |
| mock-rule-20-native-module-imports.ts:17:5:17:29 | require ... lite3') | Sandbox Bypass (Native Import): The plugin is directly requiring a core Node.js native module (like `fs`, `net`, or `child_process`) without using `joplin.require`. \\n**Reviewer Action:** Direct native imports evade Joplin's permission and wrapper systems. Instruct the developer to switch to `joplin.require('module-name')` to ensure standard security policies and hooks apply. |
| mock-rule-20-native-module-imports.ts:18:5:18:22 | require('node:fs') | Sandbox Bypass (Native Import): The plugin is directly requiring a core Node.js native module (like `fs`, `net`, or `child_process`) without using `joplin.require`. \\n**Reviewer Action:** Direct native imports evade Joplin's permission and wrapper systems. Instruct the developer to switch to `joplin.require('module-name')` to ensure standard security policies and hooks apply. |
