| mock-rule-05d-clipboard-background.ts:5:9:5:35 | joplin. ... dText() | Repeated Clipboard Access: The plugin is reading or writing the clipboard inside a loop, iteration callback, or recurring timer. Verify that this repeated access is explicitly initiated and expected by the user. |
| mock-rule-05d-clipboard-background.ts:6:9:6:55 | joplin. ... ent' }) | Repeated Clipboard Access: The plugin is reading or writing the clipboard inside a loop, iteration callback, or recurring timer. Verify that this repeated access is explicitly initiated and expected by the user. |
| mock-rule-05d-clipboard-background.ts:10:9:10:35 | joplin. ... dHtml() | Repeated Clipboard Access: The plugin is reading or writing the clipboard inside a loop, iteration callback, or recurring timer. Verify that this repeated access is explicitly initiated and expected by the user. |
| mock-rule-05d-clipboard-background.ts:17:9:17:49 | joplin. ... ement') | Repeated Clipboard Access: The plugin is reading or writing the clipboard inside a loop, iteration callback, or recurring timer. Verify that this repeated access is explicitly initiated and expected by the user. |
| mock-rule-05d-clipboard-background.ts:23:9:23:36 | joplin. ... Image() | Repeated Clipboard Access: The plugin is reading or writing the clipboard inside a loop, iteration callback, or recurring timer. Verify that this repeated access is explicitly initiated and expected by the user. |
| mock-rule-05d-clipboard-background.ts:29:9:29:35 | joplin. ... dHtml() | Repeated Clipboard Access: The plugin is reading or writing the clipboard inside a loop, iteration callback, or recurring timer. Verify that this repeated access is explicitly initiated and expected by the user. |
| mock-rule-05d-clipboard-background.ts:38:9:38:66 | joplin. ... rong>') | Repeated Clipboard Access: The plugin is reading or writing the clipboard inside a loop, iteration callback, or recurring timer. Verify that this repeated access is explicitly initiated and expected by the user. |
| mock-rule-05d-clipboard-background.ts:42:9:42:72 | joplin. ... ement') | Repeated Clipboard Access: The plugin is reading or writing the clipboard inside a loop, iteration callback, or recurring timer. Verify that this repeated access is explicitly initiated and expected by the user. |
