| mock-rule-09-mass-encryption-ransomware.ts:8:11:8:56 | joplin. ... body }) | Ransomware Pattern Detected: The plugin is reading Joplin notes, passing them through an encryption cipher, and overwriting the original notes. \\n**Reviewer Action:** Unless this plugin is explicitly designed as an end-to-end encryption tool, this behavior mimics ransomware. Verify that the user holds the decryption keys locally and that this action is strictly opt-in. |
