| mock-rule-09-mass-encryption-ransomware.ts:15:11:15:64 | joplin. ...  e1a }) | Ransomware Pattern Detected: The plugin is reading Joplin notes, passing them through an encryption cipher, and overwriting the original notes. \\n**Reviewer Action:** Unless this plugin is explicitly designed as an end-to-end encryption tool, this behavior mimics ransomware. Verify that the user holds the decryption keys locally and that this action is strictly opt-in. |
| mock-rule-09-mass-encryption-ransomware.ts:19:11:19:64 | joplin. ...  e1b }) | Ransomware Pattern Detected: The plugin is reading Joplin notes, passing them through an encryption cipher, and overwriting the original notes. \\n**Reviewer Action:** Unless this plugin is explicitly designed as an end-to-end encryption tool, this behavior mimics ransomware. Verify that the user holds the decryption keys locally and that this action is strictly opt-in. |
| mock-rule-09-mass-encryption-ransomware.ts:25:11:25:64 | joplin. ...  e2a }) | Ransomware Pattern Detected: The plugin is reading Joplin notes, passing them through an encryption cipher, and overwriting the original notes. \\n**Reviewer Action:** Unless this plugin is explicitly designed as an end-to-end encryption tool, this behavior mimics ransomware. Verify that the user holds the decryption keys locally and that this action is strictly opt-in. |
| mock-rule-09-mass-encryption-ransomware.ts:29:11:29:64 | joplin. ...  e2b }) | Ransomware Pattern Detected: The plugin is reading Joplin notes, passing them through an encryption cipher, and overwriting the original notes. \\n**Reviewer Action:** Unless this plugin is explicitly designed as an end-to-end encryption tool, this behavior mimics ransomware. Verify that the user holds the decryption keys locally and that this action is strictly opt-in. |
| mock-rule-09-mass-encryption-ransomware.ts:35:11:35:64 | joplin. ...  e3a }) | Ransomware Pattern Detected: The plugin is reading Joplin notes, passing them through an encryption cipher, and overwriting the original notes. \\n**Reviewer Action:** Unless this plugin is explicitly designed as an end-to-end encryption tool, this behavior mimics ransomware. Verify that the user holds the decryption keys locally and that this action is strictly opt-in. |
| mock-rule-09-mass-encryption-ransomware.ts:39:11:39:64 | joplin. ...  e3b }) | Ransomware Pattern Detected: The plugin is reading Joplin notes, passing them through an encryption cipher, and overwriting the original notes. \\n**Reviewer Action:** Unless this plugin is explicitly designed as an end-to-end encryption tool, this behavior mimics ransomware. Verify that the user holds the decryption keys locally and that this action is strictly opt-in. |
