| mock-rule-14-asynchronous-tag-flooding-search-poisoning.ts:6:5:6:58 | joplin. ... pam' }) | Resource Exhaustion: The plugin is creating tags, notes, resources, folders, or tag-note links from an unbounded or background loop. Ensure loops have finite execution limits. |
| mock-rule-14-asynchronous-tag-flooding-search-poisoning.ts:11:9:11:59 | joplin. ... pam' }) | Resource Exhaustion: The plugin is creating tags, notes, resources, folders, or tag-note links from an unbounded or background loop. Ensure loops have finite execution limits. |
| mock-rule-14-asynchronous-tag-flooding-search-poisoning.ts:19:9:19:47 | fs.writ ... ', 'x') | Disk Quota Exhaustion: The plugin is writing to the filesystem inside an unbounded or infinite loop. This will rapidly exhaust disk space. Ensure loops have finite execution limits. |
| mock-rule-14-asynchronous-tag-flooding-search-poisoning.ts:25:9:25:60 | joplin. ... pam' }) | Resource Exhaustion: The plugin is creating tags, notes, resources, folders, or tag-note links from an unbounded or background loop. Ensure loops have finite execution limits. |
| mock-rule-14-asynchronous-tag-flooding-search-poisoning.ts:26:9:26:64 | joplin. ... pam' }) | Resource Exhaustion: The plugin is creating tags, notes, resources, folders, or tag-note links from an unbounded or background loop. Ensure loops have finite execution limits. |
| mock-rule-14-asynchronous-tag-flooding-search-poisoning.ts:27:9:27:76 | joplin. ... e-1' }) | Resource Exhaustion: The plugin is creating tags, notes, resources, folders, or tag-note links from an unbounded or background loop. Ensure loops have finite execution limits. |
| mock-rule-14-asynchronous-tag-flooding-search-poisoning.ts:32:5:32:61 | joplin. ... ing' }) | Resource Exhaustion: The plugin is creating tags, notes, resources, folders, or tag-note links from an unbounded or background loop. Ensure loops have finite execution limits. |
| mock-rule-14-asynchronous-tag-flooding-search-poisoning.ts:40:15:40:63 | appendF ... ', 'x') | Disk Quota Exhaustion: The plugin is writing to the filesystem inside an unbounded or infinite loop. This will rapidly exhaust disk space. Ensure loops have finite execution limits. |
| mock-rule-14-asynchronous-tag-flooding-search-poisoning.ts:41:15:41:71 | extraFs ... ', 'x') | Disk Quota Exhaustion: The plugin is writing to the filesystem inside an unbounded or infinite loop. This will rapidly exhaust disk space. Ensure loops have finite execution limits. |
| mock-rule-14-asynchronous-tag-flooding-search-poisoning.ts:47:9:47:63 | fs.writ ... 20000)) | Disk Quota Exhaustion: The plugin is writing large chunks of data to the filesystem inside a loop. Verify this is intended user-initiated behavior and won't overwhelm local storage. |
