edges
| mock-rule-03b-unauthorized-fs-access-self-modification.ts:9:11:9:20 | installDir | mock-rule-03b-unauthorized-fs-access-self-modification.ts:10:32:10:41 | installDir | provenance |  |
| mock-rule-03b-unauthorized-fs-access-self-modification.ts:9:11:9:20 | installDir | mock-rule-03b-unauthorized-fs-access-self-modification.ts:11:32:11:41 | installDir | provenance |  |
| mock-rule-03b-unauthorized-fs-access-self-modification.ts:9:24:9:61 | await j ... onDir() | mock-rule-03b-unauthorized-fs-access-self-modification.ts:9:11:9:20 | installDir | provenance |  |
| mock-rule-03b-unauthorized-fs-access-self-modification.ts:9:30:9:61 | joplin. ... onDir() | mock-rule-03b-unauthorized-fs-access-self-modification.ts:9:24:9:61 | await j ... onDir() | provenance |  |
| mock-rule-03b-unauthorized-fs-access-self-modification.ts:10:32:10:41 | installDir | mock-rule-03b-unauthorized-fs-access-self-modification.ts:10:22:10:58 | path.jo ... .json') | provenance |  |
| mock-rule-03b-unauthorized-fs-access-self-modification.ts:11:32:11:41 | installDir | mock-rule-03b-unauthorized-fs-access-self-modification.ts:11:22:11:56 | path.jo ... .json') | provenance |  |
nodes
| mock-rule-03b-unauthorized-fs-access-self-modification.ts:7:22:7:31 | __filename | semmle.label | __filename |
| mock-rule-03b-unauthorized-fs-access-self-modification.ts:9:11:9:20 | installDir | semmle.label | installDir |
| mock-rule-03b-unauthorized-fs-access-self-modification.ts:9:24:9:61 | await j ... onDir() | semmle.label | await j ... onDir() |
| mock-rule-03b-unauthorized-fs-access-self-modification.ts:9:30:9:61 | joplin. ... onDir() | semmle.label | joplin. ... onDir() |
| mock-rule-03b-unauthorized-fs-access-self-modification.ts:10:22:10:58 | path.jo ... .json') | semmle.label | path.jo ... .json') |
| mock-rule-03b-unauthorized-fs-access-self-modification.ts:10:32:10:41 | installDir | semmle.label | installDir |
| mock-rule-03b-unauthorized-fs-access-self-modification.ts:11:22:11:56 | path.jo ... .json') | semmle.label | path.jo ... .json') |
| mock-rule-03b-unauthorized-fs-access-self-modification.ts:11:32:11:41 | installDir | semmle.label | installDir |
subpaths
#select
| mock-rule-03b-unauthorized-fs-access-self-modification.ts:7:22:7:31 | __filename | mock-rule-03b-unauthorized-fs-access-self-modification.ts:7:22:7:31 | __filename | mock-rule-03b-unauthorized-fs-access-self-modification.ts:7:22:7:31 | __filename | Plugin Self-Modification: The plugin is attempting to overwrite or delete its own installation files. A plugin should never modify its own packaged files. |
| mock-rule-03b-unauthorized-fs-access-self-modification.ts:10:22:10:58 | path.jo ... .json') | mock-rule-03b-unauthorized-fs-access-self-modification.ts:9:30:9:61 | joplin. ... onDir() | mock-rule-03b-unauthorized-fs-access-self-modification.ts:10:22:10:58 | path.jo ... .json') | Plugin Self-Modification: The plugin is attempting to overwrite or delete its own installation files. A plugin should never modify its own packaged files. |
