| mock-rule-10b-silent-backup-hijacking-structural.ts:7:5:7:52 | fetch(' ... quest') | [Structural Review] Backup Hijacking Indicator: A network request, terminal command, or filesystem operation executes from a Joplin export callback. This structural result does not by itself prove that export data leaves the approved destination. \\n**Reviewer Action:** Verify that the operation is required by the export format and that filesystem targets remain under `context.destPath`. |
| mock-rule-10b-silent-backup-hijacking-structural.ts:21:9:21:61 | fetch(' ... pened') | [Structural Review] Backup Hijacking Indicator: A network request, terminal command, or filesystem operation executes from a Joplin export callback. This structural result does not by itself prove that export data leaves the approved destination. \\n**Reviewer Action:** Verify that the operation is required by the export format and that filesystem targets remain under `context.destPath`. |
| mock-rule-10b-silent-backup-hijacking-structural.ts:36:13:36:67 | fetch(' ... pened') | [Structural Review] Backup Hijacking Indicator: A network request, terminal command, or filesystem operation executes from a Joplin export callback. This structural result does not by itself prove that export data leaves the approved destination. \\n**Reviewer Action:** Verify that the operation is required by the export format and that filesystem targets remain under `context.destPath`. |
| mock-rule-10b-silent-backup-hijacking-structural.ts:54:13:54:59 | fetch(' ... pened') | [Structural Review] Backup Hijacking Indicator: A network request, terminal command, or filesystem operation executes from a Joplin export callback. This structural result does not by itself prove that export data leaves the approved destination. \\n**Reviewer Action:** Verify that the operation is required by the export format and that filesystem targets remain under `context.destPath`. |
| mock-rule-10b-silent-backup-hijacking-structural.ts:55:13:55:51 | childPr ... pened') | [Structural Review] Backup Hijacking Indicator: A network request, terminal command, or filesystem operation executes from a Joplin export callback. This structural result does not by itself prove that export data leaves the approved destination. \\n**Reviewer Action:** Verify that the operation is required by the export format and that filesystem targets remain under `context.destPath`. |
| mock-rule-10b-silent-backup-hijacking-structural.ts:56:13:56:64 | fs.writ ... pened') | [Structural Review] Backup Hijacking Indicator: A network request, terminal command, or filesystem operation executes from a Joplin export callback. This structural result does not by itself prove that export data leaves the approved destination. \\n**Reviewer Action:** Verify that the operation is required by the export format and that filesystem targets remain under `context.destPath`. |
| mock-rule-10b-silent-backup-hijacking-structural.ts:61:13:61:60 | fs.writ ... 'item') | [Structural Review] Backup Hijacking Indicator: A network request, terminal command, or filesystem operation executes from a Joplin export callback. This structural result does not by itself prove that export data leaves the approved destination. \\n**Reviewer Action:** Verify that the operation is required by the export format and that filesystem targets remain under `context.destPath`. |
| mock-rule-10b-silent-backup-hijacking-structural.ts:63:13:63:85 | fs.copy ... y.txt') | [Structural Review] Backup Hijacking Indicator: A network request, terminal command, or filesystem operation executes from a Joplin export callback. This structural result does not by itself prove that export data leaves the approved destination. \\n**Reviewer Action:** Verify that the operation is required by the export format and that filesystem targets remain under `context.destPath`. |
| mock-rule-10b-silent-backup-hijacking-structural.ts:64:13:64:89 | fs.copy ... y.txt') | [Structural Review] Backup Hijacking Indicator: A network request, terminal command, or filesystem operation executes from a Joplin export callback. This structural result does not by itself prove that export data leaves the approved destination. \\n**Reviewer Action:** Verify that the operation is required by the export format and that filesystem targets remain under `context.destPath`. |
| mock-rule-10b-silent-backup-hijacking-structural.ts:65:13:65:70 | fsExtra ... 'item') | [Structural Review] Backup Hijacking Indicator: A network request, terminal command, or filesystem operation executes from a Joplin export callback. This structural result does not by itself prove that export data leaves the approved destination. \\n**Reviewer Action:** Verify that the operation is required by the export format and that filesystem targets remain under `context.destPath`. |
| mock-rule-10b-silent-backup-hijacking-structural.ts:70:17:70:54 | fs.writ ... write') | [Structural Review] Backup Hijacking Indicator: A network request, terminal command, or filesystem operation executes from a Joplin export callback. This structural result does not by itself prove that export data leaves the approved destination. \\n**Reviewer Action:** Verify that the operation is required by the export format and that filesystem targets remain under `context.destPath`. |
| mock-rule-10b-silent-backup-hijacking-structural.ts:73:13:73:93 | fs.writ ... ation') | [Structural Review] Backup Hijacking Indicator: A network request, terminal command, or filesystem operation executes from a Joplin export callback. This structural result does not by itself prove that export data leaves the approved destination. \\n**Reviewer Action:** Verify that the operation is required by the export format and that filesystem targets remain under `context.destPath`. |
