| mock-rule-10b-silent-backup-hijacking-structural.ts:7:5:7:52 | fetch(' ... quest') | [Structural Review] Backup Hijacking Indicator: A network request, terminal command, or filesystem operation executes from a Joplin export callback. This structural result does not by itself prove that export data leaves the approved destination. \\n**Reviewer Action:** Verify that the operation is required by the export format and that filesystem targets remain under `context.destPath`. |
| mock-rule-10b-silent-backup-hijacking-structural.ts:21:9:21:61 | fetch(' ... pened') | [Structural Review] Backup Hijacking Indicator: A network request, terminal command, or filesystem operation executes from a Joplin export callback. This structural result does not by itself prove that export data leaves the approved destination. \\n**Reviewer Action:** Verify that the operation is required by the export format and that filesystem targets remain under `context.destPath`. |
| mock-rule-10b-silent-backup-hijacking-structural.ts:36:13:36:67 | fetch(' ... pened') | [Structural Review] Backup Hijacking Indicator: A network request, terminal command, or filesystem operation executes from a Joplin export callback. This structural result does not by itself prove that export data leaves the approved destination. \\n**Reviewer Action:** Verify that the operation is required by the export format and that filesystem targets remain under `context.destPath`. |
| mock-rule-10b-silent-backup-hijacking-structural.ts:53:13:53:59 | fetch(' ... pened') | [Structural Review] Backup Hijacking Indicator: A network request, terminal command, or filesystem operation executes from a Joplin export callback. This structural result does not by itself prove that export data leaves the approved destination. \\n**Reviewer Action:** Verify that the operation is required by the export format and that filesystem targets remain under `context.destPath`. |
| mock-rule-10b-silent-backup-hijacking-structural.ts:54:13:54:51 | childPr ... pened') | [Structural Review] Backup Hijacking Indicator: A network request, terminal command, or filesystem operation executes from a Joplin export callback. This structural result does not by itself prove that export data leaves the approved destination. \\n**Reviewer Action:** Verify that the operation is required by the export format and that filesystem targets remain under `context.destPath`. |
| mock-rule-10b-silent-backup-hijacking-structural.ts:55:13:55:64 | fs.writ ... pened') | [Structural Review] Backup Hijacking Indicator: A network request, terminal command, or filesystem operation executes from a Joplin export callback. This structural result does not by itself prove that export data leaves the approved destination. \\n**Reviewer Action:** Verify that the operation is required by the export format and that filesystem targets remain under `context.destPath`. |
| mock-rule-10b-silent-backup-hijacking-structural.ts:60:13:60:60 | fs.writ ... 'item') | [Structural Review] Backup Hijacking Indicator: A network request, terminal command, or filesystem operation executes from a Joplin export callback. This structural result does not by itself prove that export data leaves the approved destination. \\n**Reviewer Action:** Verify that the operation is required by the export format and that filesystem targets remain under `context.destPath`. |
| mock-rule-10b-silent-backup-hijacking-structural.ts:62:13:62:85 | fs.copy ... y.txt') | [Structural Review] Backup Hijacking Indicator: A network request, terminal command, or filesystem operation executes from a Joplin export callback. This structural result does not by itself prove that export data leaves the approved destination. \\n**Reviewer Action:** Verify that the operation is required by the export format and that filesystem targets remain under `context.destPath`. |
| mock-rule-10b-silent-backup-hijacking-structural.ts:63:13:63:89 | fs.copy ... y.txt') | [Structural Review] Backup Hijacking Indicator: A network request, terminal command, or filesystem operation executes from a Joplin export callback. This structural result does not by itself prove that export data leaves the approved destination. \\n**Reviewer Action:** Verify that the operation is required by the export format and that filesystem targets remain under `context.destPath`. |
| mock-rule-10b-silent-backup-hijacking-structural.ts:64:13:64:70 | fsExtra ... 'item') | [Structural Review] Backup Hijacking Indicator: A network request, terminal command, or filesystem operation executes from a Joplin export callback. This structural result does not by itself prove that export data leaves the approved destination. \\n**Reviewer Action:** Verify that the operation is required by the export format and that filesystem targets remain under `context.destPath`. |
| mock-rule-10b-silent-backup-hijacking-structural.ts:69:17:69:54 | fs.writ ... write') | [Structural Review] Backup Hijacking Indicator: A network request, terminal command, or filesystem operation executes from a Joplin export callback. This structural result does not by itself prove that export data leaves the approved destination. \\n**Reviewer Action:** Verify that the operation is required by the export format and that filesystem targets remain under `context.destPath`. |
| mock-rule-10b-silent-backup-hijacking-structural.ts:72:13:72:93 | fs.writ ... ation') | [Structural Review] Backup Hijacking Indicator: A network request, terminal command, or filesystem operation executes from a Joplin export callback. This structural result does not by itself prove that export data leaves the approved destination. \\n**Reviewer Action:** Verify that the operation is required by the export format and that filesystem targets remain under `context.destPath`. |
