WARNING: reference to 'JoplinSinks' references a local library, not the named module (07-command-execution.ql:12,8-19)
edges
| mock-rule-07-command-execution.ts:11:11:11:12 | s1 | mock-rule-07-command-execution.ts:12:29:12:30 | s1 | provenance |  |
| mock-rule-07-command-execution.ts:11:11:11:12 | s1 | mock-rule-07-command-execution.ts:13:32:13:33 | s1 | provenance |  |
| mock-rule-07-command-execution.ts:11:11:11:12 | s1 | mock-rule-07-command-execution.ts:14:29:14:30 | s1 | provenance |  |
| mock-rule-07-command-execution.ts:11:11:11:12 | s1 | mock-rule-07-command-execution.ts:15:23:15:24 | s1 | provenance |  |
| mock-rule-07-command-execution.ts:11:11:11:12 | s1 | mock-rule-07-command-execution.ts:16:27:16:28 | s1 | provenance |  |
| mock-rule-07-command-execution.ts:11:11:11:12 | s1 | mock-rule-07-command-execution.ts:17:24:17:25 | s1 | provenance |  |
| mock-rule-07-command-execution.ts:11:11:11:12 | s1 | mock-rule-07-command-execution.ts:18:19:18:20 | s1 | provenance |  |
| mock-rule-07-command-execution.ts:11:16:11:58 | await j ... ocale') | mock-rule-07-command-execution.ts:11:11:11:12 | s1 | provenance |  |
| mock-rule-07-command-execution.ts:11:22:11:58 | joplin. ... ocale') | mock-rule-07-command-execution.ts:11:16:11:58 | await j ... ocale') | provenance |  |
| mock-rule-07-command-execution.ts:12:19:12:25 | 'echo ' | mock-rule-07-command-execution.ts:12:19:12:30 | 'echo ' + s1 | provenance |  |
| mock-rule-07-command-execution.ts:12:29:12:30 | s1 | mock-rule-07-command-execution.ts:12:19:12:30 | 'echo ' + s1 | provenance |  |
| mock-rule-07-command-execution.ts:13:32:13:33 | s1 | mock-rule-07-command-execution.ts:13:31:13:34 | [s1] | provenance |  |
| mock-rule-07-command-execution.ts:14:29:14:30 | s1 | mock-rule-07-command-execution.ts:14:28:14:31 | [s1] | provenance |  |
| mock-rule-07-command-execution.ts:16:32:16:36 | '-la' | mock-rule-07-command-execution.ts:16:31:16:37 | ['-la'] | provenance |  |
| mock-rule-07-command-execution.ts:17:29:17:33 | '-la' | mock-rule-07-command-execution.ts:17:28:17:34 | ['-la'] | provenance |  |
| mock-rule-07-command-execution.ts:20:11:20:12 | s2 | mock-rule-07-command-execution.ts:21:29:21:30 | s2 | provenance |  |
| mock-rule-07-command-execution.ts:20:11:20:12 | s2 | mock-rule-07-command-execution.ts:22:32:22:33 | s2 | provenance |  |
| mock-rule-07-command-execution.ts:20:11:20:12 | s2 | mock-rule-07-command-execution.ts:23:29:23:30 | s2 | provenance |  |
| mock-rule-07-command-execution.ts:20:11:20:12 | s2 | mock-rule-07-command-execution.ts:24:23:24:24 | s2 | provenance |  |
| mock-rule-07-command-execution.ts:20:11:20:12 | s2 | mock-rule-07-command-execution.ts:25:27:25:28 | s2 | provenance |  |
| mock-rule-07-command-execution.ts:20:11:20:12 | s2 | mock-rule-07-command-execution.ts:26:24:26:25 | s2 | provenance |  |
| mock-rule-07-command-execution.ts:20:11:20:12 | s2 | mock-rule-07-command-execution.ts:27:19:27:20 | s2 | provenance |  |
| mock-rule-07-command-execution.ts:20:17:20:53 | await j ... , '1']) | mock-rule-07-command-execution.ts:20:11:20:12 | s2 | provenance |  |
| mock-rule-07-command-execution.ts:20:23:20:53 | joplin. ... , '1']) | mock-rule-07-command-execution.ts:20:17:20:53 | await j ... , '1']) | provenance |  |
| mock-rule-07-command-execution.ts:21:19:21:25 | 'echo ' | mock-rule-07-command-execution.ts:21:19:21:30 | 'echo ' + s2 | provenance |  |
| mock-rule-07-command-execution.ts:21:29:21:30 | s2 | mock-rule-07-command-execution.ts:21:19:21:30 | 'echo ' + s2 | provenance |  |
| mock-rule-07-command-execution.ts:22:32:22:33 | s2 | mock-rule-07-command-execution.ts:22:31:22:34 | [s2] | provenance |  |
| mock-rule-07-command-execution.ts:23:29:23:30 | s2 | mock-rule-07-command-execution.ts:23:28:23:31 | [s2] | provenance |  |
| mock-rule-07-command-execution.ts:25:32:25:36 | '-la' | mock-rule-07-command-execution.ts:25:31:25:37 | ['-la'] | provenance |  |
| mock-rule-07-command-execution.ts:26:29:26:33 | '-la' | mock-rule-07-command-execution.ts:26:28:26:34 | ['-la'] | provenance |  |
| mock-rule-07-command-execution.ts:29:11:29:12 | s3 | mock-rule-07-command-execution.ts:30:29:30:30 | s3 | provenance |  |
| mock-rule-07-command-execution.ts:29:11:29:12 | s3 | mock-rule-07-command-execution.ts:31:32:31:33 | s3 | provenance |  |
| mock-rule-07-command-execution.ts:29:11:29:12 | s3 | mock-rule-07-command-execution.ts:32:29:32:30 | s3 | provenance |  |
| mock-rule-07-command-execution.ts:29:11:29:12 | s3 | mock-rule-07-command-execution.ts:33:23:33:24 | s3 | provenance |  |
| mock-rule-07-command-execution.ts:29:11:29:12 | s3 | mock-rule-07-command-execution.ts:34:27:34:28 | s3 | provenance |  |
| mock-rule-07-command-execution.ts:29:11:29:12 | s3 | mock-rule-07-command-execution.ts:35:24:35:25 | s3 | provenance |  |
| mock-rule-07-command-execution.ts:29:11:29:12 | s3 | mock-rule-07-command-execution.ts:36:19:36:20 | s3 | provenance |  |
| mock-rule-07-command-execution.ts:29:17:29:53 | await j ... dNote() | mock-rule-07-command-execution.ts:29:11:29:12 | s3 | provenance |  |
| mock-rule-07-command-execution.ts:29:23:29:53 | joplin. ... dNote() | mock-rule-07-command-execution.ts:29:17:29:53 | await j ... dNote() | provenance |  |
| mock-rule-07-command-execution.ts:30:19:30:25 | 'echo ' | mock-rule-07-command-execution.ts:30:19:30:30 | 'echo ' + s3 | provenance |  |
| mock-rule-07-command-execution.ts:30:29:30:30 | s3 | mock-rule-07-command-execution.ts:30:19:30:30 | 'echo ' + s3 | provenance |  |
| mock-rule-07-command-execution.ts:31:32:31:33 | s3 | mock-rule-07-command-execution.ts:31:31:31:34 | [s3] | provenance |  |
| mock-rule-07-command-execution.ts:32:29:32:30 | s3 | mock-rule-07-command-execution.ts:32:28:32:31 | [s3] | provenance |  |
| mock-rule-07-command-execution.ts:34:32:34:36 | '-la' | mock-rule-07-command-execution.ts:34:31:34:37 | ['-la'] | provenance |  |
| mock-rule-07-command-execution.ts:35:29:35:33 | '-la' | mock-rule-07-command-execution.ts:35:28:35:34 | ['-la'] | provenance |  |
| mock-rule-07-command-execution.ts:38:11:38:12 | s4 | mock-rule-07-command-execution.ts:39:29:39:30 | s4 | provenance |  |
| mock-rule-07-command-execution.ts:38:11:38:12 | s4 | mock-rule-07-command-execution.ts:40:32:40:33 | s4 | provenance |  |
| mock-rule-07-command-execution.ts:38:11:38:12 | s4 | mock-rule-07-command-execution.ts:41:29:41:30 | s4 | provenance |  |
| mock-rule-07-command-execution.ts:38:11:38:12 | s4 | mock-rule-07-command-execution.ts:42:23:42:24 | s4 | provenance |  |
| mock-rule-07-command-execution.ts:38:11:38:12 | s4 | mock-rule-07-command-execution.ts:43:27:43:28 | s4 | provenance |  |
| mock-rule-07-command-execution.ts:38:11:38:12 | s4 | mock-rule-07-command-execution.ts:44:24:44:25 | s4 | provenance |  |
| mock-rule-07-command-execution.ts:38:11:38:12 | s4 | mock-rule-07-command-execution.ts:45:19:45:20 | s4 | provenance |  |
| mock-rule-07-command-execution.ts:38:16:38:19 | 'ls' | mock-rule-07-command-execution.ts:38:11:38:12 | s4 | provenance |  |
| mock-rule-07-command-execution.ts:39:19:39:25 | 'echo ' | mock-rule-07-command-execution.ts:39:19:39:30 | 'echo ' + s4 | provenance |  |
| mock-rule-07-command-execution.ts:39:29:39:30 | s4 | mock-rule-07-command-execution.ts:39:19:39:30 | 'echo ' + s4 | provenance |  |
| mock-rule-07-command-execution.ts:40:32:40:33 | s4 | mock-rule-07-command-execution.ts:40:31:40:34 | [s4] | provenance |  |
| mock-rule-07-command-execution.ts:41:29:41:30 | s4 | mock-rule-07-command-execution.ts:41:28:41:31 | [s4] | provenance |  |
| mock-rule-07-command-execution.ts:43:32:43:36 | '-la' | mock-rule-07-command-execution.ts:43:31:43:37 | ['-la'] | provenance |  |
| mock-rule-07-command-execution.ts:44:29:44:33 | '-la' | mock-rule-07-command-execution.ts:44:28:44:34 | ['-la'] | provenance |  |
| mock-rule-07-command-execution.ts:47:11:47:12 | s5 | mock-rule-07-command-execution.ts:48:29:48:30 | s5 | provenance |  |
| mock-rule-07-command-execution.ts:47:11:47:12 | s5 | mock-rule-07-command-execution.ts:49:32:49:33 | s5 | provenance |  |
| mock-rule-07-command-execution.ts:47:11:47:12 | s5 | mock-rule-07-command-execution.ts:50:29:50:30 | s5 | provenance |  |
| mock-rule-07-command-execution.ts:47:11:47:12 | s5 | mock-rule-07-command-execution.ts:51:23:51:24 | s5 | provenance |  |
| mock-rule-07-command-execution.ts:47:11:47:12 | s5 | mock-rule-07-command-execution.ts:52:27:52:28 | s5 | provenance |  |
| mock-rule-07-command-execution.ts:47:11:47:12 | s5 | mock-rule-07-command-execution.ts:53:24:53:25 | s5 | provenance |  |
| mock-rule-07-command-execution.ts:47:11:47:12 | s5 | mock-rule-07-command-execution.ts:54:19:54:20 | s5 | provenance |  |
| mock-rule-07-command-execution.ts:47:16:47:28 | './script.js' | mock-rule-07-command-execution.ts:47:11:47:12 | s5 | provenance |  |
| mock-rule-07-command-execution.ts:48:19:48:25 | 'echo ' | mock-rule-07-command-execution.ts:48:19:48:30 | 'echo ' + s5 | provenance |  |
| mock-rule-07-command-execution.ts:48:29:48:30 | s5 | mock-rule-07-command-execution.ts:48:19:48:30 | 'echo ' + s5 | provenance |  |
| mock-rule-07-command-execution.ts:49:32:49:33 | s5 | mock-rule-07-command-execution.ts:49:31:49:34 | [s5] | provenance |  |
| mock-rule-07-command-execution.ts:50:29:50:30 | s5 | mock-rule-07-command-execution.ts:50:28:50:31 | [s5] | provenance |  |
| mock-rule-07-command-execution.ts:52:32:52:36 | '-la' | mock-rule-07-command-execution.ts:52:31:52:37 | ['-la'] | provenance |  |
| mock-rule-07-command-execution.ts:53:29:53:33 | '-la' | mock-rule-07-command-execution.ts:53:28:53:34 | ['-la'] | provenance |  |
nodes
| mock-rule-07-command-execution.ts:11:11:11:12 | s1 | semmle.label | s1 |
| mock-rule-07-command-execution.ts:11:16:11:58 | await j ... ocale') | semmle.label | await j ... ocale') |
| mock-rule-07-command-execution.ts:11:22:11:58 | joplin. ... ocale') | semmle.label | joplin. ... ocale') |
| mock-rule-07-command-execution.ts:12:19:12:25 | 'echo ' | semmle.label | 'echo ' |
| mock-rule-07-command-execution.ts:12:19:12:30 | 'echo ' + s1 | semmle.label | 'echo ' + s1 |
| mock-rule-07-command-execution.ts:12:29:12:30 | s1 | semmle.label | s1 |
| mock-rule-07-command-execution.ts:13:23:13:28 | 'echo' | semmle.label | 'echo' |
| mock-rule-07-command-execution.ts:13:31:13:34 | [s1] | semmle.label | [s1] |
| mock-rule-07-command-execution.ts:13:32:13:33 | s1 | semmle.label | s1 |
| mock-rule-07-command-execution.ts:14:20:14:25 | 'echo' | semmle.label | 'echo' |
| mock-rule-07-command-execution.ts:14:28:14:31 | [s1] | semmle.label | [s1] |
| mock-rule-07-command-execution.ts:14:29:14:30 | s1 | semmle.label | s1 |
| mock-rule-07-command-execution.ts:15:23:15:24 | s1 | semmle.label | s1 |
| mock-rule-07-command-execution.ts:16:27:16:28 | s1 | semmle.label | s1 |
| mock-rule-07-command-execution.ts:16:31:16:37 | ['-la'] | semmle.label | ['-la'] |
| mock-rule-07-command-execution.ts:16:32:16:36 | '-la' | semmle.label | '-la' |
| mock-rule-07-command-execution.ts:17:24:17:25 | s1 | semmle.label | s1 |
| mock-rule-07-command-execution.ts:17:28:17:34 | ['-la'] | semmle.label | ['-la'] |
| mock-rule-07-command-execution.ts:17:29:17:33 | '-la' | semmle.label | '-la' |
| mock-rule-07-command-execution.ts:18:19:18:20 | s1 | semmle.label | s1 |
| mock-rule-07-command-execution.ts:20:11:20:12 | s2 | semmle.label | s2 |
| mock-rule-07-command-execution.ts:20:17:20:53 | await j ... , '1']) | semmle.label | await j ... , '1']) |
| mock-rule-07-command-execution.ts:20:23:20:53 | joplin. ... , '1']) | semmle.label | joplin. ... , '1']) |
| mock-rule-07-command-execution.ts:21:19:21:25 | 'echo ' | semmle.label | 'echo ' |
| mock-rule-07-command-execution.ts:21:19:21:30 | 'echo ' + s2 | semmle.label | 'echo ' + s2 |
| mock-rule-07-command-execution.ts:21:29:21:30 | s2 | semmle.label | s2 |
| mock-rule-07-command-execution.ts:22:23:22:28 | 'echo' | semmle.label | 'echo' |
| mock-rule-07-command-execution.ts:22:31:22:34 | [s2] | semmle.label | [s2] |
| mock-rule-07-command-execution.ts:22:32:22:33 | s2 | semmle.label | s2 |
| mock-rule-07-command-execution.ts:23:20:23:25 | 'echo' | semmle.label | 'echo' |
| mock-rule-07-command-execution.ts:23:28:23:31 | [s2] | semmle.label | [s2] |
| mock-rule-07-command-execution.ts:23:29:23:30 | s2 | semmle.label | s2 |
| mock-rule-07-command-execution.ts:24:23:24:24 | s2 | semmle.label | s2 |
| mock-rule-07-command-execution.ts:25:27:25:28 | s2 | semmle.label | s2 |
| mock-rule-07-command-execution.ts:25:31:25:37 | ['-la'] | semmle.label | ['-la'] |
| mock-rule-07-command-execution.ts:25:32:25:36 | '-la' | semmle.label | '-la' |
| mock-rule-07-command-execution.ts:26:24:26:25 | s2 | semmle.label | s2 |
| mock-rule-07-command-execution.ts:26:28:26:34 | ['-la'] | semmle.label | ['-la'] |
| mock-rule-07-command-execution.ts:26:29:26:33 | '-la' | semmle.label | '-la' |
| mock-rule-07-command-execution.ts:27:19:27:20 | s2 | semmle.label | s2 |
| mock-rule-07-command-execution.ts:29:11:29:12 | s3 | semmle.label | s3 |
| mock-rule-07-command-execution.ts:29:17:29:53 | await j ... dNote() | semmle.label | await j ... dNote() |
| mock-rule-07-command-execution.ts:29:23:29:53 | joplin. ... dNote() | semmle.label | joplin. ... dNote() |
| mock-rule-07-command-execution.ts:30:19:30:25 | 'echo ' | semmle.label | 'echo ' |
| mock-rule-07-command-execution.ts:30:19:30:30 | 'echo ' + s3 | semmle.label | 'echo ' + s3 |
| mock-rule-07-command-execution.ts:30:29:30:30 | s3 | semmle.label | s3 |
| mock-rule-07-command-execution.ts:31:23:31:28 | 'echo' | semmle.label | 'echo' |
| mock-rule-07-command-execution.ts:31:31:31:34 | [s3] | semmle.label | [s3] |
| mock-rule-07-command-execution.ts:31:32:31:33 | s3 | semmle.label | s3 |
| mock-rule-07-command-execution.ts:32:20:32:25 | 'echo' | semmle.label | 'echo' |
| mock-rule-07-command-execution.ts:32:28:32:31 | [s3] | semmle.label | [s3] |
| mock-rule-07-command-execution.ts:32:29:32:30 | s3 | semmle.label | s3 |
| mock-rule-07-command-execution.ts:33:23:33:24 | s3 | semmle.label | s3 |
| mock-rule-07-command-execution.ts:34:27:34:28 | s3 | semmle.label | s3 |
| mock-rule-07-command-execution.ts:34:31:34:37 | ['-la'] | semmle.label | ['-la'] |
| mock-rule-07-command-execution.ts:34:32:34:36 | '-la' | semmle.label | '-la' |
| mock-rule-07-command-execution.ts:35:24:35:25 | s3 | semmle.label | s3 |
| mock-rule-07-command-execution.ts:35:28:35:34 | ['-la'] | semmle.label | ['-la'] |
| mock-rule-07-command-execution.ts:35:29:35:33 | '-la' | semmle.label | '-la' |
| mock-rule-07-command-execution.ts:36:19:36:20 | s3 | semmle.label | s3 |
| mock-rule-07-command-execution.ts:38:11:38:12 | s4 | semmle.label | s4 |
| mock-rule-07-command-execution.ts:38:16:38:19 | 'ls' | semmle.label | 'ls' |
| mock-rule-07-command-execution.ts:39:19:39:25 | 'echo ' | semmle.label | 'echo ' |
| mock-rule-07-command-execution.ts:39:19:39:30 | 'echo ' + s4 | semmle.label | 'echo ' + s4 |
| mock-rule-07-command-execution.ts:39:29:39:30 | s4 | semmle.label | s4 |
| mock-rule-07-command-execution.ts:40:23:40:28 | 'echo' | semmle.label | 'echo' |
| mock-rule-07-command-execution.ts:40:31:40:34 | [s4] | semmle.label | [s4] |
| mock-rule-07-command-execution.ts:40:32:40:33 | s4 | semmle.label | s4 |
| mock-rule-07-command-execution.ts:41:20:41:25 | 'echo' | semmle.label | 'echo' |
| mock-rule-07-command-execution.ts:41:28:41:31 | [s4] | semmle.label | [s4] |
| mock-rule-07-command-execution.ts:41:29:41:30 | s4 | semmle.label | s4 |
| mock-rule-07-command-execution.ts:42:23:42:24 | s4 | semmle.label | s4 |
| mock-rule-07-command-execution.ts:43:27:43:28 | s4 | semmle.label | s4 |
| mock-rule-07-command-execution.ts:43:31:43:37 | ['-la'] | semmle.label | ['-la'] |
| mock-rule-07-command-execution.ts:43:32:43:36 | '-la' | semmle.label | '-la' |
| mock-rule-07-command-execution.ts:44:24:44:25 | s4 | semmle.label | s4 |
| mock-rule-07-command-execution.ts:44:28:44:34 | ['-la'] | semmle.label | ['-la'] |
| mock-rule-07-command-execution.ts:44:29:44:33 | '-la' | semmle.label | '-la' |
| mock-rule-07-command-execution.ts:45:19:45:20 | s4 | semmle.label | s4 |
| mock-rule-07-command-execution.ts:47:11:47:12 | s5 | semmle.label | s5 |
| mock-rule-07-command-execution.ts:47:16:47:28 | './script.js' | semmle.label | './script.js' |
| mock-rule-07-command-execution.ts:48:19:48:25 | 'echo ' | semmle.label | 'echo ' |
| mock-rule-07-command-execution.ts:48:19:48:30 | 'echo ' + s5 | semmle.label | 'echo ' + s5 |
| mock-rule-07-command-execution.ts:48:29:48:30 | s5 | semmle.label | s5 |
| mock-rule-07-command-execution.ts:49:23:49:28 | 'echo' | semmle.label | 'echo' |
| mock-rule-07-command-execution.ts:49:31:49:34 | [s5] | semmle.label | [s5] |
| mock-rule-07-command-execution.ts:49:32:49:33 | s5 | semmle.label | s5 |
| mock-rule-07-command-execution.ts:50:20:50:25 | 'echo' | semmle.label | 'echo' |
| mock-rule-07-command-execution.ts:50:28:50:31 | [s5] | semmle.label | [s5] |
| mock-rule-07-command-execution.ts:50:29:50:30 | s5 | semmle.label | s5 |
| mock-rule-07-command-execution.ts:51:23:51:24 | s5 | semmle.label | s5 |
| mock-rule-07-command-execution.ts:52:27:52:28 | s5 | semmle.label | s5 |
| mock-rule-07-command-execution.ts:52:31:52:37 | ['-la'] | semmle.label | ['-la'] |
| mock-rule-07-command-execution.ts:52:32:52:36 | '-la' | semmle.label | '-la' |
| mock-rule-07-command-execution.ts:53:24:53:25 | s5 | semmle.label | s5 |
| mock-rule-07-command-execution.ts:53:28:53:34 | ['-la'] | semmle.label | ['-la'] |
| mock-rule-07-command-execution.ts:53:29:53:33 | '-la' | semmle.label | '-la' |
| mock-rule-07-command-execution.ts:54:19:54:20 | s5 | semmle.label | s5 |
subpaths
#select
| mock-rule-07-command-execution.ts:12:19:12:30 | 'echo ' + s1 | mock-rule-07-command-execution.ts:11:22:11:58 | joplin. ... ocale') | mock-rule-07-command-execution.ts:12:19:12:30 | 'echo ' + s1 | Terminal Command Execution: The plugin is passing generic string data or Joplin settings into a system terminal command (`child_process`). \\n**Reviewer Action:** Note: this is the broadest, lowest-specificity command-execution check \u2014 cross-reference with Rule 2 (Secret Theft) and Rule 6 (Cryptojacking) if this same call also appears there. Review the executed command to ensure the inputs are properly sanitized against command injection. |
| mock-rule-07-command-execution.ts:12:19:12:30 | 'echo ' + s1 | mock-rule-07-command-execution.ts:12:19:12:25 | 'echo ' | mock-rule-07-command-execution.ts:12:19:12:30 | 'echo ' + s1 | Terminal Command Execution: The plugin is passing generic string data or Joplin settings into a system terminal command (`child_process`). \\n**Reviewer Action:** Note: this is the broadest, lowest-specificity command-execution check \u2014 cross-reference with Rule 2 (Secret Theft) and Rule 6 (Cryptojacking) if this same call also appears there. Review the executed command to ensure the inputs are properly sanitized against command injection. |
| mock-rule-07-command-execution.ts:13:23:13:28 | 'echo' | mock-rule-07-command-execution.ts:13:23:13:28 | 'echo' | mock-rule-07-command-execution.ts:13:23:13:28 | 'echo' | Terminal Command Execution: The plugin is passing generic string data or Joplin settings into a system terminal command (`child_process`). \\n**Reviewer Action:** Note: this is the broadest, lowest-specificity command-execution check \u2014 cross-reference with Rule 2 (Secret Theft) and Rule 6 (Cryptojacking) if this same call also appears there. Review the executed command to ensure the inputs are properly sanitized against command injection. |
| mock-rule-07-command-execution.ts:13:31:13:34 | [s1] | mock-rule-07-command-execution.ts:11:22:11:58 | joplin. ... ocale') | mock-rule-07-command-execution.ts:13:31:13:34 | [s1] | Terminal Command Execution: The plugin is passing generic string data or Joplin settings into a system terminal command (`child_process`). \\n**Reviewer Action:** Note: this is the broadest, lowest-specificity command-execution check \u2014 cross-reference with Rule 2 (Secret Theft) and Rule 6 (Cryptojacking) if this same call also appears there. Review the executed command to ensure the inputs are properly sanitized against command injection. |
| mock-rule-07-command-execution.ts:14:20:14:25 | 'echo' | mock-rule-07-command-execution.ts:14:20:14:25 | 'echo' | mock-rule-07-command-execution.ts:14:20:14:25 | 'echo' | Terminal Command Execution: The plugin is passing generic string data or Joplin settings into a system terminal command (`child_process`). \\n**Reviewer Action:** Note: this is the broadest, lowest-specificity command-execution check \u2014 cross-reference with Rule 2 (Secret Theft) and Rule 6 (Cryptojacking) if this same call also appears there. Review the executed command to ensure the inputs are properly sanitized against command injection. |
| mock-rule-07-command-execution.ts:14:28:14:31 | [s1] | mock-rule-07-command-execution.ts:11:22:11:58 | joplin. ... ocale') | mock-rule-07-command-execution.ts:14:28:14:31 | [s1] | Terminal Command Execution: The plugin is passing generic string data or Joplin settings into a system terminal command (`child_process`). \\n**Reviewer Action:** Note: this is the broadest, lowest-specificity command-execution check \u2014 cross-reference with Rule 2 (Secret Theft) and Rule 6 (Cryptojacking) if this same call also appears there. Review the executed command to ensure the inputs are properly sanitized against command injection. |
| mock-rule-07-command-execution.ts:15:23:15:24 | s1 | mock-rule-07-command-execution.ts:11:22:11:58 | joplin. ... ocale') | mock-rule-07-command-execution.ts:15:23:15:24 | s1 | Terminal Command Execution: The plugin is passing generic string data or Joplin settings into a system terminal command (`child_process`). \\n**Reviewer Action:** Note: this is the broadest, lowest-specificity command-execution check \u2014 cross-reference with Rule 2 (Secret Theft) and Rule 6 (Cryptojacking) if this same call also appears there. Review the executed command to ensure the inputs are properly sanitized against command injection. |
| mock-rule-07-command-execution.ts:16:27:16:28 | s1 | mock-rule-07-command-execution.ts:11:22:11:58 | joplin. ... ocale') | mock-rule-07-command-execution.ts:16:27:16:28 | s1 | Terminal Command Execution: The plugin is passing generic string data or Joplin settings into a system terminal command (`child_process`). \\n**Reviewer Action:** Note: this is the broadest, lowest-specificity command-execution check \u2014 cross-reference with Rule 2 (Secret Theft) and Rule 6 (Cryptojacking) if this same call also appears there. Review the executed command to ensure the inputs are properly sanitized against command injection. |
| mock-rule-07-command-execution.ts:16:31:16:37 | ['-la'] | mock-rule-07-command-execution.ts:16:32:16:36 | '-la' | mock-rule-07-command-execution.ts:16:31:16:37 | ['-la'] | Terminal Command Execution: The plugin is passing generic string data or Joplin settings into a system terminal command (`child_process`). \\n**Reviewer Action:** Note: this is the broadest, lowest-specificity command-execution check \u2014 cross-reference with Rule 2 (Secret Theft) and Rule 6 (Cryptojacking) if this same call also appears there. Review the executed command to ensure the inputs are properly sanitized against command injection. |
| mock-rule-07-command-execution.ts:17:24:17:25 | s1 | mock-rule-07-command-execution.ts:11:22:11:58 | joplin. ... ocale') | mock-rule-07-command-execution.ts:17:24:17:25 | s1 | Terminal Command Execution: The plugin is passing generic string data or Joplin settings into a system terminal command (`child_process`). \\n**Reviewer Action:** Note: this is the broadest, lowest-specificity command-execution check \u2014 cross-reference with Rule 2 (Secret Theft) and Rule 6 (Cryptojacking) if this same call also appears there. Review the executed command to ensure the inputs are properly sanitized against command injection. |
| mock-rule-07-command-execution.ts:17:28:17:34 | ['-la'] | mock-rule-07-command-execution.ts:17:29:17:33 | '-la' | mock-rule-07-command-execution.ts:17:28:17:34 | ['-la'] | Terminal Command Execution: The plugin is passing generic string data or Joplin settings into a system terminal command (`child_process`). \\n**Reviewer Action:** Note: this is the broadest, lowest-specificity command-execution check \u2014 cross-reference with Rule 2 (Secret Theft) and Rule 6 (Cryptojacking) if this same call also appears there. Review the executed command to ensure the inputs are properly sanitized against command injection. |
| mock-rule-07-command-execution.ts:18:19:18:20 | s1 | mock-rule-07-command-execution.ts:11:22:11:58 | joplin. ... ocale') | mock-rule-07-command-execution.ts:18:19:18:20 | s1 | Terminal Command Execution: The plugin is passing generic string data or Joplin settings into a system terminal command (`child_process`). \\n**Reviewer Action:** Note: this is the broadest, lowest-specificity command-execution check \u2014 cross-reference with Rule 2 (Secret Theft) and Rule 6 (Cryptojacking) if this same call also appears there. Review the executed command to ensure the inputs are properly sanitized against command injection. |
| mock-rule-07-command-execution.ts:21:19:21:30 | 'echo ' + s2 | mock-rule-07-command-execution.ts:20:23:20:53 | joplin. ... , '1']) | mock-rule-07-command-execution.ts:21:19:21:30 | 'echo ' + s2 | Terminal Command Execution: The plugin is passing generic string data or Joplin settings into a system terminal command (`child_process`). \\n**Reviewer Action:** Note: this is the broadest, lowest-specificity command-execution check \u2014 cross-reference with Rule 2 (Secret Theft) and Rule 6 (Cryptojacking) if this same call also appears there. Review the executed command to ensure the inputs are properly sanitized against command injection. |
| mock-rule-07-command-execution.ts:21:19:21:30 | 'echo ' + s2 | mock-rule-07-command-execution.ts:21:19:21:25 | 'echo ' | mock-rule-07-command-execution.ts:21:19:21:30 | 'echo ' + s2 | Terminal Command Execution: The plugin is passing generic string data or Joplin settings into a system terminal command (`child_process`). \\n**Reviewer Action:** Note: this is the broadest, lowest-specificity command-execution check \u2014 cross-reference with Rule 2 (Secret Theft) and Rule 6 (Cryptojacking) if this same call also appears there. Review the executed command to ensure the inputs are properly sanitized against command injection. |
| mock-rule-07-command-execution.ts:22:23:22:28 | 'echo' | mock-rule-07-command-execution.ts:22:23:22:28 | 'echo' | mock-rule-07-command-execution.ts:22:23:22:28 | 'echo' | Terminal Command Execution: The plugin is passing generic string data or Joplin settings into a system terminal command (`child_process`). \\n**Reviewer Action:** Note: this is the broadest, lowest-specificity command-execution check \u2014 cross-reference with Rule 2 (Secret Theft) and Rule 6 (Cryptojacking) if this same call also appears there. Review the executed command to ensure the inputs are properly sanitized against command injection. |
| mock-rule-07-command-execution.ts:22:31:22:34 | [s2] | mock-rule-07-command-execution.ts:20:23:20:53 | joplin. ... , '1']) | mock-rule-07-command-execution.ts:22:31:22:34 | [s2] | Terminal Command Execution: The plugin is passing generic string data or Joplin settings into a system terminal command (`child_process`). \\n**Reviewer Action:** Note: this is the broadest, lowest-specificity command-execution check \u2014 cross-reference with Rule 2 (Secret Theft) and Rule 6 (Cryptojacking) if this same call also appears there. Review the executed command to ensure the inputs are properly sanitized against command injection. |
| mock-rule-07-command-execution.ts:23:20:23:25 | 'echo' | mock-rule-07-command-execution.ts:23:20:23:25 | 'echo' | mock-rule-07-command-execution.ts:23:20:23:25 | 'echo' | Terminal Command Execution: The plugin is passing generic string data or Joplin settings into a system terminal command (`child_process`). \\n**Reviewer Action:** Note: this is the broadest, lowest-specificity command-execution check \u2014 cross-reference with Rule 2 (Secret Theft) and Rule 6 (Cryptojacking) if this same call also appears there. Review the executed command to ensure the inputs are properly sanitized against command injection. |
| mock-rule-07-command-execution.ts:23:28:23:31 | [s2] | mock-rule-07-command-execution.ts:20:23:20:53 | joplin. ... , '1']) | mock-rule-07-command-execution.ts:23:28:23:31 | [s2] | Terminal Command Execution: The plugin is passing generic string data or Joplin settings into a system terminal command (`child_process`). \\n**Reviewer Action:** Note: this is the broadest, lowest-specificity command-execution check \u2014 cross-reference with Rule 2 (Secret Theft) and Rule 6 (Cryptojacking) if this same call also appears there. Review the executed command to ensure the inputs are properly sanitized against command injection. |
| mock-rule-07-command-execution.ts:24:23:24:24 | s2 | mock-rule-07-command-execution.ts:20:23:20:53 | joplin. ... , '1']) | mock-rule-07-command-execution.ts:24:23:24:24 | s2 | Terminal Command Execution: The plugin is passing generic string data or Joplin settings into a system terminal command (`child_process`). \\n**Reviewer Action:** Note: this is the broadest, lowest-specificity command-execution check \u2014 cross-reference with Rule 2 (Secret Theft) and Rule 6 (Cryptojacking) if this same call also appears there. Review the executed command to ensure the inputs are properly sanitized against command injection. |
| mock-rule-07-command-execution.ts:25:27:25:28 | s2 | mock-rule-07-command-execution.ts:20:23:20:53 | joplin. ... , '1']) | mock-rule-07-command-execution.ts:25:27:25:28 | s2 | Terminal Command Execution: The plugin is passing generic string data or Joplin settings into a system terminal command (`child_process`). \\n**Reviewer Action:** Note: this is the broadest, lowest-specificity command-execution check \u2014 cross-reference with Rule 2 (Secret Theft) and Rule 6 (Cryptojacking) if this same call also appears there. Review the executed command to ensure the inputs are properly sanitized against command injection. |
| mock-rule-07-command-execution.ts:25:31:25:37 | ['-la'] | mock-rule-07-command-execution.ts:25:32:25:36 | '-la' | mock-rule-07-command-execution.ts:25:31:25:37 | ['-la'] | Terminal Command Execution: The plugin is passing generic string data or Joplin settings into a system terminal command (`child_process`). \\n**Reviewer Action:** Note: this is the broadest, lowest-specificity command-execution check \u2014 cross-reference with Rule 2 (Secret Theft) and Rule 6 (Cryptojacking) if this same call also appears there. Review the executed command to ensure the inputs are properly sanitized against command injection. |
| mock-rule-07-command-execution.ts:26:24:26:25 | s2 | mock-rule-07-command-execution.ts:20:23:20:53 | joplin. ... , '1']) | mock-rule-07-command-execution.ts:26:24:26:25 | s2 | Terminal Command Execution: The plugin is passing generic string data or Joplin settings into a system terminal command (`child_process`). \\n**Reviewer Action:** Note: this is the broadest, lowest-specificity command-execution check \u2014 cross-reference with Rule 2 (Secret Theft) and Rule 6 (Cryptojacking) if this same call also appears there. Review the executed command to ensure the inputs are properly sanitized against command injection. |
| mock-rule-07-command-execution.ts:26:28:26:34 | ['-la'] | mock-rule-07-command-execution.ts:26:29:26:33 | '-la' | mock-rule-07-command-execution.ts:26:28:26:34 | ['-la'] | Terminal Command Execution: The plugin is passing generic string data or Joplin settings into a system terminal command (`child_process`). \\n**Reviewer Action:** Note: this is the broadest, lowest-specificity command-execution check \u2014 cross-reference with Rule 2 (Secret Theft) and Rule 6 (Cryptojacking) if this same call also appears there. Review the executed command to ensure the inputs are properly sanitized against command injection. |
| mock-rule-07-command-execution.ts:27:19:27:20 | s2 | mock-rule-07-command-execution.ts:20:23:20:53 | joplin. ... , '1']) | mock-rule-07-command-execution.ts:27:19:27:20 | s2 | Terminal Command Execution: The plugin is passing generic string data or Joplin settings into a system terminal command (`child_process`). \\n**Reviewer Action:** Note: this is the broadest, lowest-specificity command-execution check \u2014 cross-reference with Rule 2 (Secret Theft) and Rule 6 (Cryptojacking) if this same call also appears there. Review the executed command to ensure the inputs are properly sanitized against command injection. |
| mock-rule-07-command-execution.ts:30:19:30:30 | 'echo ' + s3 | mock-rule-07-command-execution.ts:29:23:29:53 | joplin. ... dNote() | mock-rule-07-command-execution.ts:30:19:30:30 | 'echo ' + s3 | Terminal Command Execution: The plugin is passing generic string data or Joplin settings into a system terminal command (`child_process`). \\n**Reviewer Action:** Note: this is the broadest, lowest-specificity command-execution check \u2014 cross-reference with Rule 2 (Secret Theft) and Rule 6 (Cryptojacking) if this same call also appears there. Review the executed command to ensure the inputs are properly sanitized against command injection. |
| mock-rule-07-command-execution.ts:30:19:30:30 | 'echo ' + s3 | mock-rule-07-command-execution.ts:30:19:30:25 | 'echo ' | mock-rule-07-command-execution.ts:30:19:30:30 | 'echo ' + s3 | Terminal Command Execution: The plugin is passing generic string data or Joplin settings into a system terminal command (`child_process`). \\n**Reviewer Action:** Note: this is the broadest, lowest-specificity command-execution check \u2014 cross-reference with Rule 2 (Secret Theft) and Rule 6 (Cryptojacking) if this same call also appears there. Review the executed command to ensure the inputs are properly sanitized against command injection. |
| mock-rule-07-command-execution.ts:31:23:31:28 | 'echo' | mock-rule-07-command-execution.ts:31:23:31:28 | 'echo' | mock-rule-07-command-execution.ts:31:23:31:28 | 'echo' | Terminal Command Execution: The plugin is passing generic string data or Joplin settings into a system terminal command (`child_process`). \\n**Reviewer Action:** Note: this is the broadest, lowest-specificity command-execution check \u2014 cross-reference with Rule 2 (Secret Theft) and Rule 6 (Cryptojacking) if this same call also appears there. Review the executed command to ensure the inputs are properly sanitized against command injection. |
| mock-rule-07-command-execution.ts:31:31:31:34 | [s3] | mock-rule-07-command-execution.ts:29:23:29:53 | joplin. ... dNote() | mock-rule-07-command-execution.ts:31:31:31:34 | [s3] | Terminal Command Execution: The plugin is passing generic string data or Joplin settings into a system terminal command (`child_process`). \\n**Reviewer Action:** Note: this is the broadest, lowest-specificity command-execution check \u2014 cross-reference with Rule 2 (Secret Theft) and Rule 6 (Cryptojacking) if this same call also appears there. Review the executed command to ensure the inputs are properly sanitized against command injection. |
| mock-rule-07-command-execution.ts:32:20:32:25 | 'echo' | mock-rule-07-command-execution.ts:32:20:32:25 | 'echo' | mock-rule-07-command-execution.ts:32:20:32:25 | 'echo' | Terminal Command Execution: The plugin is passing generic string data or Joplin settings into a system terminal command (`child_process`). \\n**Reviewer Action:** Note: this is the broadest, lowest-specificity command-execution check \u2014 cross-reference with Rule 2 (Secret Theft) and Rule 6 (Cryptojacking) if this same call also appears there. Review the executed command to ensure the inputs are properly sanitized against command injection. |
| mock-rule-07-command-execution.ts:32:28:32:31 | [s3] | mock-rule-07-command-execution.ts:29:23:29:53 | joplin. ... dNote() | mock-rule-07-command-execution.ts:32:28:32:31 | [s3] | Terminal Command Execution: The plugin is passing generic string data or Joplin settings into a system terminal command (`child_process`). \\n**Reviewer Action:** Note: this is the broadest, lowest-specificity command-execution check \u2014 cross-reference with Rule 2 (Secret Theft) and Rule 6 (Cryptojacking) if this same call also appears there. Review the executed command to ensure the inputs are properly sanitized against command injection. |
| mock-rule-07-command-execution.ts:33:23:33:24 | s3 | mock-rule-07-command-execution.ts:29:23:29:53 | joplin. ... dNote() | mock-rule-07-command-execution.ts:33:23:33:24 | s3 | Terminal Command Execution: The plugin is passing generic string data or Joplin settings into a system terminal command (`child_process`). \\n**Reviewer Action:** Note: this is the broadest, lowest-specificity command-execution check \u2014 cross-reference with Rule 2 (Secret Theft) and Rule 6 (Cryptojacking) if this same call also appears there. Review the executed command to ensure the inputs are properly sanitized against command injection. |
| mock-rule-07-command-execution.ts:34:27:34:28 | s3 | mock-rule-07-command-execution.ts:29:23:29:53 | joplin. ... dNote() | mock-rule-07-command-execution.ts:34:27:34:28 | s3 | Terminal Command Execution: The plugin is passing generic string data or Joplin settings into a system terminal command (`child_process`). \\n**Reviewer Action:** Note: this is the broadest, lowest-specificity command-execution check \u2014 cross-reference with Rule 2 (Secret Theft) and Rule 6 (Cryptojacking) if this same call also appears there. Review the executed command to ensure the inputs are properly sanitized against command injection. |
| mock-rule-07-command-execution.ts:34:31:34:37 | ['-la'] | mock-rule-07-command-execution.ts:34:32:34:36 | '-la' | mock-rule-07-command-execution.ts:34:31:34:37 | ['-la'] | Terminal Command Execution: The plugin is passing generic string data or Joplin settings into a system terminal command (`child_process`). \\n**Reviewer Action:** Note: this is the broadest, lowest-specificity command-execution check \u2014 cross-reference with Rule 2 (Secret Theft) and Rule 6 (Cryptojacking) if this same call also appears there. Review the executed command to ensure the inputs are properly sanitized against command injection. |
| mock-rule-07-command-execution.ts:35:24:35:25 | s3 | mock-rule-07-command-execution.ts:29:23:29:53 | joplin. ... dNote() | mock-rule-07-command-execution.ts:35:24:35:25 | s3 | Terminal Command Execution: The plugin is passing generic string data or Joplin settings into a system terminal command (`child_process`). \\n**Reviewer Action:** Note: this is the broadest, lowest-specificity command-execution check \u2014 cross-reference with Rule 2 (Secret Theft) and Rule 6 (Cryptojacking) if this same call also appears there. Review the executed command to ensure the inputs are properly sanitized against command injection. |
| mock-rule-07-command-execution.ts:35:28:35:34 | ['-la'] | mock-rule-07-command-execution.ts:35:29:35:33 | '-la' | mock-rule-07-command-execution.ts:35:28:35:34 | ['-la'] | Terminal Command Execution: The plugin is passing generic string data or Joplin settings into a system terminal command (`child_process`). \\n**Reviewer Action:** Note: this is the broadest, lowest-specificity command-execution check \u2014 cross-reference with Rule 2 (Secret Theft) and Rule 6 (Cryptojacking) if this same call also appears there. Review the executed command to ensure the inputs are properly sanitized against command injection. |
| mock-rule-07-command-execution.ts:36:19:36:20 | s3 | mock-rule-07-command-execution.ts:29:23:29:53 | joplin. ... dNote() | mock-rule-07-command-execution.ts:36:19:36:20 | s3 | Terminal Command Execution: The plugin is passing generic string data or Joplin settings into a system terminal command (`child_process`). \\n**Reviewer Action:** Note: this is the broadest, lowest-specificity command-execution check \u2014 cross-reference with Rule 2 (Secret Theft) and Rule 6 (Cryptojacking) if this same call also appears there. Review the executed command to ensure the inputs are properly sanitized against command injection. |
| mock-rule-07-command-execution.ts:39:19:39:30 | 'echo ' + s4 | mock-rule-07-command-execution.ts:38:16:38:19 | 'ls' | mock-rule-07-command-execution.ts:39:19:39:30 | 'echo ' + s4 | Terminal Command Execution: The plugin is passing generic string data or Joplin settings into a system terminal command (`child_process`). \\n**Reviewer Action:** Note: this is the broadest, lowest-specificity command-execution check \u2014 cross-reference with Rule 2 (Secret Theft) and Rule 6 (Cryptojacking) if this same call also appears there. Review the executed command to ensure the inputs are properly sanitized against command injection. |
| mock-rule-07-command-execution.ts:39:19:39:30 | 'echo ' + s4 | mock-rule-07-command-execution.ts:39:19:39:25 | 'echo ' | mock-rule-07-command-execution.ts:39:19:39:30 | 'echo ' + s4 | Terminal Command Execution: The plugin is passing generic string data or Joplin settings into a system terminal command (`child_process`). \\n**Reviewer Action:** Note: this is the broadest, lowest-specificity command-execution check \u2014 cross-reference with Rule 2 (Secret Theft) and Rule 6 (Cryptojacking) if this same call also appears there. Review the executed command to ensure the inputs are properly sanitized against command injection. |
| mock-rule-07-command-execution.ts:40:23:40:28 | 'echo' | mock-rule-07-command-execution.ts:40:23:40:28 | 'echo' | mock-rule-07-command-execution.ts:40:23:40:28 | 'echo' | Terminal Command Execution: The plugin is passing generic string data or Joplin settings into a system terminal command (`child_process`). \\n**Reviewer Action:** Note: this is the broadest, lowest-specificity command-execution check \u2014 cross-reference with Rule 2 (Secret Theft) and Rule 6 (Cryptojacking) if this same call also appears there. Review the executed command to ensure the inputs are properly sanitized against command injection. |
| mock-rule-07-command-execution.ts:40:31:40:34 | [s4] | mock-rule-07-command-execution.ts:38:16:38:19 | 'ls' | mock-rule-07-command-execution.ts:40:31:40:34 | [s4] | Terminal Command Execution: The plugin is passing generic string data or Joplin settings into a system terminal command (`child_process`). \\n**Reviewer Action:** Note: this is the broadest, lowest-specificity command-execution check \u2014 cross-reference with Rule 2 (Secret Theft) and Rule 6 (Cryptojacking) if this same call also appears there. Review the executed command to ensure the inputs are properly sanitized against command injection. |
| mock-rule-07-command-execution.ts:41:20:41:25 | 'echo' | mock-rule-07-command-execution.ts:41:20:41:25 | 'echo' | mock-rule-07-command-execution.ts:41:20:41:25 | 'echo' | Terminal Command Execution: The plugin is passing generic string data or Joplin settings into a system terminal command (`child_process`). \\n**Reviewer Action:** Note: this is the broadest, lowest-specificity command-execution check \u2014 cross-reference with Rule 2 (Secret Theft) and Rule 6 (Cryptojacking) if this same call also appears there. Review the executed command to ensure the inputs are properly sanitized against command injection. |
| mock-rule-07-command-execution.ts:41:28:41:31 | [s4] | mock-rule-07-command-execution.ts:38:16:38:19 | 'ls' | mock-rule-07-command-execution.ts:41:28:41:31 | [s4] | Terminal Command Execution: The plugin is passing generic string data or Joplin settings into a system terminal command (`child_process`). \\n**Reviewer Action:** Note: this is the broadest, lowest-specificity command-execution check \u2014 cross-reference with Rule 2 (Secret Theft) and Rule 6 (Cryptojacking) if this same call also appears there. Review the executed command to ensure the inputs are properly sanitized against command injection. |
| mock-rule-07-command-execution.ts:42:23:42:24 | s4 | mock-rule-07-command-execution.ts:38:16:38:19 | 'ls' | mock-rule-07-command-execution.ts:42:23:42:24 | s4 | Terminal Command Execution: The plugin is passing generic string data or Joplin settings into a system terminal command (`child_process`). \\n**Reviewer Action:** Note: this is the broadest, lowest-specificity command-execution check \u2014 cross-reference with Rule 2 (Secret Theft) and Rule 6 (Cryptojacking) if this same call also appears there. Review the executed command to ensure the inputs are properly sanitized against command injection. |
| mock-rule-07-command-execution.ts:43:27:43:28 | s4 | mock-rule-07-command-execution.ts:38:16:38:19 | 'ls' | mock-rule-07-command-execution.ts:43:27:43:28 | s4 | Terminal Command Execution: The plugin is passing generic string data or Joplin settings into a system terminal command (`child_process`). \\n**Reviewer Action:** Note: this is the broadest, lowest-specificity command-execution check \u2014 cross-reference with Rule 2 (Secret Theft) and Rule 6 (Cryptojacking) if this same call also appears there. Review the executed command to ensure the inputs are properly sanitized against command injection. |
| mock-rule-07-command-execution.ts:43:31:43:37 | ['-la'] | mock-rule-07-command-execution.ts:43:32:43:36 | '-la' | mock-rule-07-command-execution.ts:43:31:43:37 | ['-la'] | Terminal Command Execution: The plugin is passing generic string data or Joplin settings into a system terminal command (`child_process`). \\n**Reviewer Action:** Note: this is the broadest, lowest-specificity command-execution check \u2014 cross-reference with Rule 2 (Secret Theft) and Rule 6 (Cryptojacking) if this same call also appears there. Review the executed command to ensure the inputs are properly sanitized against command injection. |
| mock-rule-07-command-execution.ts:44:24:44:25 | s4 | mock-rule-07-command-execution.ts:38:16:38:19 | 'ls' | mock-rule-07-command-execution.ts:44:24:44:25 | s4 | Terminal Command Execution: The plugin is passing generic string data or Joplin settings into a system terminal command (`child_process`). \\n**Reviewer Action:** Note: this is the broadest, lowest-specificity command-execution check \u2014 cross-reference with Rule 2 (Secret Theft) and Rule 6 (Cryptojacking) if this same call also appears there. Review the executed command to ensure the inputs are properly sanitized against command injection. |
| mock-rule-07-command-execution.ts:44:28:44:34 | ['-la'] | mock-rule-07-command-execution.ts:44:29:44:33 | '-la' | mock-rule-07-command-execution.ts:44:28:44:34 | ['-la'] | Terminal Command Execution: The plugin is passing generic string data or Joplin settings into a system terminal command (`child_process`). \\n**Reviewer Action:** Note: this is the broadest, lowest-specificity command-execution check \u2014 cross-reference with Rule 2 (Secret Theft) and Rule 6 (Cryptojacking) if this same call also appears there. Review the executed command to ensure the inputs are properly sanitized against command injection. |
| mock-rule-07-command-execution.ts:45:19:45:20 | s4 | mock-rule-07-command-execution.ts:38:16:38:19 | 'ls' | mock-rule-07-command-execution.ts:45:19:45:20 | s4 | Terminal Command Execution: The plugin is passing generic string data or Joplin settings into a system terminal command (`child_process`). \\n**Reviewer Action:** Note: this is the broadest, lowest-specificity command-execution check \u2014 cross-reference with Rule 2 (Secret Theft) and Rule 6 (Cryptojacking) if this same call also appears there. Review the executed command to ensure the inputs are properly sanitized against command injection. |
| mock-rule-07-command-execution.ts:48:19:48:30 | 'echo ' + s5 | mock-rule-07-command-execution.ts:47:16:47:28 | './script.js' | mock-rule-07-command-execution.ts:48:19:48:30 | 'echo ' + s5 | Terminal Command Execution: The plugin is passing generic string data or Joplin settings into a system terminal command (`child_process`). \\n**Reviewer Action:** Note: this is the broadest, lowest-specificity command-execution check \u2014 cross-reference with Rule 2 (Secret Theft) and Rule 6 (Cryptojacking) if this same call also appears there. Review the executed command to ensure the inputs are properly sanitized against command injection. |
| mock-rule-07-command-execution.ts:48:19:48:30 | 'echo ' + s5 | mock-rule-07-command-execution.ts:48:19:48:25 | 'echo ' | mock-rule-07-command-execution.ts:48:19:48:30 | 'echo ' + s5 | Terminal Command Execution: The plugin is passing generic string data or Joplin settings into a system terminal command (`child_process`). \\n**Reviewer Action:** Note: this is the broadest, lowest-specificity command-execution check \u2014 cross-reference with Rule 2 (Secret Theft) and Rule 6 (Cryptojacking) if this same call also appears there. Review the executed command to ensure the inputs are properly sanitized against command injection. |
| mock-rule-07-command-execution.ts:49:23:49:28 | 'echo' | mock-rule-07-command-execution.ts:49:23:49:28 | 'echo' | mock-rule-07-command-execution.ts:49:23:49:28 | 'echo' | Terminal Command Execution: The plugin is passing generic string data or Joplin settings into a system terminal command (`child_process`). \\n**Reviewer Action:** Note: this is the broadest, lowest-specificity command-execution check \u2014 cross-reference with Rule 2 (Secret Theft) and Rule 6 (Cryptojacking) if this same call also appears there. Review the executed command to ensure the inputs are properly sanitized against command injection. |
| mock-rule-07-command-execution.ts:49:31:49:34 | [s5] | mock-rule-07-command-execution.ts:47:16:47:28 | './script.js' | mock-rule-07-command-execution.ts:49:31:49:34 | [s5] | Terminal Command Execution: The plugin is passing generic string data or Joplin settings into a system terminal command (`child_process`). \\n**Reviewer Action:** Note: this is the broadest, lowest-specificity command-execution check \u2014 cross-reference with Rule 2 (Secret Theft) and Rule 6 (Cryptojacking) if this same call also appears there. Review the executed command to ensure the inputs are properly sanitized against command injection. |
| mock-rule-07-command-execution.ts:50:20:50:25 | 'echo' | mock-rule-07-command-execution.ts:50:20:50:25 | 'echo' | mock-rule-07-command-execution.ts:50:20:50:25 | 'echo' | Terminal Command Execution: The plugin is passing generic string data or Joplin settings into a system terminal command (`child_process`). \\n**Reviewer Action:** Note: this is the broadest, lowest-specificity command-execution check \u2014 cross-reference with Rule 2 (Secret Theft) and Rule 6 (Cryptojacking) if this same call also appears there. Review the executed command to ensure the inputs are properly sanitized against command injection. |
| mock-rule-07-command-execution.ts:50:28:50:31 | [s5] | mock-rule-07-command-execution.ts:47:16:47:28 | './script.js' | mock-rule-07-command-execution.ts:50:28:50:31 | [s5] | Terminal Command Execution: The plugin is passing generic string data or Joplin settings into a system terminal command (`child_process`). \\n**Reviewer Action:** Note: this is the broadest, lowest-specificity command-execution check \u2014 cross-reference with Rule 2 (Secret Theft) and Rule 6 (Cryptojacking) if this same call also appears there. Review the executed command to ensure the inputs are properly sanitized against command injection. |
| mock-rule-07-command-execution.ts:51:23:51:24 | s5 | mock-rule-07-command-execution.ts:47:16:47:28 | './script.js' | mock-rule-07-command-execution.ts:51:23:51:24 | s5 | Terminal Command Execution: The plugin is passing generic string data or Joplin settings into a system terminal command (`child_process`). \\n**Reviewer Action:** Note: this is the broadest, lowest-specificity command-execution check \u2014 cross-reference with Rule 2 (Secret Theft) and Rule 6 (Cryptojacking) if this same call also appears there. Review the executed command to ensure the inputs are properly sanitized against command injection. |
| mock-rule-07-command-execution.ts:52:27:52:28 | s5 | mock-rule-07-command-execution.ts:47:16:47:28 | './script.js' | mock-rule-07-command-execution.ts:52:27:52:28 | s5 | Terminal Command Execution: The plugin is passing generic string data or Joplin settings into a system terminal command (`child_process`). \\n**Reviewer Action:** Note: this is the broadest, lowest-specificity command-execution check \u2014 cross-reference with Rule 2 (Secret Theft) and Rule 6 (Cryptojacking) if this same call also appears there. Review the executed command to ensure the inputs are properly sanitized against command injection. |
| mock-rule-07-command-execution.ts:52:31:52:37 | ['-la'] | mock-rule-07-command-execution.ts:52:32:52:36 | '-la' | mock-rule-07-command-execution.ts:52:31:52:37 | ['-la'] | Terminal Command Execution: The plugin is passing generic string data or Joplin settings into a system terminal command (`child_process`). \\n**Reviewer Action:** Note: this is the broadest, lowest-specificity command-execution check \u2014 cross-reference with Rule 2 (Secret Theft) and Rule 6 (Cryptojacking) if this same call also appears there. Review the executed command to ensure the inputs are properly sanitized against command injection. |
| mock-rule-07-command-execution.ts:53:24:53:25 | s5 | mock-rule-07-command-execution.ts:47:16:47:28 | './script.js' | mock-rule-07-command-execution.ts:53:24:53:25 | s5 | Terminal Command Execution: The plugin is passing generic string data or Joplin settings into a system terminal command (`child_process`). \\n**Reviewer Action:** Note: this is the broadest, lowest-specificity command-execution check \u2014 cross-reference with Rule 2 (Secret Theft) and Rule 6 (Cryptojacking) if this same call also appears there. Review the executed command to ensure the inputs are properly sanitized against command injection. |
| mock-rule-07-command-execution.ts:53:28:53:34 | ['-la'] | mock-rule-07-command-execution.ts:53:29:53:33 | '-la' | mock-rule-07-command-execution.ts:53:28:53:34 | ['-la'] | Terminal Command Execution: The plugin is passing generic string data or Joplin settings into a system terminal command (`child_process`). \\n**Reviewer Action:** Note: this is the broadest, lowest-specificity command-execution check \u2014 cross-reference with Rule 2 (Secret Theft) and Rule 6 (Cryptojacking) if this same call also appears there. Review the executed command to ensure the inputs are properly sanitized against command injection. |
| mock-rule-07-command-execution.ts:54:19:54:20 | s5 | mock-rule-07-command-execution.ts:47:16:47:28 | './script.js' | mock-rule-07-command-execution.ts:54:19:54:20 | s5 | Terminal Command Execution: The plugin is passing generic string data or Joplin settings into a system terminal command (`child_process`). \\n**Reviewer Action:** Note: this is the broadest, lowest-specificity command-execution check \u2014 cross-reference with Rule 2 (Secret Theft) and Rule 6 (Cryptojacking) if this same call also appears there. Review the executed command to ensure the inputs are properly sanitized against command injection. |
