edges
| mock-rule-07-command-execution.ts:5:11:5:15 | theme | mock-rule-07-command-execution.ts:6:40:6:44 | theme | provenance |  |
| mock-rule-07-command-execution.ts:5:19:5:60 | await j ... theme') | mock-rule-07-command-execution.ts:5:11:5:15 | theme | provenance |  |
| mock-rule-07-command-execution.ts:5:25:5:60 | joplin. ... theme') | mock-rule-07-command-execution.ts:5:19:5:60 | await j ... theme') | provenance |  |
| mock-rule-07-command-execution.ts:6:40:6:44 | theme | mock-rule-07-command-execution.ts:6:5:6:45 | childPr ...  theme) | provenance |  |
| mock-rule-07-command-execution.ts:17:36:17:40 | event | mock-rule-07-command-execution.ts:18:45:18:49 | event | provenance |  |
| mock-rule-07-command-execution.ts:18:45:18:49 | event | mock-rule-07-command-execution.ts:18:9:18:53 | childPr ... ent.id) | provenance |  |
nodes
| mock-rule-07-command-execution.ts:5:11:5:15 | theme | semmle.label | theme |
| mock-rule-07-command-execution.ts:5:19:5:60 | await j ... theme') | semmle.label | await j ... theme') |
| mock-rule-07-command-execution.ts:5:25:5:60 | joplin. ... theme') | semmle.label | joplin. ... theme') |
| mock-rule-07-command-execution.ts:6:5:6:45 | childPr ...  theme) | semmle.label | childPr ...  theme) |
| mock-rule-07-command-execution.ts:6:40:6:44 | theme | semmle.label | theme |
| mock-rule-07-command-execution.ts:17:36:17:40 | event | semmle.label | event |
| mock-rule-07-command-execution.ts:18:9:18:53 | childPr ... ent.id) | semmle.label | childPr ... ent.id) |
| mock-rule-07-command-execution.ts:18:45:18:49 | event | semmle.label | event |
subpaths
#select
| mock-rule-07-command-execution.ts:6:5:6:45 | childPr ...  theme) | mock-rule-07-command-execution.ts:5:25:5:60 | joplin. ... theme') | mock-rule-07-command-execution.ts:6:5:6:45 | childPr ...  theme) | Terminal Command Execution: Generic data, Joplin data, settings, or message callback input is passed to a child_process command or argument. \\n**Reviewer Action:** Note: this is the broadest, lowest-specificity command-execution check. Review the executed command to ensure the inputs are properly sanitized against command injection. |
| mock-rule-07-command-execution.ts:18:9:18:53 | childPr ... ent.id) | mock-rule-07-command-execution.ts:17:36:17:40 | event | mock-rule-07-command-execution.ts:18:9:18:53 | childPr ... ent.id) | Terminal Command Execution: Generic data, Joplin data, settings, or message callback input is passed to a child_process command or argument. \\n**Reviewer Action:** Note: this is the broadest, lowest-specificity command-execution check. Review the executed command to ensure the inputs are properly sanitized against command injection. |
