edges
| mock-rule-10-silent-backup-hijacking-taint-structural.ts:7:22:7:28 | context | mock-rule-10-silent-backup-hijacking-taint-structural.ts:8:61:8:67 | context | provenance |  |
| mock-rule-10-silent-backup-hijacking-taint-structural.ts:8:61:8:67 | context | mock-rule-10-silent-backup-hijacking-taint-structural.ts:8:19:8:76 | 'https: ... estPath | provenance |  |
| mock-rule-10-silent-backup-hijacking-taint-structural.ts:11:61:11:64 | item | mock-rule-10-silent-backup-hijacking-taint-structural.ts:14:38:14:41 | item | provenance |  |
| mock-rule-10-silent-backup-hijacking-taint-structural.ts:11:61:11:64 | item | mock-rule-10-silent-backup-hijacking-taint-structural.ts:16:48:16:51 | item | provenance |  |
| mock-rule-10-silent-backup-hijacking-taint-structural.ts:14:38:14:41 | item | mock-rule-10-silent-backup-hijacking-taint-structural.ts:14:23:14:42 | JSON.stringify(item) | provenance |  |
| mock-rule-10-silent-backup-hijacking-taint-structural.ts:16:48:16:51 | item | mock-rule-10-silent-backup-hijacking-taint-structural.ts:16:13:16:58 | childPr ... .title) | provenance |  |
| mock-rule-10-silent-backup-hijacking-taint-structural.ts:21:47:21:54 | resource | mock-rule-10-silent-backup-hijacking-taint-structural.ts:24:58:24:65 | resource | provenance |  |
| mock-rule-10-silent-backup-hijacking-taint-structural.ts:21:62:21:69 | filePath | mock-rule-10-silent-backup-hijacking-taint-structural.ts:23:29:23:36 | filePath | provenance |  |
| mock-rule-10-silent-backup-hijacking-taint-structural.ts:24:58:24:65 | resource | mock-rule-10-silent-backup-hijacking-taint-structural.ts:24:19:24:68 | 'https: ... urce.id | provenance |  |
nodes
| mock-rule-10-silent-backup-hijacking-taint-structural.ts:7:22:7:28 | context | semmle.label | context |
| mock-rule-10-silent-backup-hijacking-taint-structural.ts:8:19:8:76 | 'https: ... estPath | semmle.label | 'https: ... estPath |
| mock-rule-10-silent-backup-hijacking-taint-structural.ts:8:61:8:67 | context | semmle.label | context |
| mock-rule-10-silent-backup-hijacking-taint-structural.ts:11:61:11:64 | item | semmle.label | item |
| mock-rule-10-silent-backup-hijacking-taint-structural.ts:14:23:14:42 | JSON.stringify(item) | semmle.label | JSON.stringify(item) |
| mock-rule-10-silent-backup-hijacking-taint-structural.ts:14:38:14:41 | item | semmle.label | item |
| mock-rule-10-silent-backup-hijacking-taint-structural.ts:16:13:16:58 | childPr ... .title) | semmle.label | childPr ... .title) |
| mock-rule-10-silent-backup-hijacking-taint-structural.ts:16:48:16:51 | item | semmle.label | item |
| mock-rule-10-silent-backup-hijacking-taint-structural.ts:21:47:21:54 | resource | semmle.label | resource |
| mock-rule-10-silent-backup-hijacking-taint-structural.ts:21:62:21:69 | filePath | semmle.label | filePath |
| mock-rule-10-silent-backup-hijacking-taint-structural.ts:23:29:23:36 | filePath | semmle.label | filePath |
| mock-rule-10-silent-backup-hijacking-taint-structural.ts:24:19:24:68 | 'https: ... urce.id | semmle.label | 'https: ... urce.id |
| mock-rule-10-silent-backup-hijacking-taint-structural.ts:24:58:24:65 | resource | semmle.label | resource |
subpaths
#select
| mock-rule-10-silent-backup-hijacking-taint-structural.ts:8:19:8:76 | 'https: ... estPath | mock-rule-10-silent-backup-hijacking-taint-structural.ts:7:22:7:28 | context | mock-rule-10-silent-backup-hijacking-taint-structural.ts:8:19:8:76 | 'https: ... estPath | [High Confidence] Backup Hijacking Alert: Export data is confirmed flowing into a network request, terminal command, or unauthorized file path instead of the legitimate export destination. \\n**Reviewer Action:** Verify if the plugin is quietly siphoning off backup data during a user-initiated export. Ensure all exported data strictly writes to the context's designated safe destination path. |
| mock-rule-10-silent-backup-hijacking-taint-structural.ts:14:23:14:42 | JSON.stringify(item) | mock-rule-10-silent-backup-hijacking-taint-structural.ts:11:61:11:64 | item | mock-rule-10-silent-backup-hijacking-taint-structural.ts:14:23:14:42 | JSON.stringify(item) | [High Confidence] Backup Hijacking Alert: Export data is confirmed flowing into a network request, terminal command, or unauthorized file path instead of the legitimate export destination. \\n**Reviewer Action:** Verify if the plugin is quietly siphoning off backup data during a user-initiated export. Ensure all exported data strictly writes to the context's designated safe destination path. |
| mock-rule-10-silent-backup-hijacking-taint-structural.ts:16:13:16:58 | childPr ... .title) | mock-rule-10-silent-backup-hijacking-taint-structural.ts:11:61:11:64 | item | mock-rule-10-silent-backup-hijacking-taint-structural.ts:16:13:16:58 | childPr ... .title) | [High Confidence] Backup Hijacking Alert: Export data is confirmed flowing into a network request, terminal command, or unauthorized file path instead of the legitimate export destination. \\n**Reviewer Action:** Verify if the plugin is quietly siphoning off backup data during a user-initiated export. Ensure all exported data strictly writes to the context's designated safe destination path. |
| mock-rule-10-silent-backup-hijacking-taint-structural.ts:23:29:23:36 | filePath | mock-rule-10-silent-backup-hijacking-taint-structural.ts:21:62:21:69 | filePath | mock-rule-10-silent-backup-hijacking-taint-structural.ts:23:29:23:36 | filePath | [High Confidence] Backup Hijacking Alert: Export data is confirmed flowing into a network request, terminal command, or unauthorized file path instead of the legitimate export destination. \\n**Reviewer Action:** Verify if the plugin is quietly siphoning off backup data during a user-initiated export. Ensure all exported data strictly writes to the context's designated safe destination path. |
| mock-rule-10-silent-backup-hijacking-taint-structural.ts:24:19:24:68 | 'https: ... urce.id | mock-rule-10-silent-backup-hijacking-taint-structural.ts:21:47:21:54 | resource | mock-rule-10-silent-backup-hijacking-taint-structural.ts:24:19:24:68 | 'https: ... urce.id | [High Confidence] Backup Hijacking Alert: Export data is confirmed flowing into a network request, terminal command, or unauthorized file path instead of the legitimate export destination. \\n**Reviewer Action:** Verify if the plugin is quietly siphoning off backup data during a user-initiated export. Ensure all exported data strictly writes to the context's designated safe destination path. |
