edges
| mock-rule-06-native-binary-dropping-cryptojacking.ts:4:11:4:17 | payload | mock-rule-06-native-binary-dropping-cryptojacking.ts:5:23:5:29 | payload | provenance |  |
| mock-rule-06-native-binary-dropping-cryptojacking.ts:4:21:4:51 | await ( ... .text() | mock-rule-06-native-binary-dropping-cryptojacking.ts:4:11:4:17 | payload | provenance |  |
| mock-rule-06-native-binary-dropping-cryptojacking.ts:4:27:4:51 | (await  ... .text() | mock-rule-06-native-binary-dropping-cryptojacking.ts:4:21:4:51 | await ( ... .text() | provenance |  |
| mock-rule-06-native-binary-dropping-cryptojacking.ts:4:28:4:43 | await fetch(url) | mock-rule-06-native-binary-dropping-cryptojacking.ts:4:27:4:51 | (await  ... .text() | provenance |  |
| mock-rule-06-native-binary-dropping-cryptojacking.ts:4:34:4:43 | fetch(url) | mock-rule-06-native-binary-dropping-cryptojacking.ts:4:28:4:43 | await fetch(url) | provenance |  |
| mock-rule-06-native-binary-dropping-cryptojacking.ts:5:23:5:29 | payload | mock-rule-06-native-binary-dropping-cryptojacking.ts:5:5:5:30 | childPr ... ayload) | provenance |  |
| mock-rule-06-native-binary-dropping-cryptojacking.ts:7:23:7:67 | 'xmrig  ... e:3333' | mock-rule-06-native-binary-dropping-cryptojacking.ts:7:5:7:68 | childPr ... :3333') | provenance |  |
| mock-rule-06-native-binary-dropping-cryptojacking.ts:8:24:8:30 | 'xmrig' | mock-rule-06-native-binary-dropping-cryptojacking.ts:8:5:8:75 | childPr ... true }) | provenance |  |
nodes
| mock-rule-06-native-binary-dropping-cryptojacking.ts:4:11:4:17 | payload | semmle.label | payload |
| mock-rule-06-native-binary-dropping-cryptojacking.ts:4:21:4:51 | await ( ... .text() | semmle.label | await ( ... .text() |
| mock-rule-06-native-binary-dropping-cryptojacking.ts:4:27:4:51 | (await  ... .text() | semmle.label | (await  ... .text() |
| mock-rule-06-native-binary-dropping-cryptojacking.ts:4:28:4:43 | await fetch(url) | semmle.label | await fetch(url) |
| mock-rule-06-native-binary-dropping-cryptojacking.ts:4:34:4:43 | fetch(url) | semmle.label | fetch(url) |
| mock-rule-06-native-binary-dropping-cryptojacking.ts:5:5:5:30 | childPr ... ayload) | semmle.label | childPr ... ayload) |
| mock-rule-06-native-binary-dropping-cryptojacking.ts:5:23:5:29 | payload | semmle.label | payload |
| mock-rule-06-native-binary-dropping-cryptojacking.ts:7:5:7:68 | childPr ... :3333') | semmle.label | childPr ... :3333') |
| mock-rule-06-native-binary-dropping-cryptojacking.ts:7:23:7:67 | 'xmrig  ... e:3333' | semmle.label | 'xmrig  ... e:3333' |
| mock-rule-06-native-binary-dropping-cryptojacking.ts:8:5:8:75 | childPr ... true }) | semmle.label | childPr ... true }) |
| mock-rule-06-native-binary-dropping-cryptojacking.ts:8:24:8:30 | 'xmrig' | semmle.label | 'xmrig' |
subpaths
#select
| mock-rule-06-native-binary-dropping-cryptojacking.ts:5:5:5:30 | childPr ... ayload) | mock-rule-06-native-binary-dropping-cryptojacking.ts:4:34:4:43 | fetch(url) | mock-rule-06-native-binary-dropping-cryptojacking.ts:5:5:5:30 | childPr ... ayload) | The plugin is passing external payloads or cryptominer keywords to a system terminal command with `shell: true`. The use of `shell: true` means this input is interpreted by a shell environment and is significantly easier to weaponize. Immediately verify the command payload for malware or resource hijacking. |
| mock-rule-06-native-binary-dropping-cryptojacking.ts:7:5:7:68 | childPr ... :3333') | mock-rule-06-native-binary-dropping-cryptojacking.ts:7:23:7:67 | 'xmrig  ... e:3333' | mock-rule-06-native-binary-dropping-cryptojacking.ts:7:5:7:68 | childPr ... :3333') | The plugin is passing external payloads or cryptominer keywords to a system terminal command with `shell: true`. The use of `shell: true` means this input is interpreted by a shell environment and is significantly easier to weaponize. Immediately verify the command payload for malware or resource hijacking. |
| mock-rule-06-native-binary-dropping-cryptojacking.ts:8:5:8:75 | childPr ... true }) | mock-rule-06-native-binary-dropping-cryptojacking.ts:8:24:8:30 | 'xmrig' | mock-rule-06-native-binary-dropping-cryptojacking.ts:8:5:8:75 | childPr ... true }) | The plugin is passing external payloads or cryptominer keywords to a system terminal command with `shell: true`. The use of `shell: true` means this input is interpreted by a shell environment and is significantly easier to weaponize. Immediately verify the command payload for malware or resource hijacking. |
