WARNING: reference to 'JoplinSinks' references a local library, not the named module (13-ui-phishing.ql:10,8-19)
edges
| mock-rule-13-social-engineering-ui-phishing.ts:12:11:12:12 | s1 | mock-rule-13-social-engineering-ui-phishing.ts:13:73:13:74 | s1 | provenance |  |
| mock-rule-13-social-engineering-ui-phishing.ts:12:16:12:59 | await j ... h_r13') | mock-rule-13-social-engineering-ui-phishing.ts:12:11:12:12 | s1 | provenance |  |
| mock-rule-13-social-engineering-ui-phishing.ts:12:22:12:59 | joplin. ... h_r13') | mock-rule-13-social-engineering-ui-phishing.ts:12:16:12:59 | await j ... h_r13') | provenance |  |
| mock-rule-13-social-engineering-ui-phishing.ts:13:58:13:84 | JSON.st ... rmData) | mock-rule-13-social-engineering-ui-phishing.ts:13:34:13:86 | { metho ... Data) } | provenance |  |
| mock-rule-13-social-engineering-ui-phishing.ts:13:73:13:74 | s1 | mock-rule-13-social-engineering-ui-phishing.ts:13:73:13:83 | s1.formData | provenance |  |
| mock-rule-13-social-engineering-ui-phishing.ts:13:73:13:74 | s1 | mock-rule-13-social-engineering-ui-phishing.ts:13:73:13:83 | s1.formData | provenance | Config |
| mock-rule-13-social-engineering-ui-phishing.ts:13:73:13:83 | s1.formData | mock-rule-13-social-engineering-ui-phishing.ts:13:58:13:84 | JSON.st ... rmData) | provenance |  |
nodes
| mock-rule-13-social-engineering-ui-phishing.ts:12:11:12:12 | s1 | semmle.label | s1 |
| mock-rule-13-social-engineering-ui-phishing.ts:12:16:12:59 | await j ... h_r13') | semmle.label | await j ... h_r13') |
| mock-rule-13-social-engineering-ui-phishing.ts:12:22:12:59 | joplin. ... h_r13') | semmle.label | joplin. ... h_r13') |
| mock-rule-13-social-engineering-ui-phishing.ts:13:34:13:86 | { metho ... Data) } | semmle.label | { metho ... Data) } |
| mock-rule-13-social-engineering-ui-phishing.ts:13:58:13:84 | JSON.st ... rmData) | semmle.label | JSON.st ... rmData) |
| mock-rule-13-social-engineering-ui-phishing.ts:13:73:13:74 | s1 | semmle.label | s1 |
| mock-rule-13-social-engineering-ui-phishing.ts:13:73:13:83 | s1.formData | semmle.label | s1.formData |
subpaths
#select
| mock-rule-13-social-engineering-ui-phishing.ts:13:34:13:86 | { metho ... Data) } | mock-rule-13-social-engineering-ui-phishing.ts:12:22:12:59 | joplin. ... h_r13') | mock-rule-13-social-engineering-ui-phishing.ts:13:34:13:86 | { metho ... Data) } | UI Phishing Indicator: Data submitted through a custom Joplin dialog or prompt is being transmitted to an external network. \\n**Reviewer Action:** Review the HTML of the dialog. Ensure it is not mimicking an official Joplin authentication screen or asking for external service credentials (like GitHub or Dropbox) over an untrusted connection. |
