edges
| mock-rule-08-data-exfiltration.ts:4:11:4:15 | notes | mock-rule-08-data-exfiltration.ts:7:30:7:34 | notes | provenance |  |
| mock-rule-08-data-exfiltration.ts:4:19:4:50 | await j ... otes']) | mock-rule-08-data-exfiltration.ts:4:11:4:15 | notes | provenance |  |
| mock-rule-08-data-exfiltration.ts:4:25:4:50 | joplin. ... otes']) | mock-rule-08-data-exfiltration.ts:4:19:4:50 | await j ... otes']) | provenance |  |
| mock-rule-08-data-exfiltration.ts:7:30:7:34 | notes | mock-rule-08-data-exfiltration.ts:7:15:7:35 | JSON.st ... (notes) | provenance |  |
| mock-rule-08-data-exfiltration.ts:10:11:10:17 | folders | mock-rule-08-data-exfiltration.ts:11:49:11:55 | folders | provenance |  |
| mock-rule-08-data-exfiltration.ts:10:21:10:54 | await j ... ders']) | mock-rule-08-data-exfiltration.ts:10:11:10:17 | folders | provenance |  |
| mock-rule-08-data-exfiltration.ts:10:27:10:54 | joplin. ... ders']) | mock-rule-08-data-exfiltration.ts:10:21:10:54 | await j ... ders']) | provenance |  |
| mock-rule-08-data-exfiltration.ts:11:49:11:55 | folders | mock-rule-08-data-exfiltration.ts:11:11:11:68 | 'https: ... .length | provenance |  |
| mock-rule-08-data-exfiltration.ts:13:11:13:18 | resource | mock-rule-08-data-exfiltration.ts:16:30:16:37 | resource | provenance |  |
| mock-rule-08-data-exfiltration.ts:13:22:13:62 | await j ... , '1']) | mock-rule-08-data-exfiltration.ts:13:11:13:18 | resource | provenance |  |
| mock-rule-08-data-exfiltration.ts:13:28:13:62 | joplin. ... , '1']) | mock-rule-08-data-exfiltration.ts:13:22:13:62 | await j ... , '1']) | provenance |  |
| mock-rule-08-data-exfiltration.ts:16:30:16:37 | resource | mock-rule-08-data-exfiltration.ts:16:15:16:38 | JSON.st ... source) | provenance |  |
| mock-rule-08-data-exfiltration.ts:19:11:19:18 | selected | mock-rule-08-data-exfiltration.ts:20:50:20:57 | selected | provenance |  |
| mock-rule-08-data-exfiltration.ts:19:22:19:58 | await j ... dNote() | mock-rule-08-data-exfiltration.ts:19:11:19:18 | selected | provenance |  |
| mock-rule-08-data-exfiltration.ts:19:28:19:58 | joplin. ... dNote() | mock-rule-08-data-exfiltration.ts:19:22:19:58 | await j ... dNote() | provenance |  |
| mock-rule-08-data-exfiltration.ts:20:50:20:57 | selected | mock-rule-08-data-exfiltration.ts:20:11:20:60 | 'https: ... cted.id | provenance |  |
nodes
| mock-rule-08-data-exfiltration.ts:4:11:4:15 | notes | semmle.label | notes |
| mock-rule-08-data-exfiltration.ts:4:19:4:50 | await j ... otes']) | semmle.label | await j ... otes']) |
| mock-rule-08-data-exfiltration.ts:4:25:4:50 | joplin. ... otes']) | semmle.label | joplin. ... otes']) |
| mock-rule-08-data-exfiltration.ts:7:15:7:35 | JSON.st ... (notes) | semmle.label | JSON.st ... (notes) |
| mock-rule-08-data-exfiltration.ts:7:30:7:34 | notes | semmle.label | notes |
| mock-rule-08-data-exfiltration.ts:10:11:10:17 | folders | semmle.label | folders |
| mock-rule-08-data-exfiltration.ts:10:21:10:54 | await j ... ders']) | semmle.label | await j ... ders']) |
| mock-rule-08-data-exfiltration.ts:10:27:10:54 | joplin. ... ders']) | semmle.label | joplin. ... ders']) |
| mock-rule-08-data-exfiltration.ts:11:11:11:68 | 'https: ... .length | semmle.label | 'https: ... .length |
| mock-rule-08-data-exfiltration.ts:11:49:11:55 | folders | semmle.label | folders |
| mock-rule-08-data-exfiltration.ts:13:11:13:18 | resource | semmle.label | resource |
| mock-rule-08-data-exfiltration.ts:13:22:13:62 | await j ... , '1']) | semmle.label | await j ... , '1']) |
| mock-rule-08-data-exfiltration.ts:13:28:13:62 | joplin. ... , '1']) | semmle.label | joplin. ... , '1']) |
| mock-rule-08-data-exfiltration.ts:16:15:16:38 | JSON.st ... source) | semmle.label | JSON.st ... source) |
| mock-rule-08-data-exfiltration.ts:16:30:16:37 | resource | semmle.label | resource |
| mock-rule-08-data-exfiltration.ts:19:11:19:18 | selected | semmle.label | selected |
| mock-rule-08-data-exfiltration.ts:19:22:19:58 | await j ... dNote() | semmle.label | await j ... dNote() |
| mock-rule-08-data-exfiltration.ts:19:28:19:58 | joplin. ... dNote() | semmle.label | joplin. ... dNote() |
| mock-rule-08-data-exfiltration.ts:20:11:20:60 | 'https: ... cted.id | semmle.label | 'https: ... cted.id |
| mock-rule-08-data-exfiltration.ts:20:50:20:57 | selected | semmle.label | selected |
subpaths
#select
| mock-rule-08-data-exfiltration.ts:7:15:7:35 | JSON.st ... (notes) | mock-rule-08-data-exfiltration.ts:4:25:4:50 | joplin. ... otes']) | mock-rule-08-data-exfiltration.ts:7:15:7:35 | JSON.st ... (notes) | Data Exfiltration Warning: The plugin is reading notes, folders, or resources and sending that data to an external network endpoint. Check if the plugin is a legitimate sync/export tool. If not, this is a massive privacy breach. Verify exactly what data is being sent in the payload. |
| mock-rule-08-data-exfiltration.ts:11:11:11:68 | 'https: ... .length | mock-rule-08-data-exfiltration.ts:10:27:10:54 | joplin. ... ders']) | mock-rule-08-data-exfiltration.ts:11:11:11:68 | 'https: ... .length | Data Exfiltration Warning: The plugin is reading notes, folders, or resources and sending that data to an external network endpoint. Check if the plugin is a legitimate sync/export tool. If not, this is a massive privacy breach. Verify exactly what data is being sent in the payload. |
| mock-rule-08-data-exfiltration.ts:16:15:16:38 | JSON.st ... source) | mock-rule-08-data-exfiltration.ts:13:28:13:62 | joplin. ... , '1']) | mock-rule-08-data-exfiltration.ts:16:15:16:38 | JSON.st ... source) | Data Exfiltration Warning: The plugin is reading notes, folders, or resources and sending that data to an external network endpoint. Check if the plugin is a legitimate sync/export tool. If not, this is a massive privacy breach. Verify exactly what data is being sent in the payload. |
| mock-rule-08-data-exfiltration.ts:20:11:20:60 | 'https: ... cted.id | mock-rule-08-data-exfiltration.ts:19:28:19:58 | joplin. ... dNote() | mock-rule-08-data-exfiltration.ts:20:11:20:60 | 'https: ... cted.id | Data Exfiltration Warning: The plugin is reading notes, folders, or resources and sending that data to an external network endpoint. Check if the plugin is a legitimate sync/export tool. If not, this is a massive privacy breach. Verify exactly what data is being sent in the payload. |
