| mock-rule-18-mass-data-destruction.ts:10:11:10:48 | joplin. ... '123']) | Mass Data Destruction: The plugin is either deleting an entire folder (which cascades to all its notes) or looping to delete/soft-delete many items at once. \\n**Reviewer Action:** This can permanently destroy the user's database. Verify this is a legitimate bulk-management feature explicitly initiated by the user. If a loop is used, ensure it is bounded by finite, safe limits and not attacker-controlled. |
