| mock-rule-18-mass-data-destruction.ts:4:5:4:37 | joplin. ... ', id]) | Mass Data Destruction: The plugin is looping unboundedly to delete many items at once. This can permanently destroy the user's database. Verify this is a legitimate bulk-management feature explicitly initiated by the user. If a loop is used, ensure it is bounded by finite, safe limits and not attacker-controlled. |
| mock-rule-18-mass-data-destruction.ts:8:5:8:37 | joplin. ... ', id]) | Mass Data Destruction: The plugin is looping unboundedly to delete many items at once. This can permanently destroy the user's database. Verify this is a legitimate bulk-management feature explicitly initiated by the user. If a loop is used, ensure it is bounded by finite, safe limits and not attacker-controlled. |
| mock-rule-18-mass-data-destruction.ts:12:5:12:70 | joplin. ... ow() }) | Mass Data Destruction: The plugin is looping to soft-delete, wipe bodies, or flag conflicts on many items at once. This can effectively destroy the user's database. Verify this is a legitimate bulk-management feature explicitly initiated by the user. If a loop is used, ensure it is bounded by finite, safe limits and not attacker-controlled. |
| mock-rule-18-mass-data-destruction.ts:29:5:29:53 | joplin. ... rted']) | Mass Data Destruction: The plugin is deleting an entire folder (which cascades to all its notes). This can permanently destroy the user's database. Verify this is a legitimate bulk-management feature explicitly initiated by the user. |
| mock-rule-18-mass-data-destruction.ts:33:5:33:46 | joplin. ... hive']) | Mass Data Destruction: The plugin is deleting an entire folder (which cascades to all its notes). This can permanently destroy the user's database. Verify this is a legitimate bulk-management feature explicitly initiated by the user. |
| mock-rule-18-mass-data-destruction.ts:40:9:40:63 | joplin. ... : '' }) | Mass Data Destruction: The plugin is looping to soft-delete, wipe bodies, or flag conflicts on many items at once. This can effectively destroy the user's database. Verify this is a legitimate bulk-management feature explicitly initiated by the user. If a loop is used, ensure it is bounded by finite, safe limits and not attacker-controlled. |
| mock-rule-18-mass-data-destruction.ts:44:9:44:67 | joplin. ... true }) | Mass Data Destruction: The plugin is looping to soft-delete, wipe bodies, or flag conflicts on many items at once. This can effectively destroy the user's database. Verify this is a legitimate bulk-management feature explicitly initiated by the user. If a loop is used, ensure it is bounded by finite, safe limits and not attacker-controlled. |
| mock-rule-18-mass-data-destruction.ts:48:9:48:65 | joplin. ... e: 1 }) | Mass Data Destruction: The plugin is looping to soft-delete, wipe bodies, or flag conflicts on many items at once. This can effectively destroy the user's database. Verify this is a legitimate bulk-management feature explicitly initiated by the user. If a loop is used, ensure it is bounded by finite, safe limits and not attacker-controlled. |
