edges
| mock-rule-11-remote-webview-scripts-taint-structural.ts:10:11:10:15 | token | mock-rule-11-remote-webview-scripts-taint-structural.ts:13:50:13:54 | token | provenance |  |
| mock-rule-11-remote-webview-scripts-taint-structural.ts:10:19:10:64 | await j ... token') | mock-rule-11-remote-webview-scripts-taint-structural.ts:10:11:10:15 | token | provenance |  |
| mock-rule-11-remote-webview-scripts-taint-structural.ts:10:25:10:64 | joplin. ... token') | mock-rule-11-remote-webview-scripts-taint-structural.ts:10:19:10:64 | await j ... token') | provenance |  |
nodes
| mock-rule-11-remote-webview-scripts-taint-structural.ts:10:11:10:15 | token | semmle.label | token |
| mock-rule-11-remote-webview-scripts-taint-structural.ts:10:19:10:64 | await j ... token') | semmle.label | await j ... token') |
| mock-rule-11-remote-webview-scripts-taint-structural.ts:10:25:10:64 | joplin. ... token') | semmle.label | joplin. ... token') |
| mock-rule-11-remote-webview-scripts-taint-structural.ts:13:50:13:54 | token | semmle.label | token |
subpaths
#select
| mock-rule-11-remote-webview-scripts-taint-structural.ts:13:50:13:54 | token | mock-rule-11-remote-webview-scripts-taint-structural.ts:10:25:10:64 | joplin. ... token') | mock-rule-11-remote-webview-scripts-taint-structural.ts:13:50:13:54 | token | URL Smuggling: Sensitive Joplin data is being dynamically injected into an external URL attribute (like `<img src="https://..."`) in a Webview. \\n**Reviewer Action:** This can be used to silently exfiltrate sensitive data such as user notes or tokens to an attacker's server without requiring a direct network fetch. |
