WARNING: reference to 'JoplinSinks' references a local library, not the named module (11-remote-webview-scripts.ql:11,8-19)
WARNING: unused predicate 'hasExternalWebviewSrc' (11-remote-webview-scripts.ql:19,11-32)
edges
| mock-rule-11-remote-webview-scripts-taint-structural.ts:15:11:15:12 | s1 | mock-rule-11-remote-webview-scripts-taint-structural.ts:16:26:16:27 | s1 | provenance |  |
| mock-rule-11-remote-webview-scripts-taint-structural.ts:15:16:15:52 | await f ... om/ui') | mock-rule-11-remote-webview-scripts-taint-structural.ts:15:11:15:12 | s1 | provenance |  |
| mock-rule-11-remote-webview-scripts-taint-structural.ts:15:22:15:52 | fetch(' ... om/ui') | mock-rule-11-remote-webview-scripts-taint-structural.ts:15:16:15:52 | await f ... om/ui') | provenance |  |
| mock-rule-11-remote-webview-scripts-taint-structural.ts:16:11:16:16 | s1Text | mock-rule-11-remote-webview-scripts-taint-structural.ts:17:46:17:51 | s1Text | provenance |  |
| mock-rule-11-remote-webview-scripts-taint-structural.ts:16:11:16:16 | s1Text | mock-rule-11-remote-webview-scripts-taint-structural.ts:18:48:18:53 | s1Text | provenance |  |
| mock-rule-11-remote-webview-scripts-taint-structural.ts:16:20:16:34 | await s1.text() | mock-rule-11-remote-webview-scripts-taint-structural.ts:16:11:16:16 | s1Text | provenance |  |
| mock-rule-11-remote-webview-scripts-taint-structural.ts:16:26:16:27 | s1 | mock-rule-11-remote-webview-scripts-taint-structural.ts:16:26:16:34 | s1.text() | provenance |  |
| mock-rule-11-remote-webview-scripts-taint-structural.ts:16:26:16:34 | s1.text() | mock-rule-11-remote-webview-scripts-taint-structural.ts:16:20:16:34 | await s1.text() | provenance |  |
| mock-rule-11-remote-webview-scripts-taint-structural.ts:20:11:20:12 | s2 | mock-rule-11-remote-webview-scripts-taint-structural.ts:21:20:21:21 | s2 | provenance |  |
| mock-rule-11-remote-webview-scripts-taint-structural.ts:20:16:20:57 | await a ... m/ui2') | mock-rule-11-remote-webview-scripts-taint-structural.ts:20:11:20:12 | s2 | provenance |  |
| mock-rule-11-remote-webview-scripts-taint-structural.ts:20:22:20:57 | axios.g ... m/ui2') | mock-rule-11-remote-webview-scripts-taint-structural.ts:20:16:20:57 | await a ... m/ui2') | provenance |  |
| mock-rule-11-remote-webview-scripts-taint-structural.ts:21:11:21:16 | s2Data | mock-rule-11-remote-webview-scripts-taint-structural.ts:22:46:22:51 | s2Data | provenance |  |
| mock-rule-11-remote-webview-scripts-taint-structural.ts:21:11:21:16 | s2Data | mock-rule-11-remote-webview-scripts-taint-structural.ts:23:48:23:53 | s2Data | provenance |  |
| mock-rule-11-remote-webview-scripts-taint-structural.ts:21:20:21:21 | s2 | mock-rule-11-remote-webview-scripts-taint-structural.ts:21:11:21:16 | s2Data | provenance |  |
| mock-rule-11-remote-webview-scripts-taint-structural.ts:25:11:25:12 | s3 | mock-rule-11-remote-webview-scripts-taint-structural.ts:26:46:26:47 | s3 | provenance |  |
| mock-rule-11-remote-webview-scripts-taint-structural.ts:25:11:25:12 | s3 | mock-rule-11-remote-webview-scripts-taint-structural.ts:27:48:27:49 | s3 | provenance |  |
| mock-rule-11-remote-webview-scripts-taint-structural.ts:25:16:25:26 | process.env | mock-rule-11-remote-webview-scripts-taint-structural.ts:25:11:25:12 | s3 | provenance |  |
| mock-rule-11-remote-webview-scripts-taint-structural.ts:29:11:29:12 | s4 | mock-rule-11-remote-webview-scripts-taint-structural.ts:30:46:30:47 | s4 | provenance |  |
| mock-rule-11-remote-webview-scripts-taint-structural.ts:29:11:29:12 | s4 | mock-rule-11-remote-webview-scripts-taint-structural.ts:31:48:31:49 | s4 | provenance |  |
| mock-rule-11-remote-webview-scripts-taint-structural.ts:29:16:29:66 | await j ... tting') | mock-rule-11-remote-webview-scripts-taint-structural.ts:29:11:29:12 | s4 | provenance |  |
| mock-rule-11-remote-webview-scripts-taint-structural.ts:29:22:29:66 | joplin. ... tting') | mock-rule-11-remote-webview-scripts-taint-structural.ts:29:16:29:66 | await j ... tting') | provenance |  |
| mock-rule-11-remote-webview-scripts-taint-structural.ts:33:11:33:12 | s5 | mock-rule-11-remote-webview-scripts-taint-structural.ts:34:46:34:47 | s5 | provenance |  |
| mock-rule-11-remote-webview-scripts-taint-structural.ts:33:11:33:12 | s5 | mock-rule-11-remote-webview-scripts-taint-structural.ts:35:48:35:49 | s5 | provenance |  |
| mock-rule-11-remote-webview-scripts-taint-structural.ts:33:16:33:63 | await j ... tting') | mock-rule-11-remote-webview-scripts-taint-structural.ts:33:11:33:12 | s5 | provenance |  |
| mock-rule-11-remote-webview-scripts-taint-structural.ts:33:22:33:63 | joplin. ... tting') | mock-rule-11-remote-webview-scripts-taint-structural.ts:33:16:33:63 | await j ... tting') | provenance |  |
| mock-rule-11-remote-webview-scripts-taint-structural.ts:37:11:37:12 | s6 | mock-rule-11-remote-webview-scripts-taint-structural.ts:38:44:38:45 | s6 | provenance |  |
| mock-rule-11-remote-webview-scripts-taint-structural.ts:37:16:37:52 | await j ... , '1']) | mock-rule-11-remote-webview-scripts-taint-structural.ts:37:11:37:12 | s6 | provenance |  |
| mock-rule-11-remote-webview-scripts-taint-structural.ts:37:22:37:52 | joplin. ... , '1']) | mock-rule-11-remote-webview-scripts-taint-structural.ts:37:16:37:52 | await j ... , '1']) | provenance |  |
| mock-rule-11-remote-webview-scripts-taint-structural.ts:38:11:38:15 | s6Val | mock-rule-11-remote-webview-scripts-taint-structural.ts:39:46:39:50 | s6Val | provenance |  |
| mock-rule-11-remote-webview-scripts-taint-structural.ts:38:11:38:15 | s6Val | mock-rule-11-remote-webview-scripts-taint-structural.ts:40:48:40:52 | s6Val | provenance |  |
| mock-rule-11-remote-webview-scripts-taint-structural.ts:38:44:38:45 | s6 | mock-rule-11-remote-webview-scripts-taint-structural.ts:38:11:38:15 | s6Val | provenance |  |
| mock-rule-11-remote-webview-scripts-taint-structural.ts:42:11:42:12 | s7 | mock-rule-11-remote-webview-scripts-taint-structural.ts:43:56:43:57 | s7 | provenance |  |
| mock-rule-11-remote-webview-scripts-taint-structural.ts:42:16:42:61 | await j ... token') | mock-rule-11-remote-webview-scripts-taint-structural.ts:42:11:42:12 | s7 | provenance |  |
| mock-rule-11-remote-webview-scripts-taint-structural.ts:42:22:42:61 | joplin. ... token') | mock-rule-11-remote-webview-scripts-taint-structural.ts:42:16:42:61 | await j ... token') | provenance |  |
| mock-rule-11-remote-webview-scripts-taint-structural.ts:43:11:43:15 | s7Val | mock-rule-11-remote-webview-scripts-taint-structural.ts:44:46:44:50 | s7Val | provenance |  |
| mock-rule-11-remote-webview-scripts-taint-structural.ts:43:11:43:15 | s7Val | mock-rule-11-remote-webview-scripts-taint-structural.ts:45:48:45:52 | s7Val | provenance |  |
| mock-rule-11-remote-webview-scripts-taint-structural.ts:43:56:43:57 | s7 | mock-rule-11-remote-webview-scripts-taint-structural.ts:43:11:43:15 | s7Val | provenance |  |
| mock-rule-11-remote-webview-scripts-taint-structural.ts:47:11:47:12 | s8 | mock-rule-11-remote-webview-scripts-taint-structural.ts:48:46:48:47 | s8 | provenance |  |
| mock-rule-11-remote-webview-scripts-taint-structural.ts:47:11:47:12 | s8 | mock-rule-11-remote-webview-scripts-taint-structural.ts:49:48:49:49 | s8 | provenance |  |
| mock-rule-11-remote-webview-scripts-taint-structural.ts:47:16:47:67 | '<ifram ... frame>' | mock-rule-11-remote-webview-scripts-taint-structural.ts:47:11:47:12 | s8 | provenance |  |
| mock-rule-11-remote-webview-scripts-taint-structural.ts:51:11:51:12 | s9 | mock-rule-11-remote-webview-scripts-taint-structural.ts:52:46:52:47 | s9 | provenance |  |
| mock-rule-11-remote-webview-scripts-taint-structural.ts:51:11:51:12 | s9 | mock-rule-11-remote-webview-scripts-taint-structural.ts:53:48:53:49 | s9 | provenance |  |
| mock-rule-11-remote-webview-scripts-taint-structural.ts:51:16:51:71 | '<scrip ... cript>' | mock-rule-11-remote-webview-scripts-taint-structural.ts:51:11:51:12 | s9 | provenance |  |
| mock-rule-11-remote-webview-scripts-taint-structural.ts:55:11:55:13 | s10 | mock-rule-11-remote-webview-scripts-taint-structural.ts:56:46:56:48 | s10 | provenance |  |
| mock-rule-11-remote-webview-scripts-taint-structural.ts:55:11:55:13 | s10 | mock-rule-11-remote-webview-scripts-taint-structural.ts:57:48:57:50 | s10 | provenance |  |
| mock-rule-11-remote-webview-scripts-taint-structural.ts:55:17:55:60 | '<img s ... .gif">' | mock-rule-11-remote-webview-scripts-taint-structural.ts:55:11:55:13 | s10 | provenance |  |
nodes
| mock-rule-11-remote-webview-scripts-taint-structural.ts:15:11:15:12 | s1 | semmle.label | s1 |
| mock-rule-11-remote-webview-scripts-taint-structural.ts:15:16:15:52 | await f ... om/ui') | semmle.label | await f ... om/ui') |
| mock-rule-11-remote-webview-scripts-taint-structural.ts:15:22:15:52 | fetch(' ... om/ui') | semmle.label | fetch(' ... om/ui') |
| mock-rule-11-remote-webview-scripts-taint-structural.ts:16:11:16:16 | s1Text | semmle.label | s1Text |
| mock-rule-11-remote-webview-scripts-taint-structural.ts:16:20:16:34 | await s1.text() | semmle.label | await s1.text() |
| mock-rule-11-remote-webview-scripts-taint-structural.ts:16:26:16:27 | s1 | semmle.label | s1 |
| mock-rule-11-remote-webview-scripts-taint-structural.ts:16:26:16:34 | s1.text() | semmle.label | s1.text() |
| mock-rule-11-remote-webview-scripts-taint-structural.ts:17:46:17:51 | s1Text | semmle.label | s1Text |
| mock-rule-11-remote-webview-scripts-taint-structural.ts:18:48:18:53 | s1Text | semmle.label | s1Text |
| mock-rule-11-remote-webview-scripts-taint-structural.ts:20:11:20:12 | s2 | semmle.label | s2 |
| mock-rule-11-remote-webview-scripts-taint-structural.ts:20:16:20:57 | await a ... m/ui2') | semmle.label | await a ... m/ui2') |
| mock-rule-11-remote-webview-scripts-taint-structural.ts:20:22:20:57 | axios.g ... m/ui2') | semmle.label | axios.g ... m/ui2') |
| mock-rule-11-remote-webview-scripts-taint-structural.ts:21:11:21:16 | s2Data | semmle.label | s2Data |
| mock-rule-11-remote-webview-scripts-taint-structural.ts:21:20:21:21 | s2 | semmle.label | s2 |
| mock-rule-11-remote-webview-scripts-taint-structural.ts:22:46:22:51 | s2Data | semmle.label | s2Data |
| mock-rule-11-remote-webview-scripts-taint-structural.ts:23:48:23:53 | s2Data | semmle.label | s2Data |
| mock-rule-11-remote-webview-scripts-taint-structural.ts:25:11:25:12 | s3 | semmle.label | s3 |
| mock-rule-11-remote-webview-scripts-taint-structural.ts:25:16:25:26 | process.env | semmle.label | process.env |
| mock-rule-11-remote-webview-scripts-taint-structural.ts:26:46:26:47 | s3 | semmle.label | s3 |
| mock-rule-11-remote-webview-scripts-taint-structural.ts:27:48:27:49 | s3 | semmle.label | s3 |
| mock-rule-11-remote-webview-scripts-taint-structural.ts:29:11:29:12 | s4 | semmle.label | s4 |
| mock-rule-11-remote-webview-scripts-taint-structural.ts:29:16:29:66 | await j ... tting') | semmle.label | await j ... tting') |
| mock-rule-11-remote-webview-scripts-taint-structural.ts:29:22:29:66 | joplin. ... tting') | semmle.label | joplin. ... tting') |
| mock-rule-11-remote-webview-scripts-taint-structural.ts:30:46:30:47 | s4 | semmle.label | s4 |
| mock-rule-11-remote-webview-scripts-taint-structural.ts:31:48:31:49 | s4 | semmle.label | s4 |
| mock-rule-11-remote-webview-scripts-taint-structural.ts:33:11:33:12 | s5 | semmle.label | s5 |
| mock-rule-11-remote-webview-scripts-taint-structural.ts:33:16:33:63 | await j ... tting') | semmle.label | await j ... tting') |
| mock-rule-11-remote-webview-scripts-taint-structural.ts:33:22:33:63 | joplin. ... tting') | semmle.label | joplin. ... tting') |
| mock-rule-11-remote-webview-scripts-taint-structural.ts:34:46:34:47 | s5 | semmle.label | s5 |
| mock-rule-11-remote-webview-scripts-taint-structural.ts:35:48:35:49 | s5 | semmle.label | s5 |
| mock-rule-11-remote-webview-scripts-taint-structural.ts:37:11:37:12 | s6 | semmle.label | s6 |
| mock-rule-11-remote-webview-scripts-taint-structural.ts:37:16:37:52 | await j ... , '1']) | semmle.label | await j ... , '1']) |
| mock-rule-11-remote-webview-scripts-taint-structural.ts:37:22:37:52 | joplin. ... , '1']) | semmle.label | joplin. ... , '1']) |
| mock-rule-11-remote-webview-scripts-taint-structural.ts:38:11:38:15 | s6Val | semmle.label | s6Val |
| mock-rule-11-remote-webview-scripts-taint-structural.ts:38:44:38:45 | s6 | semmle.label | s6 |
| mock-rule-11-remote-webview-scripts-taint-structural.ts:39:46:39:50 | s6Val | semmle.label | s6Val |
| mock-rule-11-remote-webview-scripts-taint-structural.ts:40:48:40:52 | s6Val | semmle.label | s6Val |
| mock-rule-11-remote-webview-scripts-taint-structural.ts:42:11:42:12 | s7 | semmle.label | s7 |
| mock-rule-11-remote-webview-scripts-taint-structural.ts:42:16:42:61 | await j ... token') | semmle.label | await j ... token') |
| mock-rule-11-remote-webview-scripts-taint-structural.ts:42:22:42:61 | joplin. ... token') | semmle.label | joplin. ... token') |
| mock-rule-11-remote-webview-scripts-taint-structural.ts:43:11:43:15 | s7Val | semmle.label | s7Val |
| mock-rule-11-remote-webview-scripts-taint-structural.ts:43:56:43:57 | s7 | semmle.label | s7 |
| mock-rule-11-remote-webview-scripts-taint-structural.ts:44:46:44:50 | s7Val | semmle.label | s7Val |
| mock-rule-11-remote-webview-scripts-taint-structural.ts:45:48:45:52 | s7Val | semmle.label | s7Val |
| mock-rule-11-remote-webview-scripts-taint-structural.ts:47:11:47:12 | s8 | semmle.label | s8 |
| mock-rule-11-remote-webview-scripts-taint-structural.ts:47:16:47:67 | '<ifram ... frame>' | semmle.label | '<ifram ... frame>' |
| mock-rule-11-remote-webview-scripts-taint-structural.ts:48:46:48:47 | s8 | semmle.label | s8 |
| mock-rule-11-remote-webview-scripts-taint-structural.ts:49:48:49:49 | s8 | semmle.label | s8 |
| mock-rule-11-remote-webview-scripts-taint-structural.ts:51:11:51:12 | s9 | semmle.label | s9 |
| mock-rule-11-remote-webview-scripts-taint-structural.ts:51:16:51:71 | '<scrip ... cript>' | semmle.label | '<scrip ... cript>' |
| mock-rule-11-remote-webview-scripts-taint-structural.ts:52:46:52:47 | s9 | semmle.label | s9 |
| mock-rule-11-remote-webview-scripts-taint-structural.ts:53:48:53:49 | s9 | semmle.label | s9 |
| mock-rule-11-remote-webview-scripts-taint-structural.ts:55:11:55:13 | s10 | semmle.label | s10 |
| mock-rule-11-remote-webview-scripts-taint-structural.ts:55:17:55:60 | '<img s ... .gif">' | semmle.label | '<img s ... .gif">' |
| mock-rule-11-remote-webview-scripts-taint-structural.ts:56:46:56:48 | s10 | semmle.label | s10 |
| mock-rule-11-remote-webview-scripts-taint-structural.ts:57:48:57:50 | s10 | semmle.label | s10 |
subpaths
#select
| mock-rule-11-remote-webview-scripts-taint-structural.ts:17:46:17:51 | s1Text | mock-rule-11-remote-webview-scripts-taint-structural.ts:15:22:15:52 | fetch(' ... om/ui') | mock-rule-11-remote-webview-scripts-taint-structural.ts:17:46:17:51 | s1Text | Remote Webview Injection: The plugin is dynamically loading an external, remote URL into a Webview (via iframe or script tags) or registering a remote Content Script. \\n**Reviewer Action:** Confirm the URL points to a trusted, known-good domain (like a CDN or official docs). Loading unverified remote scripts allows an attacker to bypass plugin updates and dynamically execute malicious UI code. |
| mock-rule-11-remote-webview-scripts-taint-structural.ts:18:48:18:53 | s1Text | mock-rule-11-remote-webview-scripts-taint-structural.ts:15:22:15:52 | fetch(' ... om/ui') | mock-rule-11-remote-webview-scripts-taint-structural.ts:18:48:18:53 | s1Text | Remote Webview Injection: The plugin is dynamically loading an external, remote URL into a Webview (via iframe or script tags) or registering a remote Content Script. \\n**Reviewer Action:** Confirm the URL points to a trusted, known-good domain (like a CDN or official docs). Loading unverified remote scripts allows an attacker to bypass plugin updates and dynamically execute malicious UI code. |
| mock-rule-11-remote-webview-scripts-taint-structural.ts:22:46:22:51 | s2Data | mock-rule-11-remote-webview-scripts-taint-structural.ts:20:22:20:57 | axios.g ... m/ui2') | mock-rule-11-remote-webview-scripts-taint-structural.ts:22:46:22:51 | s2Data | Remote Webview Injection: The plugin is dynamically loading an external, remote URL into a Webview (via iframe or script tags) or registering a remote Content Script. \\n**Reviewer Action:** Confirm the URL points to a trusted, known-good domain (like a CDN or official docs). Loading unverified remote scripts allows an attacker to bypass plugin updates and dynamically execute malicious UI code. |
| mock-rule-11-remote-webview-scripts-taint-structural.ts:23:48:23:53 | s2Data | mock-rule-11-remote-webview-scripts-taint-structural.ts:20:22:20:57 | axios.g ... m/ui2') | mock-rule-11-remote-webview-scripts-taint-structural.ts:23:48:23:53 | s2Data | Remote Webview Injection: The plugin is dynamically loading an external, remote URL into a Webview (via iframe or script tags) or registering a remote Content Script. \\n**Reviewer Action:** Confirm the URL points to a trusted, known-good domain (like a CDN or official docs). Loading unverified remote scripts allows an attacker to bypass plugin updates and dynamically execute malicious UI code. |
| mock-rule-11-remote-webview-scripts-taint-structural.ts:26:46:26:47 | s3 | mock-rule-11-remote-webview-scripts-taint-structural.ts:25:16:25:26 | process.env | mock-rule-11-remote-webview-scripts-taint-structural.ts:26:46:26:47 | s3 | Remote Webview Injection: The plugin is dynamically loading an external, remote URL into a Webview (via iframe or script tags) or registering a remote Content Script. \\n**Reviewer Action:** Confirm the URL points to a trusted, known-good domain (like a CDN or official docs). Loading unverified remote scripts allows an attacker to bypass plugin updates and dynamically execute malicious UI code. |
| mock-rule-11-remote-webview-scripts-taint-structural.ts:27:48:27:49 | s3 | mock-rule-11-remote-webview-scripts-taint-structural.ts:25:16:25:26 | process.env | mock-rule-11-remote-webview-scripts-taint-structural.ts:27:48:27:49 | s3 | Remote Webview Injection: The plugin is dynamically loading an external, remote URL into a Webview (via iframe or script tags) or registering a remote Content Script. \\n**Reviewer Action:** Confirm the URL points to a trusted, known-good domain (like a CDN or official docs). Loading unverified remote scripts allows an attacker to bypass plugin updates and dynamically execute malicious UI code. |
| mock-rule-11-remote-webview-scripts-taint-structural.ts:30:46:30:47 | s4 | mock-rule-11-remote-webview-scripts-taint-structural.ts:29:22:29:66 | joplin. ... tting') | mock-rule-11-remote-webview-scripts-taint-structural.ts:30:46:30:47 | s4 | Remote Webview Injection: The plugin is dynamically loading an external, remote URL into a Webview (via iframe or script tags) or registering a remote Content Script. \\n**Reviewer Action:** Confirm the URL points to a trusted, known-good domain (like a CDN or official docs). Loading unverified remote scripts allows an attacker to bypass plugin updates and dynamically execute malicious UI code. |
| mock-rule-11-remote-webview-scripts-taint-structural.ts:31:48:31:49 | s4 | mock-rule-11-remote-webview-scripts-taint-structural.ts:29:22:29:66 | joplin. ... tting') | mock-rule-11-remote-webview-scripts-taint-structural.ts:31:48:31:49 | s4 | Remote Webview Injection: The plugin is dynamically loading an external, remote URL into a Webview (via iframe or script tags) or registering a remote Content Script. \\n**Reviewer Action:** Confirm the URL points to a trusted, known-good domain (like a CDN or official docs). Loading unverified remote scripts allows an attacker to bypass plugin updates and dynamically execute malicious UI code. |
| mock-rule-11-remote-webview-scripts-taint-structural.ts:34:46:34:47 | s5 | mock-rule-11-remote-webview-scripts-taint-structural.ts:33:22:33:63 | joplin. ... tting') | mock-rule-11-remote-webview-scripts-taint-structural.ts:34:46:34:47 | s5 | Remote Webview Injection: The plugin is dynamically loading an external, remote URL into a Webview (via iframe or script tags) or registering a remote Content Script. \\n**Reviewer Action:** Confirm the URL points to a trusted, known-good domain (like a CDN or official docs). Loading unverified remote scripts allows an attacker to bypass plugin updates and dynamically execute malicious UI code. |
| mock-rule-11-remote-webview-scripts-taint-structural.ts:35:48:35:49 | s5 | mock-rule-11-remote-webview-scripts-taint-structural.ts:33:22:33:63 | joplin. ... tting') | mock-rule-11-remote-webview-scripts-taint-structural.ts:35:48:35:49 | s5 | Remote Webview Injection: The plugin is dynamically loading an external, remote URL into a Webview (via iframe or script tags) or registering a remote Content Script. \\n**Reviewer Action:** Confirm the URL points to a trusted, known-good domain (like a CDN or official docs). Loading unverified remote scripts allows an attacker to bypass plugin updates and dynamically execute malicious UI code. |
| mock-rule-11-remote-webview-scripts-taint-structural.ts:44:46:44:50 | s7Val | mock-rule-11-remote-webview-scripts-taint-structural.ts:42:22:42:61 | joplin. ... token') | mock-rule-11-remote-webview-scripts-taint-structural.ts:44:46:44:50 | s7Val | Remote Webview Injection: The plugin is dynamically loading an external, remote URL into a Webview (via iframe or script tags) or registering a remote Content Script. \\n**Reviewer Action:** Confirm the URL points to a trusted, known-good domain (like a CDN or official docs). Loading unverified remote scripts allows an attacker to bypass plugin updates and dynamically execute malicious UI code. |
| mock-rule-11-remote-webview-scripts-taint-structural.ts:45:48:45:52 | s7Val | mock-rule-11-remote-webview-scripts-taint-structural.ts:42:22:42:61 | joplin. ... token') | mock-rule-11-remote-webview-scripts-taint-structural.ts:45:48:45:52 | s7Val | Remote Webview Injection: The plugin is dynamically loading an external, remote URL into a Webview (via iframe or script tags) or registering a remote Content Script. \\n**Reviewer Action:** Confirm the URL points to a trusted, known-good domain (like a CDN or official docs). Loading unverified remote scripts allows an attacker to bypass plugin updates and dynamically execute malicious UI code. |
| mock-rule-11-remote-webview-scripts-taint-structural.ts:48:46:48:47 | s8 | mock-rule-11-remote-webview-scripts-taint-structural.ts:47:16:47:67 | '<ifram ... frame>' | mock-rule-11-remote-webview-scripts-taint-structural.ts:48:46:48:47 | s8 | Remote Webview Injection: The plugin is dynamically loading an external, remote URL into a Webview (via iframe or script tags) or registering a remote Content Script. \\n**Reviewer Action:** Confirm the URL points to a trusted, known-good domain (like a CDN or official docs). Loading unverified remote scripts allows an attacker to bypass plugin updates and dynamically execute malicious UI code. |
| mock-rule-11-remote-webview-scripts-taint-structural.ts:49:48:49:49 | s8 | mock-rule-11-remote-webview-scripts-taint-structural.ts:47:16:47:67 | '<ifram ... frame>' | mock-rule-11-remote-webview-scripts-taint-structural.ts:49:48:49:49 | s8 | Remote Webview Injection: The plugin is dynamically loading an external, remote URL into a Webview (via iframe or script tags) or registering a remote Content Script. \\n**Reviewer Action:** Confirm the URL points to a trusted, known-good domain (like a CDN or official docs). Loading unverified remote scripts allows an attacker to bypass plugin updates and dynamically execute malicious UI code. |
| mock-rule-11-remote-webview-scripts-taint-structural.ts:52:46:52:47 | s9 | mock-rule-11-remote-webview-scripts-taint-structural.ts:51:16:51:71 | '<scrip ... cript>' | mock-rule-11-remote-webview-scripts-taint-structural.ts:52:46:52:47 | s9 | Remote Webview Injection: The plugin is dynamically loading an external, remote URL into a Webview (via iframe or script tags) or registering a remote Content Script. \\n**Reviewer Action:** Confirm the URL points to a trusted, known-good domain (like a CDN or official docs). Loading unverified remote scripts allows an attacker to bypass plugin updates and dynamically execute malicious UI code. |
| mock-rule-11-remote-webview-scripts-taint-structural.ts:53:48:53:49 | s9 | mock-rule-11-remote-webview-scripts-taint-structural.ts:51:16:51:71 | '<scrip ... cript>' | mock-rule-11-remote-webview-scripts-taint-structural.ts:53:48:53:49 | s9 | Remote Webview Injection: The plugin is dynamically loading an external, remote URL into a Webview (via iframe or script tags) or registering a remote Content Script. \\n**Reviewer Action:** Confirm the URL points to a trusted, known-good domain (like a CDN or official docs). Loading unverified remote scripts allows an attacker to bypass plugin updates and dynamically execute malicious UI code. |
| mock-rule-11-remote-webview-scripts-taint-structural.ts:56:46:56:48 | s10 | mock-rule-11-remote-webview-scripts-taint-structural.ts:55:17:55:60 | '<img s ... .gif">' | mock-rule-11-remote-webview-scripts-taint-structural.ts:56:46:56:48 | s10 | Remote Webview Injection: The plugin is dynamically loading an external, remote URL into a Webview (via iframe or script tags) or registering a remote Content Script. \\n**Reviewer Action:** Confirm the URL points to a trusted, known-good domain (like a CDN or official docs). Loading unverified remote scripts allows an attacker to bypass plugin updates and dynamically execute malicious UI code. |
| mock-rule-11-remote-webview-scripts-taint-structural.ts:57:48:57:50 | s10 | mock-rule-11-remote-webview-scripts-taint-structural.ts:55:17:55:60 | '<img s ... .gif">' | mock-rule-11-remote-webview-scripts-taint-structural.ts:57:48:57:50 | s10 | Remote Webview Injection: The plugin is dynamically loading an external, remote URL into a Webview (via iframe or script tags) or registering a remote Content Script. \\n**Reviewer Action:** Confirm the URL points to a trusted, known-good domain (like a CDN or official docs). Loading unverified remote scripts allows an attacker to bypass plugin updates and dynamically execute malicious UI code. |
