| mock-rule-16-electron-main-process-takeover.ts:12:5:12:31 | require ... emote') | Critical Violation (Main Process Takeover): The plugin is attempting to import or require `@electron/remote` or `electron.remote`. \\n**Reviewer Action:** This completely bypasses the plugin sandbox and grants full control over the Joplin application window and the OS. This must be strictly prohibited and removed before publishing. |
| mock-rule-16-electron-main-process-takeover.ts:13:5:13:30 | require ... .remote | Critical Violation (Main Process Takeover): The plugin is attempting to import or require `@electron/remote` or `electron.remote`. \\n**Reviewer Action:** This completely bypasses the plugin sandbox and grants full control over the Joplin application window and the OS. This must be strictly prohibited and removed before publishing. |
