| mock-rule-17b-unsafe-archive-extraction-destination.ts:7:50:7:70 | '/etc/e ... output' | Unsafe Extraction Destination: The archive destination is outside `joplin.plugins.dataDir()`, escapes it through parent traversal, or is controlled by an untrusted source. Use `dataDir()` with fixed child path segments and reject destinations that can escape that directory. |
| mock-rule-17b-unsafe-archive-extraction-destination.ts:8:50:8:73 | __dirna ... rwrite' | Unsafe Extraction Destination: The archive destination is outside `joplin.plugins.dataDir()`, escapes it through parent traversal, or is controlled by an untrusted source. Use `dataDir()` with fixed child path segments and reject destinations that can escape that directory. |
| mock-rule-17b-unsafe-archive-extraction-destination.ts:9:50:9:62 | process.cwd() | Unsafe Extraction Destination: The archive destination is outside `joplin.plugins.dataDir()`, escapes it through parent traversal, or is controlled by an untrusted source. Use `dataDir()` with fixed child path segments and reject destinations that can escape that directory. |
| mock-rule-17b-unsafe-archive-extraction-destination.ts:10:50:10:82 | process ...  string | Unsafe Extraction Destination: The archive destination is outside `joplin.plugins.dataDir()`, escapes it through parent traversal, or is controlled by an untrusted source. Use `dataDir()` with fixed child path segments and reject destinations that can escape that directory. |
| mock-rule-17b-unsafe-archive-extraction-destination.ts:11:50:11:64 | process.argv[2] | Unsafe Extraction Destination: The archive destination is outside `joplin.plugins.dataDir()`, escapes it through parent traversal, or is controlled by an untrusted source. Use `dataDir()` with fixed child path segments and reject destinations that can escape that directory. |
| mock-rule-17b-unsafe-archive-extraction-destination.ts:12:50:12:59 | __filename | Unsafe Extraction Destination: The archive destination is outside `joplin.plugins.dataDir()`, escapes it through parent traversal, or is controlled by an untrusted source. Use `dataDir()` with fixed child path segments and reject destinations that can escape that directory. |
| mock-rule-17b-unsafe-archive-extraction-destination.ts:13:50:13:61 | os.homedir() | Unsafe Extraction Destination: The archive destination is outside `joplin.plugins.dataDir()`, escapes it through parent traversal, or is controlled by an untrusted source. Use `dataDir()` with fixed child path segments and reject destinations that can escape that directory. |
| mock-rule-17b-unsafe-archive-extraction-destination.ts:14:50:14:60 | os.tmpdir() | Unsafe Extraction Destination: The archive destination is outside `joplin.plugins.dataDir()`, escapes it through parent traversal, or is controlled by an untrusted source. Use `dataDir()` with fixed child path segments and reject destinations that can escape that directory. |
| mock-rule-17b-unsafe-archive-extraction-destination.ts:15:50:15:81 | electro ... rData') | Unsafe Extraction Destination: The archive destination is outside `joplin.plugins.dataDir()`, escapes it through parent traversal, or is controlled by an untrusted source. Use `dataDir()` with fixed child path segments and reject destinations that can escape that directory. |
| mock-rule-17b-unsafe-archive-extraction-destination.ts:16:50:16:66 | 'relative-output' | Unsafe Extraction Destination: The archive destination is outside `joplin.plugins.dataDir()`, escapes it through parent traversal, or is controlled by an untrusted source. Use `dataDir()` with fixed child path segments and reject destinations that can escape that directory. |
| mock-rule-17b-unsafe-archive-extraction-destination.ts:17:50:17:68 | 'C:/Windows/output' | Unsafe Extraction Destination: The archive destination is outside `joplin.plugins.dataDir()`, escapes it through parent traversal, or is controlled by an untrusted source. Use `dataDir()` with fixed child path segments and reject destinations that can escape that directory. |
| mock-rule-17b-unsafe-archive-extraction-destination.ts:18:50:18:70 | 'C:\\\\Wi ... output' | Unsafe Extraction Destination: The archive destination is outside `joplin.plugins.dataDir()`, escapes it through parent traversal, or is controlled by an untrusted source. Use `dataDir()` with fixed child path segments and reject destinations that can escape that directory. |
| mock-rule-17b-unsafe-archive-extraction-destination.ts:19:50:19:76 | '\\\\\\\\se ... output' | Unsafe Extraction Destination: The archive destination is outside `joplin.plugins.dataDir()`, escapes it through parent traversal, or is controlled by an untrusted source. Use `dataDir()` with fixed child path segments and reject destinations that can escape that directory. |
| mock-rule-17b-unsafe-archive-extraction-destination.ts:22:50:22:59 | installDir | Unsafe Extraction Destination: The archive destination is outside `joplin.plugins.dataDir()`, escapes it through parent traversal, or is controlled by an untrusted source. Use `dataDir()` with fixed child path segments and reject destinations that can escape that directory. |
| mock-rule-17b-unsafe-archive-extraction-destination.ts:25:50:25:73 | configu ...  string | Unsafe Extraction Destination: The archive destination is outside `joplin.plugins.dataDir()`, escapes it through parent traversal, or is controlled by an untrusted source. Use `dataDir()` with fixed child path segments and reject destinations that can escape that directory. |
| mock-rule-17b-unsafe-archive-extraction-destination.ts:28:50:28:84 | path.jo ... tside') | Unsafe Extraction Destination: The archive destination is outside `joplin.plugins.dataDir()`, escapes it through parent traversal, or is controlled by an untrusted source. Use `dataDir()` with fixed child path segments and reject destinations that can escape that directory. |
| mock-rule-17b-unsafe-archive-extraction-destination.ts:29:50:29:70 | path.di ... ataDir) | Unsafe Extraction Destination: The archive destination is outside `joplin.plugins.dataDir()`, escapes it through parent traversal, or is controlled by an untrusted source. Use `dataDir()` with fixed child path segments and reject destinations that can escape that directory. |
| mock-rule-17b-unsafe-archive-extraction-destination.ts:32:54:32:72 | message.destination | Unsafe Extraction Destination: The archive destination is outside `joplin.plugins.dataDir()`, escapes it through parent traversal, or is controlled by an untrusted source. Use `dataDir()` with fixed child path segments and reject destinations that can escape that directory. |
